LSM303AGR_ACC.c:66:10:LSM303AGR_ACC_WriteReg	8	static
LSM303AGR_ACC.c:88:10:LSM303AGR_ACC_ReadReg	8	static
LSM303AGR_ACC.c:110:10:LSM303AGR_ACC_R_WHO_AM_I	8	static
LSM303AGR_ACC.c:128:11:LSM303AGR_ACC_W_BlockDataUpdate	24	static
LSM303AGR_ACC.c:151:10:LSM303AGR_ACC_R_BlockDataUpdate	8	static
LSM303AGR_ACC.c:168:11:LSM303AGR_ACC_W_FullScale	24	static
LSM303AGR_ACC.c:191:10:LSM303AGR_ACC_R_FullScale	8	static
LSM303AGR_ACC.c:208:10:LSM303AGR_ACC_Get_Raw_Acceleration	8	static
LSM303AGR_ACC.c:325:11:LSM303AGR_ACC_W_ODR	24	static
LSM303AGR_ACC.c:348:10:LSM303AGR_ACC_R_ODR	8	static
LSM303AGR_ACC.c:367:10:LSM303AGR_ACC_R_x_data_avail	8	static
LSM303AGR_ACC.c:384:10:LSM303AGR_ACC_R_y_data_avail	8	static
LSM303AGR_ACC.c:401:10:LSM303AGR_ACC_R_z_data_avail	8	static
LSM303AGR_ACC.c:418:10:LSM303AGR_ACC_R_xyz_data_avail	8	static
LSM303AGR_ACC.c:435:10:LSM303AGR_ACC_R_DataXOverrun	8	static
LSM303AGR_ACC.c:452:10:LSM303AGR_ACC_R_DataYOverrun	8	static
LSM303AGR_ACC.c:469:10:LSM303AGR_ACC_R_DataZOverrun	8	static
LSM303AGR_ACC.c:486:10:LSM303AGR_ACC_R_DataXYZOverrun	8	static
LSM303AGR_ACC.c:503:10:LSM303AGR_ACC_R_int_counter	8	static
LSM303AGR_ACC.c:521:11:LSM303AGR_ACC_W_TEMP_EN_bits	24	static
LSM303AGR_ACC.c:544:10:LSM303AGR_ACC_R_TEMP_EN_bits	8	static
LSM303AGR_ACC.c:561:11:LSM303AGR_ACC_W_ADC_PD	24	static
LSM303AGR_ACC.c:584:10:LSM303AGR_ACC_R_ADC_PD	8	static
LSM303AGR_ACC.c:601:11:LSM303AGR_ACC_W_XEN	24	static
LSM303AGR_ACC.c:624:10:LSM303AGR_ACC_R_XEN	8	static
LSM303AGR_ACC.c:641:11:LSM303AGR_ACC_W_YEN	24	static
LSM303AGR_ACC.c:664:10:LSM303AGR_ACC_R_YEN	8	static
LSM303AGR_ACC.c:681:11:LSM303AGR_ACC_W_ZEN	24	static
LSM303AGR_ACC.c:704:10:LSM303AGR_ACC_R_ZEN	8	static
LSM303AGR_ACC.c:721:11:LSM303AGR_ACC_W_LOWPWR_EN	24	static
LSM303AGR_ACC.c:744:10:LSM303AGR_ACC_R_LOWPWR_EN	8	static
LSM303AGR_ACC.c:761:11:LSM303AGR_ACC_W_hpf_aoi_en_int1	24	static
LSM303AGR_ACC.c:784:10:LSM303AGR_ACC_R_hpf_aoi_en_int1	8	static
LSM303AGR_ACC.c:801:11:LSM303AGR_ACC_W_hpf_aoi_en_int2	24	static
LSM303AGR_ACC.c:824:10:LSM303AGR_ACC_R_hpf_aoi_en_int2	8	static
LSM303AGR_ACC.c:841:11:LSM303AGR_ACC_W_hpf_click_en	24	static
LSM303AGR_ACC.c:864:10:LSM303AGR_ACC_R_hpf_click_en	8	static
LSM303AGR_ACC.c:881:11:LSM303AGR_ACC_W_Data_Filter	24	static
LSM303AGR_ACC.c:904:10:LSM303AGR_ACC_R_Data_Filter	8	static
LSM303AGR_ACC.c:921:11:LSM303AGR_ACC_W_hpf_cutoff_freq	24	static
LSM303AGR_ACC.c:944:10:LSM303AGR_ACC_R_hpf_cutoff_freq	8	static
LSM303AGR_ACC.c:961:11:LSM303AGR_ACC_W_hpf_mode	24	static
LSM303AGR_ACC.c:984:10:LSM303AGR_ACC_R_hpf_mode	8	static
LSM303AGR_ACC.c:1001:11:LSM303AGR_ACC_W_FIFO_Overrun_on_INT1	24	static
LSM303AGR_ACC.c:1024:10:LSM303AGR_ACC_R_FIFO_Overrun_on_INT1	8	static
LSM303AGR_ACC.c:1041:11:LSM303AGR_ACC_W_FIFO_Watermark_on_INT1	24	static
LSM303AGR_ACC.c:1064:10:LSM303AGR_ACC_R_FIFO_Watermark_on_INT1	8	static
LSM303AGR_ACC.c:1081:11:LSM303AGR_ACC_W_DRDY2_on_INT1	24	static
LSM303AGR_ACC.c:1104:10:LSM303AGR_ACC_R_DRDY2_on_INT1	8	static
LSM303AGR_ACC.c:1121:11:LSM303AGR_ACC_W_DRDY1_on_INT1	24	static
LSM303AGR_ACC.c:1144:10:LSM303AGR_ACC_R_DRDY1_on_INT1	8	static
LSM303AGR_ACC.c:1161:11:LSM303AGR_ACC_W_AOL2_on_INT1	24	static
LSM303AGR_ACC.c:1184:10:LSM303AGR_ACC_R_AOL2_on_INT1	8	static
LSM303AGR_ACC.c:1201:11:LSM303AGR_ACC_W_AOL1_on_INT1	24	static
LSM303AGR_ACC.c:1224:10:LSM303AGR_ACC_R_AOL1_on_INT1	8	static
LSM303AGR_ACC.c:1241:11:LSM303AGR_ACC_W_Click_on_INT1	24	static
LSM303AGR_ACC.c:1264:10:LSM303AGR_ACC_R_Click_on_INT1	8	static
LSM303AGR_ACC.c:1281:11:LSM303AGR_ACC_W_SPI_mode	24	static
LSM303AGR_ACC.c:1304:10:LSM303AGR_ACC_R_SPI_mode	8	static
LSM303AGR_ACC.c:1321:11:LSM303AGR_ACC_W_SelfTest	24	static
LSM303AGR_ACC.c:1344:10:LSM303AGR_ACC_R_SelfTest	8	static
LSM303AGR_ACC.c:1361:11:LSM303AGR_ACC_W_HiRes	24	static
LSM303AGR_ACC.c:1384:10:LSM303AGR_ACC_R_HiRes	8	static
LSM303AGR_ACC.c:253:10:LSM303AGR_ACC_Get_Acceleration	48	static
LSM303AGR_ACC.c:1401:11:LSM303AGR_ACC_W_LittleBigEndian	24	static
LSM303AGR_ACC.c:1424:10:LSM303AGR_ACC_R_LittleBigEndian	8	static
LSM303AGR_ACC.c:1441:11:LSM303AGR_ACC_W_4D_on_INT2	24	static
LSM303AGR_ACC.c:1464:10:LSM303AGR_ACC_R_4D_on_INT2	8	static
LSM303AGR_ACC.c:1481:11:LSM303AGR_ACC_W_LatchInterrupt_on_INT2	24	static
LSM303AGR_ACC.c:1504:10:LSM303AGR_ACC_R_LatchInterrupt_on_INT2	8	static
LSM303AGR_ACC.c:1521:11:LSM303AGR_ACC_W_4D_on_INT1	24	static
LSM303AGR_ACC.c:1544:10:LSM303AGR_ACC_R_4D_on_INT1	8	static
LSM303AGR_ACC.c:1561:11:LSM303AGR_ACC_W_LatchInterrupt_on_INT1	24	static
LSM303AGR_ACC.c:1584:10:LSM303AGR_ACC_R_LatchInterrupt_on_INT1	8	static
LSM303AGR_ACC.c:1601:11:LSM303AGR_ACC_W_FIFO_EN	24	static
LSM303AGR_ACC.c:1624:10:LSM303AGR_ACC_R_FIFO_EN	8	static
LSM303AGR_ACC.c:1641:11:LSM303AGR_ACC_W_RebootMemory	24	static
LSM303AGR_ACC.c:1664:10:LSM303AGR_ACC_R_RebootMemory	8	static
LSM303AGR_ACC.c:1681:11:LSM303AGR_ACC_W_IntActive	24	static
LSM303AGR_ACC.c:1704:10:LSM303AGR_ACC_R_IntActive	8	static
LSM303AGR_ACC.c:1721:11:LSM303AGR_ACC_W_P2_ACT	24	static
LSM303AGR_ACC.c:1744:10:LSM303AGR_ACC_R_P2_ACT	8	static
LSM303AGR_ACC.c:1761:11:LSM303AGR_ACC_W_Boot_on_INT2	24	static
LSM303AGR_ACC.c:1784:10:LSM303AGR_ACC_R_Boot_on_INT2	8	static
LSM303AGR_ACC.c:1801:11:LSM303AGR_ACC_W_I2_on_INT2	24	static
LSM303AGR_ACC.c:1824:10:LSM303AGR_ACC_R_I2_on_INT2	8	static
LSM303AGR_ACC.c:1841:11:LSM303AGR_ACC_W_I2_on_INT1	24	static
LSM303AGR_ACC.c:1864:10:LSM303AGR_ACC_R_I2_on_INT1	8	static
LSM303AGR_ACC.c:1881:11:LSM303AGR_ACC_W_Click_on_INT2	24	static
LSM303AGR_ACC.c:1904:10:LSM303AGR_ACC_R_Click_on_INT2	8	static
LSM303AGR_ACC.c:1921:11:LSM303AGR_ACC_W_ReferenceVal	24	static
LSM303AGR_ACC.c:1947:10:LSM303AGR_ACC_R_ReferenceVal	8	static
LSM303AGR_ACC.c:1965:10:LSM303AGR_ACC_R_XDataAvail	8	static
LSM303AGR_ACC.c:1982:10:LSM303AGR_ACC_R_YDataAvail	8	static
LSM303AGR_ACC.c:1999:10:LSM303AGR_ACC_R_ZDataAvail	8	static
LSM303AGR_ACC.c:2016:10:LSM303AGR_ACC_R_XYZDataAvail	8	static
LSM303AGR_ACC.c:2033:10:LSM303AGR_ACC_R_XDataOverrun	8	static
LSM303AGR_ACC.c:2050:10:LSM303AGR_ACC_R_YDataOverrun	8	static
LSM303AGR_ACC.c:2067:10:LSM303AGR_ACC_R_ZDataOverrun	8	static
LSM303AGR_ACC.c:2084:10:LSM303AGR_ACC_R_XYZDataOverrun	8	static
LSM303AGR_ACC.c:2101:11:LSM303AGR_ACC_W_FifoThreshold	24	static
LSM303AGR_ACC.c:2127:10:LSM303AGR_ACC_R_FifoThreshold	8	static
LSM303AGR_ACC.c:2145:11:LSM303AGR_ACC_W_TriggerSel	24	static
LSM303AGR_ACC.c:2168:10:LSM303AGR_ACC_R_TriggerSel	8	static
LSM303AGR_ACC.c:2185:11:LSM303AGR_ACC_W_FifoMode	24	static
LSM303AGR_ACC.c:2208:10:LSM303AGR_ACC_R_FifoMode	8	static
LSM303AGR_ACC.c:2225:10:LSM303AGR_ACC_R_FifoSamplesAvail	8	static
LSM303AGR_ACC.c:2243:10:LSM303AGR_ACC_R_FifoEmpty	8	static
LSM303AGR_ACC.c:2260:10:LSM303AGR_ACC_R_FifoOverrun	8	static
LSM303AGR_ACC.c:2277:10:LSM303AGR_ACC_R_WatermarkLevel	8	static
LSM303AGR_ACC.c:2294:11:LSM303AGR_ACC_W_Int1EnXLo	24	static
LSM303AGR_ACC.c:2317:10:LSM303AGR_ACC_R_Int1EnXLo	8	static
LSM303AGR_ACC.c:2334:11:LSM303AGR_ACC_W_Int1EnXHi	24	static
LSM303AGR_ACC.c:2357:10:LSM303AGR_ACC_R_Int1EnXHi	8	static
LSM303AGR_ACC.c:2374:11:LSM303AGR_ACC_W_Int1EnYLo	24	static
LSM303AGR_ACC.c:2397:10:LSM303AGR_ACC_R_Int1EnYLo	8	static
LSM303AGR_ACC.c:2414:11:LSM303AGR_ACC_W_Int1EnYHi	24	static
LSM303AGR_ACC.c:2437:10:LSM303AGR_ACC_R_Int1EnYHi	8	static
LSM303AGR_ACC.c:2454:11:LSM303AGR_ACC_W_Int1EnZLo	24	static
LSM303AGR_ACC.c:2477:10:LSM303AGR_ACC_R_Int1EnZLo	8	static
LSM303AGR_ACC.c:2494:11:LSM303AGR_ACC_W_Int1EnZHi	24	static
LSM303AGR_ACC.c:2517:10:LSM303AGR_ACC_R_Int1EnZHi	8	static
LSM303AGR_ACC.c:2534:11:LSM303AGR_ACC_W_Int1_6D	24	static
LSM303AGR_ACC.c:2557:10:LSM303AGR_ACC_R_Int1_6D	8	static
LSM303AGR_ACC.c:2574:11:LSM303AGR_ACC_W_Int1_AOI	24	static
LSM303AGR_ACC.c:2597:10:LSM303AGR_ACC_R_Int1_AOI	8	static
LSM303AGR_ACC.c:2614:11:LSM303AGR_ACC_W_Int2EnXLo	24	static
LSM303AGR_ACC.c:2637:10:LSM303AGR_ACC_R_Int2EnXLo	8	static
LSM303AGR_ACC.c:2654:11:LSM303AGR_ACC_W_Int2EnXHi	24	static
LSM303AGR_ACC.c:2677:10:LSM303AGR_ACC_R_Int2EnXHi	8	static
LSM303AGR_ACC.c:2694:11:LSM303AGR_ACC_W_Int2EnYLo	24	static
LSM303AGR_ACC.c:2717:10:LSM303AGR_ACC_R_Int2EnYLo	8	static
LSM303AGR_ACC.c:2734:11:LSM303AGR_ACC_W_Int2EnYHi	24	static
LSM303AGR_ACC.c:2757:10:LSM303AGR_ACC_R_Int2EnYHi	8	static
LSM303AGR_ACC.c:2774:11:LSM303AGR_ACC_W_Int2EnZLo	24	static
LSM303AGR_ACC.c:2797:10:LSM303AGR_ACC_R_Int2EnZLo	8	static
LSM303AGR_ACC.c:2814:11:LSM303AGR_ACC_W_Int2EnZHi	24	static
LSM303AGR_ACC.c:2837:10:LSM303AGR_ACC_R_Int2EnZHi	8	static
LSM303AGR_ACC.c:2854:11:LSM303AGR_ACC_W_Int2_6D	24	static
LSM303AGR_ACC.c:2877:10:LSM303AGR_ACC_R_Int2_6D	8	static
LSM303AGR_ACC.c:2894:11:LSM303AGR_ACC_W_Int2_AOI	24	static
LSM303AGR_ACC.c:2917:10:LSM303AGR_ACC_R_Int2_AOI	8	static
LSM303AGR_ACC.c:2934:10:LSM303AGR_ACC_R_Int1_Xlo	8	static
LSM303AGR_ACC.c:2951:10:LSM303AGR_ACC_R_Int1_XHi	8	static
LSM303AGR_ACC.c:2968:10:LSM303AGR_ACC_R_Int1_YLo	8	static
LSM303AGR_ACC.c:2985:10:LSM303AGR_ACC_R_Int1_YHi	8	static
LSM303AGR_ACC.c:3002:10:LSM303AGR_ACC_R_Int1_Zlo	8	static
LSM303AGR_ACC.c:3019:10:LSM303AGR_ACC_R_Int1_ZHi	8	static
LSM303AGR_ACC.c:3036:10:LSM303AGR_ACC_R_Int1_IA	8	static
LSM303AGR_ACC.c:3053:10:LSM303AGR_ACC_R_Int2_Xlo	8	static
LSM303AGR_ACC.c:3070:10:LSM303AGR_ACC_R_Int2_XHi	8	static
LSM303AGR_ACC.c:3087:10:LSM303AGR_ACC_R_Int2_YLo	8	static
LSM303AGR_ACC.c:3104:10:LSM303AGR_ACC_R_Int2_YHi	8	static
LSM303AGR_ACC.c:3121:10:LSM303AGR_ACC_R_Int2_Zlo	8	static
LSM303AGR_ACC.c:3138:10:LSM303AGR_ACC_R_Int2_ZHi	8	static
LSM303AGR_ACC.c:3155:10:LSM303AGR_ACC_R_Int2_IA	8	static
LSM303AGR_ACC.c:3172:11:LSM303AGR_ACC_W_Int1_Threshold	24	static
LSM303AGR_ACC.c:3198:10:LSM303AGR_ACC_R_Int1_Threshold	8	static
LSM303AGR_ACC.c:3216:11:LSM303AGR_ACC_W_Int2_Threshold	24	static
LSM303AGR_ACC.c:3242:10:LSM303AGR_ACC_R_Int2_Threshold	8	static
LSM303AGR_ACC.c:3260:11:LSM303AGR_ACC_W_Int1_Duration	24	static
LSM303AGR_ACC.c:3286:10:LSM303AGR_ACC_R_Int1_Duration	8	static
LSM303AGR_ACC.c:3304:11:LSM303AGR_ACC_W_Int2_Duration	24	static
LSM303AGR_ACC.c:3330:10:LSM303AGR_ACC_R_Int2_Duration	8	static
LSM303AGR_ACC.c:3348:11:LSM303AGR_ACC_W_XSingle	24	static
LSM303AGR_ACC.c:3371:10:LSM303AGR_ACC_R_XSingle	8	static
LSM303AGR_ACC.c:3388:11:LSM303AGR_ACC_W_XDouble	24	static
LSM303AGR_ACC.c:3411:10:LSM303AGR_ACC_R_XDouble	8	static
LSM303AGR_ACC.c:3428:11:LSM303AGR_ACC_W_YSingle	24	static
LSM303AGR_ACC.c:3451:10:LSM303AGR_ACC_R_YSingle	8	static
LSM303AGR_ACC.c:3468:11:LSM303AGR_ACC_W_YDouble	24	static
LSM303AGR_ACC.c:3491:10:LSM303AGR_ACC_R_YDouble	8	static
LSM303AGR_ACC.c:3508:11:LSM303AGR_ACC_W_ZSingle	24	static
LSM303AGR_ACC.c:3531:10:LSM303AGR_ACC_R_ZSingle	8	static
LSM303AGR_ACC.c:3548:11:LSM303AGR_ACC_W_ZDouble	24	static
LSM303AGR_ACC.c:3571:10:LSM303AGR_ACC_R_ZDouble	8	static
LSM303AGR_ACC.c:3588:10:LSM303AGR_ACC_R_ClickX	8	static
LSM303AGR_ACC.c:3605:10:LSM303AGR_ACC_R_ClickY	8	static
LSM303AGR_ACC.c:3622:10:LSM303AGR_ACC_R_ClickZ	8	static
LSM303AGR_ACC.c:3639:10:LSM303AGR_ACC_R_ClickSign	8	static
LSM303AGR_ACC.c:3656:10:LSM303AGR_ACC_R_SingleCLICK	8	static
LSM303AGR_ACC.c:3673:10:LSM303AGR_ACC_R_DoubleCLICK	8	static
LSM303AGR_ACC.c:3690:10:LSM303AGR_ACC_R_CLICK_IA	8	static
LSM303AGR_ACC.c:3707:11:LSM303AGR_ACC_W_ClickThreshold	24	static
LSM303AGR_ACC.c:3733:10:LSM303AGR_ACC_R_ClickThreshold	8	static
LSM303AGR_ACC.c:3751:11:LSM303AGR_ACC_W_ClickTimeLimit	24	static
LSM303AGR_ACC.c:3777:10:LSM303AGR_ACC_R_ClickTimeLimit	8	static
LSM303AGR_ACC.c:3795:11:LSM303AGR_ACC_W_ClickTimeLatency	24	static
LSM303AGR_ACC.c:3821:10:LSM303AGR_ACC_R_ClickTimeLatency	8	static
LSM303AGR_ACC.c:3839:11:LSM303AGR_ACC_W_ClickTimeWindow	24	static
LSM303AGR_ACC.c:3865:10:LSM303AGR_ACC_R_ClickTimeWindow	8	static
LSM303AGR_ACC.c:3883:10:LSM303AGR_ACC_Get_Voltage_ADC	16	static
