LSM303AGR_MAG.c:66:10:LSM303AGR_MAG_WriteReg	8	static
LSM303AGR_MAG.c:88:10:LSM303AGR_MAG_ReadReg	8	static
LSM303AGR_MAG.c:110:10:LSM303AGR_MAG_R_WHO_AM_I	8	static
LSM303AGR_MAG.c:128:11:LSM303AGR_MAG_W_BDU	24	static
LSM303AGR_MAG.c:151:10:LSM303AGR_MAG_R_BDU	8	static
LSM303AGR_MAG.c:168:11:LSM303AGR_MAG_W_MD	24	static
LSM303AGR_MAG.c:191:10:LSM303AGR_MAG_R_MD	8	static
LSM303AGR_MAG.c:208:10:LSM303AGR_MAG_Get_Raw_Magnetic	8	static
LSM303AGR_MAG.c:224:10:LSM303AGR_MAG_Get_Magnetic	16	static
LSM303AGR_MAG.c:246:11:LSM303AGR_MAG_W_ODR	24	static
LSM303AGR_MAG.c:269:10:LSM303AGR_MAG_R_ODR	8	static
LSM303AGR_MAG.c:288:11:LSM303AGR_MAG_W_OFF_X_L	24	static
LSM303AGR_MAG.c:314:10:LSM303AGR_MAG_R_OFF_X_L	8	static
LSM303AGR_MAG.c:332:11:LSM303AGR_MAG_W_OFF_X_H	24	static
LSM303AGR_MAG.c:358:10:LSM303AGR_MAG_R_OFF_X_H	8	static
LSM303AGR_MAG.c:376:11:LSM303AGR_MAG_W_OFF_Y_L	24	static
LSM303AGR_MAG.c:402:10:LSM303AGR_MAG_R_OFF_Y_L	8	static
LSM303AGR_MAG.c:420:11:LSM303AGR_MAG_W_OFF_Y_H	24	static
LSM303AGR_MAG.c:446:10:LSM303AGR_MAG_R_OFF_Y_H	8	static
LSM303AGR_MAG.c:464:11:LSM303AGR_MAG_W_OFF_Z_L	24	static
LSM303AGR_MAG.c:490:10:LSM303AGR_MAG_R_OFF_Z_L	8	static
LSM303AGR_MAG.c:508:11:LSM303AGR_MAG_W_OFF_Z_H	24	static
LSM303AGR_MAG.c:563:10:LSM303AGR_MAG_Set_MagOff	24	static
LSM303AGR_MAG.c:587:10:LSM303AGR_MAG_R_OFF_Z_H	8	static
LSM303AGR_MAG.c:534:10:LSM303AGR_MAG_Get_MagOff	40	static
LSM303AGR_MAG.c:605:11:LSM303AGR_MAG_W_LP	24	static
LSM303AGR_MAG.c:628:10:LSM303AGR_MAG_R_LP	8	static
LSM303AGR_MAG.c:645:11:LSM303AGR_MAG_W_SOFT_RST	24	static
LSM303AGR_MAG.c:668:10:LSM303AGR_MAG_R_SOFT_RST	8	static
LSM303AGR_MAG.c:685:11:LSM303AGR_MAG_W_LPF	24	static
LSM303AGR_MAG.c:708:10:LSM303AGR_MAG_R_LPF	8	static
LSM303AGR_MAG.c:725:11:LSM303AGR_MAG_W_OFF_CANC	24	static
LSM303AGR_MAG.c:748:10:LSM303AGR_MAG_R_OFF_CANC	8	static
LSM303AGR_MAG.c:765:11:LSM303AGR_MAG_W_SET_FREQ	24	static
LSM303AGR_MAG.c:788:10:LSM303AGR_MAG_R_SET_FREQ	8	static
LSM303AGR_MAG.c:805:11:LSM303AGR_MAG_W_INT_ON_DATAOFF	24	static
LSM303AGR_MAG.c:828:10:LSM303AGR_MAG_R_INT_ON_DATAOFF	8	static
LSM303AGR_MAG.c:845:11:LSM303AGR_MAG_W_INT_MAG	24	static
LSM303AGR_MAG.c:868:10:LSM303AGR_MAG_R_INT_MAG	8	static
LSM303AGR_MAG.c:885:11:LSM303AGR_MAG_W_ST	24	static
LSM303AGR_MAG.c:908:10:LSM303AGR_MAG_R_ST	8	static
LSM303AGR_MAG.c:925:11:LSM303AGR_MAG_W_BLE	24	static
LSM303AGR_MAG.c:948:10:LSM303AGR_MAG_R_BLE	8	static
LSM303AGR_MAG.c:965:11:LSM303AGR_MAG_W_I2C_DIS	24	static
LSM303AGR_MAG.c:988:10:LSM303AGR_MAG_R_I2C_DIS	8	static
LSM303AGR_MAG.c:1005:11:LSM303AGR_MAG_W_INT_MAG_PIN	24	static
LSM303AGR_MAG.c:1028:10:LSM303AGR_MAG_R_INT_MAG_PIN	8	static
LSM303AGR_MAG.c:1045:11:LSM303AGR_MAG_W_IEN	24	static
LSM303AGR_MAG.c:1068:10:LSM303AGR_MAG_R_IEN	8	static
LSM303AGR_MAG.c:1085:11:LSM303AGR_MAG_W_IEL	24	static
LSM303AGR_MAG.c:1108:10:LSM303AGR_MAG_R_IEL	8	static
LSM303AGR_MAG.c:1125:11:LSM303AGR_MAG_W_IEA	24	static
LSM303AGR_MAG.c:1148:10:LSM303AGR_MAG_R_IEA	8	static
LSM303AGR_MAG.c:1165:11:LSM303AGR_MAG_W_ZIEN	24	static
LSM303AGR_MAG.c:1188:10:LSM303AGR_MAG_R_ZIEN	8	static
LSM303AGR_MAG.c:1205:11:LSM303AGR_MAG_W_YIEN	24	static
LSM303AGR_MAG.c:1228:10:LSM303AGR_MAG_R_YIEN	8	static
LSM303AGR_MAG.c:1245:11:LSM303AGR_MAG_W_XIEN	24	static
LSM303AGR_MAG.c:1268:10:LSM303AGR_MAG_R_XIEN	8	static
LSM303AGR_MAG.c:1285:10:LSM303AGR_MAG_R_INT	8	static
LSM303AGR_MAG.c:1302:10:LSM303AGR_MAG_R_MROI	8	static
LSM303AGR_MAG.c:1319:10:LSM303AGR_MAG_R_N_TH_S_Z	8	static
LSM303AGR_MAG.c:1336:10:LSM303AGR_MAG_R_N_TH_S_Y	8	static
LSM303AGR_MAG.c:1353:10:LSM303AGR_MAG_R_N_TH_S_X	8	static
LSM303AGR_MAG.c:1370:10:LSM303AGR_MAG_R_P_TH_S_Z	8	static
LSM303AGR_MAG.c:1387:10:LSM303AGR_MAG_R_P_TH_S_Y	8	static
LSM303AGR_MAG.c:1404:10:LSM303AGR_MAG_R_P_TH_S_X	8	static
LSM303AGR_MAG.c:1421:10:LSM303AGR_MAG_R_XDA	8	static
LSM303AGR_MAG.c:1438:10:LSM303AGR_MAG_R_YDA	8	static
LSM303AGR_MAG.c:1455:10:LSM303AGR_MAG_R_ZDA	8	static
LSM303AGR_MAG.c:1472:10:LSM303AGR_MAG_R_ZYXDA	8	static
LSM303AGR_MAG.c:1489:10:LSM303AGR_MAG_R_XOR	8	static
LSM303AGR_MAG.c:1506:10:LSM303AGR_MAG_R_YOR	8	static
LSM303AGR_MAG.c:1523:10:LSM303AGR_MAG_R_ZOR	8	static
LSM303AGR_MAG.c:1540:10:LSM303AGR_MAG_R_ZYXOR	8	static
LSM303AGR_MAG.c:1558:10:LSM303AGR_MAG_Get_IntThreshld	16	static
LSM303AGR_MAG.c:1586:10:LSM303AGR_MAG_Set_IntThreshld	16	static
