cmsis_os.c:133:10:osKernelStart	8	static
cmsis_os.c:148:9:osKernelRunning	8	static
cmsis_os.c:167:10:osKernelSysTick	8	static,ignoring_inline_asm
cmsis_os.c:185:12:osThreadCreate	40	static
cmsis_os.c:204:12:osThreadGetId	8	static
cmsis_os.c:219:10:osThreadTerminate	8	static
cmsis_os.c:234:10:osThreadYield	8	static
cmsis_os.c:248:10:osThreadSetPriority	8	static
cmsis_os.c:264:12:osThreadGetPriority	8	static,ignoring_inline_asm
cmsis_os.c:286:10:osDelay	8	static
cmsis_os.c:321:11:osTimerCreate	16	static
cmsis_os.c:341:10:osTimerStart	32	static,ignoring_inline_asm
cmsis_os.c:409:10:osTimerStop	24	static,ignoring_inline_asm
cmsis_os.c:438:10:osTimerDelete	16	static,ignoring_inline_asm
cmsis_os.c:468:9:osSignalSet	16	static,ignoring_inline_asm
cmsis_os.c:503:9:osSignalWait	32	static,ignoring_inline_asm
cmsis_os.c:547:11:osMutexCreate	8	static
cmsis_os.c:563:10:osMutexWait	16	static,ignoring_inline_asm
cmsis_os.c:603:10:osMutexRelease	16	static,ignoring_inline_asm
cmsis_os.c:627:10:osMutexDelete	8	static,ignoring_inline_asm
cmsis_os.c:649:15:osSemaphoreCreate	8	static
cmsis_os.c:673:9:osSemaphoreWait	16	static,ignoring_inline_asm
cmsis_os.c:713:10:osSemaphoreRelease	16	static,ignoring_inline_asm
cmsis_os.c:740:10:osSemaphoreDelete	8	static,ignoring_inline_asm
cmsis_os.c:777:10:osPoolCreate	16	static
cmsis_os.c:822:7:osPoolAlloc	32	static,ignoring_inline_asm
cmsis_os.c:866:7:osPoolCAlloc	8	static
cmsis_os.c:885:10:osPoolFree	16	static
cmsis_os.c:929:14:osMessageCreate	8	static
cmsis_os.c:944:10:osMessagePut	24	static,ignoring_inline_asm
cmsis_os.c:976:9:osMessageGet	32	static,ignoring_inline_asm
cmsis_os.c:1045:11:osMailCreate	32	static
cmsis_os.c:1084:7:osMailAlloc	8	static
cmsis_os.c:1106:7:osMailCAlloc	8	static
cmsis_os.c:1127:10:osMailPut	24	static,ignoring_inline_asm
cmsis_os.c:1160:9:osMailGet	32	static,ignoring_inline_asm
cmsis_os.c:1216:10:osMailFree	8	static
cmsis_os.c:1232:6:osSystickHandler	8	static
cmsis_os.c:1302:10:osThreadSuspend	8	static
cmsis_os.c:1318:10:osThreadResume	8	static,ignoring_inline_asm
cmsis_os.c:1342:10:osThreadSuspendAll	8	static
cmsis_os.c:1353:10:osThreadResumeAll	8	static
cmsis_os.c:1370:10:osDelayUntil	0	static
cmsis_os.c:1392:10:osThreadList	8	static
cmsis_os.c:1406:9:osMessagePeek	32	static
cmsis_os.c:1447:11:osRecursiveMutexCreate	8	static
cmsis_os.c:1462:10:osRecursiveMutexRelease	8	static
cmsis_os.c:1483:10:osRecursiveMutexWait	8	static
