stm32f0xx_hal_rtc_ex.c:152:19:HAL_RTCEx_SetTimeStamp	12	static
stm32f0xx_hal_rtc_ex.c:206:19:HAL_RTCEx_SetTimeStamp_IT	12	static
stm32f0xx_hal_rtc_ex.c:256:19:HAL_RTCEx_DeactivateTimeStamp	8	static
stm32f0xx_hal_rtc_ex.c:300:19:HAL_RTCEx_GetTimeStamp	24	static
stm32f0xx_hal_rtc_ex.c:351:19:HAL_RTCEx_SetTamper	16	static
stm32f0xx_hal_rtc_ex.c:400:19:HAL_RTCEx_SetTamper_IT	16	static
stm32f0xx_hal_rtc_ex.c:457:19:HAL_RTCEx_DeactivateTamper	8	static
stm32f0xx_hal_rtc_ex.c:553:13:HAL_RTCEx_TimeStampEventCallback	0	static
stm32f0xx_hal_rtc_ex.c:565:13:HAL_RTCEx_Tamper1EventCallback	0	static
stm32f0xx_hal_rtc_ex.c:577:13:HAL_RTCEx_Tamper2EventCallback	0	static
stm32f0xx_hal_rtc_ex.c:590:13:HAL_RTCEx_Tamper3EventCallback	0	static
stm32f0xx_hal_rtc_ex.c:482:6:HAL_RTCEx_TamperTimeStampIRQHandler	8	static
stm32f0xx_hal_rtc_ex.c:604:19:HAL_RTCEx_PollForTimeStampEvent	32	static
stm32f0xx_hal_rtc_ex.c:643:19:HAL_RTCEx_PollForTamper1Event	24	static
stm32f0xx_hal_rtc_ex.c:675:19:HAL_RTCEx_PollForTamper2Event	24	static
stm32f0xx_hal_rtc_ex.c:708:19:HAL_RTCEx_PollForTamper3Event	24	static
stm32f0xx_hal_rtc_ex.c:761:19:HAL_RTCEx_SetWakeUpTimer	32	static
stm32f0xx_hal_rtc_ex.c:828:19:HAL_RTCEx_SetWakeUpTimer_IT	32	static
stm32f0xx_hal_rtc_ex.c:901:10:HAL_RTCEx_DeactivateWakeUpTimer	24	static
stm32f0xx_hal_rtc_ex.c:953:10:HAL_RTCEx_GetWakeUpTimer	0	static
stm32f0xx_hal_rtc_ex.c:991:13:HAL_RTCEx_WakeUpTimerEventCallback	0	static
stm32f0xx_hal_rtc_ex.c:964:6:HAL_RTCEx_WakeUpTimerIRQHandler	8	static
stm32f0xx_hal_rtc_ex.c:1005:19:HAL_RTCEx_PollForWakeUpTimerEvent	24	static
stm32f0xx_hal_rtc_ex.c:1072:6:HAL_RTCEx_BKUPWrite	0	static
stm32f0xx_hal_rtc_ex.c:1094:10:HAL_RTCEx_BKUPRead	0	static
stm32f0xx_hal_rtc_ex.c:1128:19:HAL_RTCEx_SetSmoothCalib	40	static
stm32f0xx_hal_rtc_ex.c:1196:19:HAL_RTCEx_SetSynchroShift	32	static
stm32f0xx_hal_rtc_ex.c:1289:19:HAL_RTCEx_SetCalibrationOutPut	12	static
stm32f0xx_hal_rtc_ex.c:1327:19:HAL_RTCEx_DeactivateCalibrationOutPut	8	static
stm32f0xx_hal_rtc_ex.c:1356:19:HAL_RTCEx_SetRefClock	8	static
stm32f0xx_hal_rtc_ex.c:1405:19:HAL_RTCEx_DeactivateRefClock	8	static
stm32f0xx_hal_rtc_ex.c:1456:19:HAL_RTCEx_EnableBypassShadow	8	static
stm32f0xx_hal_rtc_ex.c:1488:19:HAL_RTCEx_DisableBypassShadow	8	static
