stm32f0xx_hal_tim_ex.c:1813:13:TIM_CCxNChannelCmd	8	static
stm32f0xx_hal_tim_ex.c:265:13:HAL_TIMEx_HallSensor_MspInit	0	static
stm32f0xx_hal_tim_ex.c:160:19:HAL_TIMEx_HallSensor_Init	64	static
stm32f0xx_hal_tim_ex.c:277:13:HAL_TIMEx_HallSensor_MspDeInit	0	static
stm32f0xx_hal_tim_ex.c:238:19:HAL_TIMEx_HallSensor_DeInit	8	static
stm32f0xx_hal_tim_ex.c:289:19:HAL_TIMEx_HallSensor_Start	8	static
stm32f0xx_hal_tim_ex.c:310:19:HAL_TIMEx_HallSensor_Stop	8	static
stm32f0xx_hal_tim_ex.c:331:19:HAL_TIMEx_HallSensor_Start_IT	8	static
stm32f0xx_hal_tim_ex.c:355:19:HAL_TIMEx_HallSensor_Stop_IT	8	static
stm32f0xx_hal_tim_ex.c:381:19:HAL_TIMEx_HallSensor_Start_DMA	16	static
stm32f0xx_hal_tim_ex.c:428:19:HAL_TIMEx_HallSensor_Stop_DMA	8	static
stm32f0xx_hal_tim_ex.c:484:19:HAL_TIMEx_OCN_Start	8	static
stm32f0xx_hal_tim_ex.c:514:19:HAL_TIMEx_OCN_Stop	8	static
stm32f0xx_hal_tim_ex.c:544:19:HAL_TIMEx_OCN_Start_IT	8	static
stm32f0xx_hal_tim_ex.c:611:19:HAL_TIMEx_OCN_Stop_IT	8	static
stm32f0xx_hal_tim_ex.c:686:19:HAL_TIMEx_OCN_Start_DMA	16	static
stm32f0xx_hal_tim_ex.c:801:19:HAL_TIMEx_OCN_Stop_DMA	8	static
stm32f0xx_hal_tim_ex.c:901:19:HAL_TIMEx_PWMN_Start	8	static
stm32f0xx_hal_tim_ex.c:930:19:HAL_TIMEx_PWMN_Stop	8	static
stm32f0xx_hal_tim_ex.c:960:19:HAL_TIMEx_PWMN_Start_IT	8	static
stm32f0xx_hal_tim_ex.c:1027:19:HAL_TIMEx_PWMN_Stop_IT	8	static
stm32f0xx_hal_tim_ex.c:1102:19:HAL_TIMEx_PWMN_Start_DMA	16	static
stm32f0xx_hal_tim_ex.c:1217:19:HAL_TIMEx_PWMN_Stop_DMA	8	static
stm32f0xx_hal_tim_ex.c:1304:19:HAL_TIMEx_OnePulseN_Start	8	static
stm32f0xx_hal_tim_ex.c:1329:19:HAL_TIMEx_OnePulseN_Stop	8	static
stm32f0xx_hal_tim_ex.c:1358:19:HAL_TIMEx_OnePulseN_Start_IT	8	static
stm32f0xx_hal_tim_ex.c:1389:19:HAL_TIMEx_OnePulseN_Stop_IT	8	static
stm32f0xx_hal_tim_ex.c:1455:19:HAL_TIMEx_ConfigCommutationEvent	12	static
stm32f0xx_hal_tim_ex.c:1504:19:HAL_TIMEx_ConfigCommutationEvent_IT	12	static
stm32f0xx_hal_tim_ex.c:1557:19:HAL_TIMEx_ConfigCommutationEvent_DMA	12	static
stm32f0xx_hal_tim_ex.c:1601:19:HAL_TIMEx_MasterConfigSynchronization	20	static
stm32f0xx_hal_tim_ex.c:1637:19:HAL_TIMEx_ConfigBreakDeadTime	20	static
stm32f0xx_hal_tim_ex.c:1684:19:HAL_TIMEx_RemapConfig	0	static
stm32f0xx_hal_tim_ex.c:1727:13:HAL_TIMEx_CommutationCallback	0	static
stm32f0xx_hal_tim_ex.c:1751:6:TIMEx_DMACommutationCplt	8	static
stm32f0xx_hal_tim_ex.c:1739:13:HAL_TIMEx_BreakCallback	0	static
stm32f0xx_hal_tim_ex.c:1784:22:HAL_TIMEx_HallSensor_GetState	0	static
