stm32f0xx_hal_uart.c:513:14:HAL_UART_MspInit	0	static
stm32f0xx_hal_uart.c:525:14:HAL_UART_MspDeInit	0	static
stm32f0xx_hal_uart.c:476:19:HAL_UART_DeInit	16	static
stm32f0xx_hal_uart.c:756:19:HAL_UART_Transmit_IT	8	static
stm32f0xx_hal_uart.c:807:19:HAL_UART_Receive_IT	8	static
stm32f0xx_hal_uart.c:864:19:HAL_UART_Transmit_DMA	8	static
stm32f0xx_hal_uart.c:933:19:HAL_UART_Receive_DMA	8	static
stm32f0xx_hal_uart.c:994:19:HAL_UART_DMAPause	0	static
stm32f0xx_hal_uart.c:1028:19:HAL_UART_DMAResume	0	static
stm32f0xx_hal_uart.c:1069:19:HAL_UART_DMAStop	8	static
stm32f0xx_hal_uart.c:1104:14:HAL_UART_TxCpltCallback	0	static
stm32f0xx_hal_uart.c:1634:13:UART_DMATransmitCplt	8	static
stm32f0xx_hal_uart.c:1116:14:HAL_UART_TxHalfCpltCallback	0	static
stm32f0xx_hal_uart.c:1663:13:UART_DMATxHalfCplt	8	static
stm32f0xx_hal_uart.c:1128:13:HAL_UART_RxCpltCallback	0	static
stm32f0xx_hal_uart.c:1675:13:UART_DMAReceiveCplt	8	static
stm32f0xx_hal_uart.c:1140:13:HAL_UART_RxHalfCpltCallback	0	static
stm32f0xx_hal_uart.c:1707:13:UART_DMARxHalfCplt	8	static
stm32f0xx_hal_uart.c:1152:14:HAL_UART_ErrorCallback	0	static
stm32f0xx_hal_uart.c:1719:13:UART_DMAError	8	static
stm32f0xx_hal_uart.c:1229:6:HAL_MultiProcessor_EnterMuteMode	0	static
stm32f0xx_hal_uart.c:1239:19:HAL_HalfDuplex_EnableTransmitter	16	static
stm32f0xx_hal_uart.c:1263:19:HAL_HalfDuplex_EnableReceiver	16	static
stm32f0xx_hal_uart.c:1307:23:HAL_UART_GetState	0	static
stm32f0xx_hal_uart.c:1318:10:HAL_UART_GetError	0	static
stm32f0xx_hal_uart.c:1339:19:UART_SetConfig	16	static
stm32f0xx_hal_uart.c:1444:6:UART_AdvFeatureConfig	0	static
stm32f0xx_hal_uart.c:1571:19:UART_WaitOnFlagUntilTimeout	24	static
stm32f0xx_hal_uart.c:598:19:HAL_UART_Transmit	32	static
stm32f0xx_hal_uart.c:676:19:HAL_UART_Receive	32	static
stm32f0xx_hal_uart.c:1518:19:UART_CheckIdleState	8	static
stm32f0xx_hal_uart.c:279:19:HAL_UART_Init	8	static
stm32f0xx_hal_uart.c:342:19:HAL_HalfDuplex_Init	8	static
stm32f0xx_hal_uart.c:413:19:HAL_MultiProcessor_Init	16	static
stm32f0xx_hal_uart.c:1187:19:HAL_MultiProcessor_EnableMuteMode	16	static
stm32f0xx_hal_uart.c:1208:19:HAL_MultiProcessor_DisableMuteMode	16	static
stm32f0xx_hal_uart.c:1736:19:UART_Transmit_IT	0	static
stm32f0xx_hal_uart.c:1784:19:UART_EndTransmit_IT	8	static
stm32f0xx_hal_uart.c:1815:19:UART_Receive_IT	8	static
