stm32f0xx_hal_spi.c:2553:26:SPI_WaitFifoStateUntilTimeout	40	static
stm32f0xx_hal_spi.c:2502:26:SPI_WaitFlagStateUntilTimeout	24	static
stm32f0xx_hal_spi.c:2642:26:SPI_EndRxTxTransaction	16	static
stm32f0xx_hal_spi.c:2610:26:SPI_EndRxTransaction	16	static
stm32f0xx_hal_spi.c:366:13:HAL_SPI_MspInit	0	static
stm32f0xx_hal_spi.c:227:19:HAL_SPI_Init	16	static
stm32f0xx_hal_spi.c:379:13:HAL_SPI_MspDeInit	0	static
stm32f0xx_hal_spi.c:334:19:HAL_SPI_DeInit	16	static
stm32f0xx_hal_spi.c:432:19:HAL_SPI_Transmit	40	static
stm32f0xx_hal_spi.c:793:19:HAL_SPI_TransmitReceive	40	static
stm32f0xx_hal_spi.c:579:19:HAL_SPI_Receive	48	static
stm32f0xx_hal_spi.c:1013:19:HAL_SPI_Transmit_IT	8	static
stm32f0xx_hal_spi.c:1192:19:HAL_SPI_TransmitReceive_IT	16	static
stm32f0xx_hal_spi.c:1090:19:HAL_SPI_Receive_IT	16	static
stm32f0xx_hal_spi.c:1290:19:HAL_SPI_Transmit_DMA	8	static
stm32f0xx_hal_spi.c:1492:19:HAL_SPI_TransmitReceive_DMA	16	static
stm32f0xx_hal_spi.c:1385:19:HAL_SPI_Receive_DMA	16	static
stm32f0xx_hal_spi.c:1636:19:HAL_SPI_DMAPause	8	static
stm32f0xx_hal_spi.c:1656:19:HAL_SPI_DMAResume	8	static
stm32f0xx_hal_spi.c:1676:19:HAL_SPI_DMAStop	8	static
stm32f0xx_hal_spi.c:1771:13:HAL_SPI_TxCpltCallback	0	static
stm32f0xx_hal_spi.c:1784:13:HAL_SPI_RxCpltCallback	0	static
stm32f0xx_hal_spi.c:1797:13:HAL_SPI_TxRxCpltCallback	0	static
stm32f0xx_hal_spi.c:1810:13:HAL_SPI_TxHalfCpltCallback	0	static
stm32f0xx_hal_spi.c:2106:13:SPI_DMAHalfTransmitCplt	8	static
stm32f0xx_hal_spi.c:1823:13:HAL_SPI_RxHalfCpltCallback	0	static
stm32f0xx_hal_spi.c:2119:13:SPI_DMAHalfReceiveCplt	8	static
stm32f0xx_hal_spi.c:1836:13:HAL_SPI_TxRxHalfCpltCallback	0	static
stm32f0xx_hal_spi.c:2132:13:SPI_DMAHalfTransmitReceiveCplt	8	static
stm32f0xx_hal_spi.c:1849:14:HAL_SPI_ErrorCallback	0	static
stm32f0xx_hal_spi.c:2751:13:SPI_CloseTx_ISR	16	static
stm32f0xx_hal_spi.c:2453:13:SPI_TxISR_8BIT	8	static
stm32f0xx_hal_spi.c:2475:13:SPI_TxISR_16BIT	8	static
stm32f0xx_hal_spi.c:2713:13:SPI_CloseRx_ISR	8	static
stm32f0xx_hal_spi.c:2376:13:SPI_RxISR_8BIT	8	static
stm32f0xx_hal_spi.c:2356:13:SPI_RxISR_8BITCRC	16	static
stm32f0xx_hal_spi.c:2424:13:SPI_RxISR_16BIT	8	static
stm32f0xx_hal_spi.c:2404:13:SPI_RxISR_16BITCRC	16	static
stm32f0xx_hal_spi.c:2665:13:SPI_CloseRxTx_ISR	8	static
stm32f0xx_hal_spi.c:2237:13:SPI_2linesTxISR_8BIT	8	static
stm32f0xx_hal_spi.c:2163:13:SPI_2linesRxISR_8BIT	8	static
stm32f0xx_hal_spi.c:2210:13:SPI_2linesRxISR_8BITCRC	16	static
stm32f0xx_hal_spi.c:2326:13:SPI_2linesTxISR_16BIT	8	static
stm32f0xx_hal_spi.c:2276:13:SPI_2linesRxISR_16BIT	8	static
stm32f0xx_hal_spi.c:2307:13:SPI_2linesRxISR_16BITCRC	16	static
stm32f0xx_hal_spi.c:2145:13:SPI_DMAError	8	static
stm32f0xx_hal_spi.c:1921:13:SPI_DMATransmitCplt	16	static
stm32f0xx_hal_spi.c:1960:13:SPI_DMAReceiveCplt	16	static
stm32f0xx_hal_spi.c:2037:13:SPI_DMATransmitReceiveCplt	16	static
stm32f0xx_hal_spi.c:1707:6:HAL_SPI_IRQHandler	24	static
stm32f0xx_hal_spi.c:1884:22:HAL_SPI_GetState	0	static
stm32f0xx_hal_spi.c:1896:10:HAL_SPI_GetError	0	static
