stm32f0xx_hal_tim.c:4550:13:TIM_OC1_SetConfig	16	static
stm32f0xx_hal_tim.c:4702:13:TIM_OC3_SetConfig	16	static
stm32f0xx_hal_tim.c:4778:13:TIM_OC4_SetConfig	12	static
stm32f0xx_hal_tim.c:4830:6:TIM_SlaveTimer_SetConfig	12	static
stm32f0xx_hal_tim.c:273:13:HAL_TIM_Base_MspInit	0	static
stm32f0xx_hal_tim.c:285:13:HAL_TIM_Base_MspDeInit	0	static
stm32f0xx_hal_tim.c:246:19:HAL_TIM_Base_DeInit	8	static
stm32f0xx_hal_tim.c:298:19:HAL_TIM_Base_Start	8	static
stm32f0xx_hal_tim.c:321:19:HAL_TIM_Base_Stop	0	static
stm32f0xx_hal_tim.c:344:19:HAL_TIM_Base_Start_IT	0	static
stm32f0xx_hal_tim.c:364:19:HAL_TIM_Base_Stop_IT	0	static
stm32f0xx_hal_tim.c:385:19:HAL_TIM_Base_Start_DMA	8	static
stm32f0xx_hal_tim.c:429:19:HAL_TIM_Base_Stop_DMA	0	static
stm32f0xx_hal_tim.c:544:13:HAL_TIM_OC_MspInit	0	static
stm32f0xx_hal_tim.c:556:13:HAL_TIM_OC_MspDeInit	0	static
stm32f0xx_hal_tim.c:517:19:HAL_TIM_OC_DeInit	8	static
stm32f0xx_hal_tim.c:1044:13:HAL_TIM_PWM_MspInit	0	static
stm32f0xx_hal_tim.c:1056:13:HAL_TIM_PWM_MspDeInit	0	static
stm32f0xx_hal_tim.c:1017:19:HAL_TIM_PWM_DeInit	8	static
stm32f0xx_hal_tim.c:1547:13:HAL_TIM_IC_MspInit	0	static
stm32f0xx_hal_tim.c:1559:13:HAL_TIM_IC_MspDeInit	0	static
stm32f0xx_hal_tim.c:1520:19:HAL_TIM_IC_DeInit	8	static
stm32f0xx_hal_tim.c:2023:13:HAL_TIM_OnePulse_MspInit	0	static
stm32f0xx_hal_tim.c:2035:13:HAL_TIM_OnePulse_MspDeInit	0	static
stm32f0xx_hal_tim.c:1996:19:HAL_TIM_OnePulse_DeInit	8	static
stm32f0xx_hal_tim.c:2333:13:HAL_TIM_Encoder_MspInit	0	static
stm32f0xx_hal_tim.c:2345:13:HAL_TIM_Encoder_MspDeInit	0	static
stm32f0xx_hal_tim.c:2306:19:HAL_TIM_Encoder_DeInit	8	static
stm32f0xx_hal_tim.c:3299:19:HAL_TIM_DMABurst_WriteStart	16	static
stm32f0xx_hal_tim.c:3430:19:HAL_TIM_DMABurst_WriteStop	16	static
stm32f0xx_hal_tim.c:3522:19:HAL_TIM_DMABurst_ReadStart	16	static
stm32f0xx_hal_tim.c:3654:19:HAL_TIM_DMABurst_ReadStop	16	static
stm32f0xx_hal_tim.c:3726:19:HAL_TIM_GenerateEvent	0	static
stm32f0xx_hal_tim.c:3763:19:HAL_TIM_ConfigOCrefClear	16	static
stm32f0xx_hal_tim.c:3888:19:HAL_TIM_ConfigClockSource	16	static
stm32f0xx_hal_tim.c:4043:19:HAL_TIM_ConfigTI1Input	0	static
stm32f0xx_hal_tim.c:4075:19:HAL_TIM_SlaveConfigSynchronization	24	static
stm32f0xx_hal_tim.c:4110:19:HAL_TIM_SlaveConfigSynchronization_IT	24	static
stm32f0xx_hal_tim.c:4148:10:HAL_TIM_ReadCapturedValue	0	static
stm32f0xx_hal_tim.c:4235:13:HAL_TIM_PeriodElapsedCallback	0	static
stm32f0xx_hal_tim.c:4476:13:TIM_DMAPeriodElapsedCplt	8	static
stm32f0xx_hal_tim.c:4247:13:HAL_TIM_OC_DelayElapsedCallback	0	static
stm32f0xx_hal_tim.c:4258:13:HAL_TIM_IC_CaptureCallback	0	static
stm32f0xx_hal_tim.c:4443:6:TIM_DMACaptureCplt	8	static
stm32f0xx_hal_tim.c:4270:13:HAL_TIM_PWM_PulseFinishedCallback	0	static
stm32f0xx_hal_tim.c:4411:6:TIM_DMADelayPulseCplt	8	static
stm32f0xx_hal_tim.c:4282:13:HAL_TIM_TriggerCallback	0	static
stm32f0xx_hal_tim.c:2729:6:HAL_TIM_IRQHandler	8	static
stm32f0xx_hal_tim.c:4490:13:TIM_DMATriggerCplt	8	static
stm32f0xx_hal_tim.c:4294:13:HAL_TIM_ErrorCallback	0	static
stm32f0xx_hal_tim.c:4397:6:TIM_DMAError	8	static
stm32f0xx_hal_tim.c:4325:22:HAL_TIM_Base_GetState	0	static
stm32f0xx_hal_tim.c:4335:22:HAL_TIM_OC_GetState	0	static
stm32f0xx_hal_tim.c:4345:22:HAL_TIM_PWM_GetState	0	static
stm32f0xx_hal_tim.c:4355:22:HAL_TIM_IC_GetState	0	static
stm32f0xx_hal_tim.c:4365:22:HAL_TIM_OnePulse_GetState	0	static
stm32f0xx_hal_tim.c:4375:22:HAL_TIM_Encoder_GetState	0	static
stm32f0xx_hal_tim.c:4505:6:TIM_Base_SetConfig	0	static
stm32f0xx_hal_tim.c:207:19:HAL_TIM_Base_Init	16	static
stm32f0xx_hal_tim.c:478:19:HAL_TIM_OC_Init	16	static
stm32f0xx_hal_tim.c:978:19:HAL_TIM_PWM_Init	16	static
stm32f0xx_hal_tim.c:1481:19:HAL_TIM_IC_Init	16	static
stm32f0xx_hal_tim.c:1950:19:HAL_TIM_OnePulse_Init	16	static
stm32f0xx_hal_tim.c:2216:19:HAL_TIM_Encoder_Init	24	static
stm32f0xx_hal_tim.c:4624:6:TIM_OC2_SetConfig	16	static
stm32f0xx_hal_tim.c:2892:19:HAL_TIM_OC_ConfigChannel	8	static
stm32f0xx_hal_tim.c:3060:19:HAL_TIM_PWM_ConfigChannel	16	static
stm32f0xx_hal_tim.c:4974:6:TIM_TI1_SetConfig	20	static
stm32f0xx_hal_tim.c:2964:19:HAL_TIM_IC_ConfigChannel	24	static
stm32f0xx_hal_tim.c:3163:19:HAL_TIM_OnePulse_ConfigChannel	56	static
stm32f0xx_hal_tim.c:5298:6:TIM_CCxChannelCmd	8	static
stm32f0xx_hal_tim.c:574:19:HAL_TIM_OC_Start	8	static
stm32f0xx_hal_tim.c:606:19:HAL_TIM_OC_Stop	8	static
stm32f0xx_hal_tim.c:638:19:HAL_TIM_OC_Start_IT	8	static
stm32f0xx_hal_tim.c:704:19:HAL_TIM_OC_Stop_IT	8	static
stm32f0xx_hal_tim.c:772:19:HAL_TIM_OC_Start_DMA	16	static
stm32f0xx_hal_tim.c:889:19:HAL_TIM_OC_Stop_DMA	8	static
stm32f0xx_hal_tim.c:1074:19:HAL_TIM_PWM_Start	8	static
stm32f0xx_hal_tim.c:1106:19:HAL_TIM_PWM_Stop	8	static
stm32f0xx_hal_tim.c:1141:19:HAL_TIM_PWM_Start_IT	8	static
stm32f0xx_hal_tim.c:1207:19:HAL_TIM_PWM_Stop_IT	8	static
stm32f0xx_hal_tim.c:1275:19:HAL_TIM_PWM_Start_DMA	16	static
stm32f0xx_hal_tim.c:1392:19:HAL_TIM_PWM_Stop_DMA	8	static
stm32f0xx_hal_tim.c:1577:19:HAL_TIM_IC_Start	8	static
stm32f0xx_hal_tim.c:1603:19:HAL_TIM_IC_Stop	8	static
stm32f0xx_hal_tim.c:1629:19:HAL_TIM_IC_Start_IT	8	static
stm32f0xx_hal_tim.c:1688:19:HAL_TIM_IC_Stop_IT	8	static
stm32f0xx_hal_tim.c:1750:19:HAL_TIM_IC_Start_DMA	16	static
stm32f0xx_hal_tim.c:1863:19:HAL_TIM_IC_Stop_DMA	8	static
stm32f0xx_hal_tim.c:2051:19:HAL_TIM_OnePulse_Start	8	static
stm32f0xx_hal_tim.c:2084:19:HAL_TIM_OnePulse_Stop	8	static
stm32f0xx_hal_tim.c:2117:19:HAL_TIM_OnePulse_Start_IT	8	static
stm32f0xx_hal_tim.c:2156:19:HAL_TIM_OnePulse_Stop_IT	8	static
stm32f0xx_hal_tim.c:2362:19:HAL_TIM_Encoder_Start	8	static
stm32f0xx_hal_tim.c:2404:19:HAL_TIM_Encoder_Stop	8	static
stm32f0xx_hal_tim.c:2448:19:HAL_TIM_Encoder_Start_IT	8	static
stm32f0xx_hal_tim.c:2496:19:HAL_TIM_Encoder_Stop_IT	8	static
stm32f0xx_hal_tim.c:2550:19:HAL_TIM_Encoder_Start_DMA	24	static
stm32f0xx_hal_tim.c:2667:19:HAL_TIM_Encoder_Stop_DMA	8	static
