stm32f0xx_hal_i2c.c:4075:13:I2C_TransferConfig	12	static
stm32f0xx_hal_i2c.c:3999:26:I2C_IsAcknowledgeFailed	24	static
stm32f0xx_hal_i2c.c:3880:26:I2C_WaitOnTXISFlagUntilTimeout	24	static
stm32f0xx_hal_i2c.c:3831:26:I2C_WaitOnFlagUntilTimeout	24	static
stm32f0xx_hal_i2c.c:2941:26:I2C_RequestMemoryWrite	24	static
stm32f0xx_hal_i2c.c:3006:26:I2C_RequestMemoryRead	24	static
stm32f0xx_hal_i2c.c:3917:26:I2C_WaitOnSTOPFlagUntilTimeout	24	static
stm32f0xx_hal_i2c.c:411:14:HAL_I2C_MspInit	0	static
stm32f0xx_hal_i2c.c:293:19:HAL_I2C_Init	8	static
stm32f0xx_hal_i2c.c:424:14:HAL_I2C_MspDeInit	0	static
stm32f0xx_hal_i2c.c:376:19:HAL_I2C_DeInit	16	static
stm32f0xx_hal_i2c.c:504:19:HAL_I2C_Master_Transmit	40	static
stm32f0xx_hal_i2c.c:624:19:HAL_I2C_Master_Receive	40	static
stm32f0xx_hal_i2c.c:737:19:HAL_I2C_Slave_Transmit	32	static
stm32f0xx_hal_i2c.c:866:19:HAL_I2C_Slave_Receive	32	static
stm32f0xx_hal_i2c.c:978:19:HAL_I2C_Master_Transmit_IT	24	static
stm32f0xx_hal_i2c.c:1050:19:HAL_I2C_Master_Receive_IT	24	static
stm32f0xx_hal_i2c.c:1120:19:HAL_I2C_Slave_Transmit_IT	20	static
stm32f0xx_hal_i2c.c:1170:19:HAL_I2C_Slave_Receive_IT	20	static
stm32f0xx_hal_i2c.c:1221:19:HAL_I2C_Master_Transmit_DMA	24	static
stm32f0xx_hal_i2c.c:1312:19:HAL_I2C_Master_Receive_DMA	24	static
stm32f0xx_hal_i2c.c:1392:19:HAL_I2C_Slave_Transmit_DMA	8	static
stm32f0xx_hal_i2c.c:1478:19:HAL_I2C_Slave_Receive_DMA	16	static
stm32f0xx_hal_i2c.c:1552:19:HAL_I2C_Mem_Write	40	static
stm32f0xx_hal_i2c.c:1695:19:HAL_I2C_Mem_Read	40	static
stm32f0xx_hal_i2c.c:1831:19:HAL_I2C_Mem_Write_IT	32	static
stm32f0xx_hal_i2c.c:1924:19:HAL_I2C_Mem_Read_IT	32	static
stm32f0xx_hal_i2c.c:2015:19:HAL_I2C_Mem_Write_DMA	32	static
stm32f0xx_hal_i2c.c:2124:19:HAL_I2C_Mem_Read_DMA	32	static
stm32f0xx_hal_i2c.c:2223:19:HAL_I2C_IsDeviceReady	56	static
stm32f0xx_hal_i2c.c:2433:14:HAL_I2C_MasterTxCpltCallback	0	static
stm32f0xx_hal_i2c.c:2446:13:HAL_I2C_MasterRxCpltCallback	0	static
stm32f0xx_hal_i2c.c:2458:14:HAL_I2C_SlaveTxCpltCallback	0	static
stm32f0xx_hal_i2c.c:2471:13:HAL_I2C_SlaveRxCpltCallback	0	static
stm32f0xx_hal_i2c.c:2484:14:HAL_I2C_MemTxCpltCallback	0	static
stm32f0xx_hal_i2c.c:2497:13:HAL_I2C_MemRxCpltCallback	0	static
stm32f0xx_hal_i2c.c:2510:14:HAL_I2C_ErrorCallback	0	static
stm32f0xx_hal_i2c.c:3806:13:I2C_DMAError	8	static
stm32f0xx_hal_i2c.c:3066:13:I2C_DMAMasterTransmitCplt	24	static
stm32f0xx_hal_i2c.c:3273:13:I2C_DMAMasterReceiveCplt	24	static
stm32f0xx_hal_i2c.c:3222:13:I2C_DMASlaveTransmitCplt	8	static
stm32f0xx_hal_i2c.c:3436:13:I2C_DMASlaveReceiveCplt	8	static
stm32f0xx_hal_i2c.c:3488:13:I2C_DMAMemTransmitCplt	24	static
stm32f0xx_hal_i2c.c:3644:13:I2C_DMAMemReceiveCplt	24	static
stm32f0xx_hal_i2c.c:2343:6:HAL_I2C_EV_IRQHandler	16	static
stm32f0xx_hal_i2c.c:2389:6:HAL_I2C_ER_IRQHandler	8	static
stm32f0xx_hal_i2c.c:2542:22:HAL_I2C_GetState	0	static
stm32f0xx_hal_i2c.c:2554:10:HAL_I2C_GetError	0	static
