Archive member included to satisfy reference by file (symbol)

C:/ST/STM32CubeIDE_1.17.0/STM32CubeIDE/plugins/com.st.stm32cube.ide.mcu.externaltools.gnu-tools-for-stm32.12.3.rel1.win32_1.1.0.202410251130/tools/bin/../lib/gcc/arm-none-eabi/12.3.1/../../../../arm-none-eabi/lib/thumb/v6-m/nofp\libc.a(libc_a-atof.o)
                              BOS\BOS_CLI.o (atof)
C:/ST/STM32CubeIDE_1.17.0/STM32CubeIDE/plugins/com.st.stm32cube.ide.mcu.externaltools.gnu-tools-for-stm32.12.3.rel1.win32_1.1.0.202410251130/tools/bin/../lib/gcc/arm-none-eabi/12.3.1/../../../../arm-none-eabi/lib/thumb/v6-m/nofp\libc.a(libc_a-atoi.o)
                              BOS\BOS_CLI.o (atoi)
C:/ST/STM32CubeIDE_1.17.0/STM32CubeIDE/plugins/com.st.stm32cube.ide.mcu.externaltools.gnu-tools-for-stm32.12.3.rel1.win32_1.1.0.202410251130/tools/bin/../lib/gcc/arm-none-eabi/12.3.1/../../../../arm-none-eabi/lib/thumb/v6-m/nofp\libc.a(libc_a-atol.o)
                              BOS\BOS.o (atol)
C:/ST/STM32CubeIDE_1.17.0/STM32CubeIDE/plugins/com.st.stm32cube.ide.mcu.externaltools.gnu-tools-for-stm32.12.3.rel1.win32_1.1.0.202410251130/tools/bin/../lib/gcc/arm-none-eabi/12.3.1/../../../../arm-none-eabi/lib/thumb/v6-m/nofp\libc.a(libc_a-exit.o)
                              C:/ST/STM32CubeIDE_1.17.0/STM32CubeIDE/plugins/com.st.stm32cube.ide.mcu.externaltools.gnu-tools-for-stm32.12.3.rel1.win32_1.1.0.202410251130/tools/bin/../lib/gcc/arm-none-eabi/12.3.1/../../../../arm-none-eabi/lib/thumb/v6-m/nofp/crt0.o (exit)
C:/ST/STM32CubeIDE_1.17.0/STM32CubeIDE/plugins/com.st.stm32cube.ide.mcu.externaltools.gnu-tools-for-stm32.12.3.rel1.win32_1.1.0.202410251130/tools/bin/../lib/gcc/arm-none-eabi/12.3.1/../../../../arm-none-eabi/lib/thumb/v6-m/nofp\libc.a(libc_a-malloc.o)
                              BOS\BOS.o (malloc)
C:/ST/STM32CubeIDE_1.17.0/STM32CubeIDE/plugins/com.st.stm32cube.ide.mcu.externaltools.gnu-tools-for-stm32.12.3.rel1.win32_1.1.0.202410251130/tools/bin/../lib/gcc/arm-none-eabi/12.3.1/../../../../arm-none-eabi/lib/thumb/v6-m/nofp\libc.a(libc_a-mallocr.o)
                              C:/ST/STM32CubeIDE_1.17.0/STM32CubeIDE/plugins/com.st.stm32cube.ide.mcu.externaltools.gnu-tools-for-stm32.12.3.rel1.win32_1.1.0.202410251130/tools/bin/../lib/gcc/arm-none-eabi/12.3.1/../../../../arm-none-eabi/lib/thumb/v6-m/nofp\libc.a(libc_a-malloc.o) (_malloc_r)
C:/ST/STM32CubeIDE_1.17.0/STM32CubeIDE/plugins/com.st.stm32cube.ide.mcu.externaltools.gnu-tools-for-stm32.12.3.rel1.win32_1.1.0.202410251130/tools/bin/../lib/gcc/arm-none-eabi/12.3.1/../../../../arm-none-eabi/lib/thumb/v6-m/nofp\libc.a(libc_a-mlock.o)
                              C:/ST/STM32CubeIDE_1.17.0/STM32CubeIDE/plugins/com.st.stm32cube.ide.mcu.externaltools.gnu-tools-for-stm32.12.3.rel1.win32_1.1.0.202410251130/tools/bin/../lib/gcc/arm-none-eabi/12.3.1/../../../../arm-none-eabi/lib/thumb/v6-m/nofp\libc.a(libc_a-mallocr.o) (__malloc_lock)
C:/ST/STM32CubeIDE_1.17.0/STM32CubeIDE/plugins/com.st.stm32cube.ide.mcu.externaltools.gnu-tools-for-stm32.12.3.rel1.win32_1.1.0.202410251130/tools/bin/../lib/gcc/arm-none-eabi/12.3.1/../../../../arm-none-eabi/lib/thumb/v6-m/nofp\libc.a(libc_a-rand.o)
                              BOS\BOS_CLIcommands.o (rand)
C:/ST/STM32CubeIDE_1.17.0/STM32CubeIDE/plugins/com.st.stm32cube.ide.mcu.externaltools.gnu-tools-for-stm32.12.3.rel1.win32_1.1.0.202410251130/tools/bin/../lib/gcc/arm-none-eabi/12.3.1/../../../../arm-none-eabi/lib/thumb/v6-m/nofp\libc.a(libc_a-realloc.o)
                              BOS\BOS_CLI.o (realloc)
C:/ST/STM32CubeIDE_1.17.0/STM32CubeIDE/plugins/com.st.stm32cube.ide.mcu.externaltools.gnu-tools-for-stm32.12.3.rel1.win32_1.1.0.202410251130/tools/bin/../lib/gcc/arm-none-eabi/12.3.1/../../../../arm-none-eabi/lib/thumb/v6-m/nofp\libc.a(libc_a-reallocr.o)
                              C:/ST/STM32CubeIDE_1.17.0/STM32CubeIDE/plugins/com.st.stm32cube.ide.mcu.externaltools.gnu-tools-for-stm32.12.3.rel1.win32_1.1.0.202410251130/tools/bin/../lib/gcc/arm-none-eabi/12.3.1/../../../../arm-none-eabi/lib/thumb/v6-m/nofp\libc.a(libc_a-realloc.o) (_realloc_r)
C:/ST/STM32CubeIDE_1.17.0/STM32CubeIDE/plugins/com.st.stm32cube.ide.mcu.externaltools.gnu-tools-for-stm32.12.3.rel1.win32_1.1.0.202410251130/tools/bin/../lib/gcc/arm-none-eabi/12.3.1/../../../../arm-none-eabi/lib/thumb/v6-m/nofp\libc.a(libc_a-strtod.o)
                              C:/ST/STM32CubeIDE_1.17.0/STM32CubeIDE/plugins/com.st.stm32cube.ide.mcu.externaltools.gnu-tools-for-stm32.12.3.rel1.win32_1.1.0.202410251130/tools/bin/../lib/gcc/arm-none-eabi/12.3.1/../../../../arm-none-eabi/lib/thumb/v6-m/nofp\libc.a(libc_a-atof.o) (strtod)
C:/ST/STM32CubeIDE_1.17.0/STM32CubeIDE/plugins/com.st.stm32cube.ide.mcu.externaltools.gnu-tools-for-stm32.12.3.rel1.win32_1.1.0.202410251130/tools/bin/../lib/gcc/arm-none-eabi/12.3.1/../../../../arm-none-eabi/lib/thumb/v6-m/nofp\libc.a(libc_a-strtol.o)
[...]
Memory Configuration

Name             Origin             Length             Attributes
RAM              0x20000000         0x00024000         xrw
FLASH            0x08000000         0x00080000         xr
*default*        0x00000000         0xffffffff

Linker script and memory map

LOAD C:/ST/STM32CubeIDE_1.17.0/STM32CubeIDE/plugins/com.st.stm32cube.ide.mcu.externaltools.gnu-tools-for-stm32.12.3.rel1.win32_1.1.0.202410251130/tools/bin/../lib/gcc/arm-none-eabi/12.3.1/thumb/v6-m/nofp/crti.o
LOAD C:/ST/STM32CubeIDE_1.17.0/STM32CubeIDE/plugins/com.st.stm32cube.ide.mcu.externaltools.gnu-tools-for-stm32.12.3.rel1.win32_1.1.0.202410251130/tools/bin/../lib/gcc/arm-none-eabi/12.3.1/thumb/v6-m/nofp/crtbegin.o
LOAD C:/ST/STM32CubeIDE_1.17.0/STM32CubeIDE/plugins/com.st.stm32cube.ide.mcu.externaltools.gnu-tools-for-stm32.12.3.rel1.win32_1.1.0.202410251130/tools/bin/../lib/gcc/arm-none-eabi/12.3.1/../../../../arm-none-eabi/lib/thumb/v6-m/nofp/crt0.o
LOAD BOS\BOS.o
LOAD BOS\BOS_CLI.o
LOAD BOS\BOS_CLIcommands.o
LOAD BOS\BOS_dma.o
LOAD BOS\BOS_freertos.o
LOAD BOS\BOS_messaging.o
LOAD BOS\BOS_msgparser.o
LOAD H0BR4\H0BR4.o
LOAD H0BR4\H0BR4_dma.o
LOAD H0BR4\H0BR4_eeprom.o
LOAD H0BR4\H0BR4_gpio.o
LOAD H0BR4\H0BR4_i2c.o
LOAD H0BR4\H0BR4_inputs.o
LOAD H0BR4\H0BR4_it.o
LOAD H0BR4\H0BR4_rtc.o
LOAD H0BR4\H0BR4_timers.o
LOAD H0BR4\H0BR4_uart.o
LOAD H0BR4\startup_stm32g0b1ceuxn.o
LOAD Thirdparty\CMSIS\STM32G0xx\Device\ST\STM32G0xx\Source\Templates\system_stm32g0xx.o
LOAD Thirdparty\EEPROM_Emul\Core\eeprom_emul.o
LOAD Thirdparty\EEPROM_Emul\Porting\STM32G0\flash_interface.o
LOAD Thirdparty\LSM303AGR\src\LSM303AGR_ACC.o
LOAD Thirdparty\LSM303AGR\src\LSM303AGR_APIs.o
LOAD Thirdparty\LSM303AGR\src\LSM303AGR_MAG.o
LOAD Thirdparty\LSM6DS3TR-C\LSM6DS3TR_C_APIs.o
LOAD Thirdparty\LSM6DS3TR-C\lsm6ds3tr-c_reg.o
LOAD Thirdparty\Middleware\STM32G0xx\FreeRTOS\Source\CMSIS_RTOS\cmsis_os.o
LOAD Thirdparty\Middleware\STM32G0xx\FreeRTOS\Source\FreeRTOS_CLI.o
LOAD Thirdparty\Middleware\STM32G0xx\FreeRTOS\Source\croutine.o
LOAD Thirdparty\Middleware\STM32G0xx\FreeRTOS\Source\event_groups.o
LOAD Thirdparty\Middleware\STM32G0xx\FreeRTOS\Source\list.o
LOAD Thirdparty\Middleware\STM32G0xx\FreeRTOS\Source\portable\GCC\ARM_CM0\port.o
LOAD Thirdparty\Middleware\STM32G0xx\FreeRTOS\Source\portable\MemMang\heap_4.o
LOAD Thirdparty\Middleware\STM32G0xx\FreeRTOS\Source\queue.o
LOAD Thirdparty\Middleware\STM32G0xx\FreeRTOS\Source\stream_buffer.o
LOAD Thirdparty\Middleware\STM32G0xx\FreeRTOS\Source\tasks.o
LOAD Thirdparty\Middleware\STM32G0xx\FreeRTOS\Source\timers.o
LOAD Thirdparty\STM32G0xx_HAL_Driver\Src\stm32g0xx_hal.o
LOAD Thirdparty\STM32G0xx_HAL_Driver\Src\stm32g0xx_hal_adc.o
LOAD Thirdparty\STM32G0xx_HAL_Driver\Src\stm32g0xx_hal_adc_ex.o
LOAD Thirdparty\STM32G0xx_HAL_Driver\Src\stm32g0xx_hal_cec.o
LOAD Thirdparty\STM32G0xx_HAL_Driver\Src\stm32g0xx_hal_comp.o
LOAD Thirdparty\STM32G0xx_HAL_Driver\Src\stm32g0xx_hal_cortex.o
LOAD Thirdparty\STM32G0xx_HAL_Driver\Src\stm32g0xx_hal_crc.o
LOAD Thirdparty\STM32G0xx_HAL_Driver\Src\stm32g0xx_hal_crc_ex.o
LOAD Thirdparty\STM32G0xx_HAL_Driver\Src\stm32g0xx_hal_cryp.o
LOAD Thirdparty\STM32G0xx_HAL_Driver\Src\stm32g0xx_hal_cryp_ex.o
LOAD Thirdparty\STM32G0xx_HAL_Driver\Src\stm32g0xx_hal_dac.o
LOAD Thirdparty\STM32G0xx_HAL_Driver\Src\stm32g0xx_hal_dac_ex.o
LOAD Thirdparty\STM32G0xx_HAL_Driver\Src\stm32g0xx_hal_dma.o
LOAD Thirdparty\STM32G0xx_HAL_Driver\Src\stm32g0xx_hal_dma_ex.o
LOAD Thirdparty\STM32G0xx_HAL_Driver\Src\stm32g0xx_hal_exti.o
LOAD Thirdparty\STM32G0xx_HAL_Driver\Src\stm32g0xx_hal_fdcan.o
LOAD Thirdparty\STM32G0xx_HAL_Driver\Src\stm32g0xx_hal_flash.o
LOAD Thirdparty\STM32G0xx_HAL_Driver\Src\stm32g0xx_hal_flash_ex.o
LOAD Thirdparty\STM32G0xx_HAL_Driver\Src\stm32g0xx_hal_gpio.o
LOAD Thirdparty\STM32G0xx_HAL_Driver\Src\stm32g0xx_hal_hcd.o
LOAD Thirdparty\STM32G0xx_HAL_Driver\Src\stm32g0xx_hal_i2c.o
LOAD Thirdparty\STM32G0xx_HAL_Driver\Src\stm32g0xx_hal_i2c_ex.o
LOAD Thirdparty\STM32G0xx_HAL_Driver\Src\stm32g0xx_hal_i2s.o
LOAD Thirdparty\STM32G0xx_HAL_Driver\Src\stm32g0xx_hal_irda.o
LOAD Thirdparty\STM32G0xx_HAL_Driver\Src\stm32g0xx_hal_iwdg.o
LOAD Thirdparty\STM32G0xx_HAL_Driver\Src\stm32g0xx_hal_lptim.o
LOAD Thirdparty\STM32G0xx_HAL_Driver\Src\stm32g0xx_hal_msp_template.o
LOAD Thirdparty\STM32G0xx_HAL_Driver\Src\stm32g0xx_hal_pcd.o
LOAD Thirdparty\STM32G0xx_HAL_Driver\Src\stm32g0xx_hal_pcd_ex.o
LOAD Thirdparty\STM32G0xx_HAL_Driver\Src\stm32g0xx_hal_pwr.o
LOAD Thirdparty\STM32G0xx_HAL_Driver\Src\stm32g0xx_hal_pwr_ex.o
LOAD Thirdparty\STM32G0xx_HAL_Driver\Src\stm32g0xx_hal_rcc.o
LOAD Thirdparty\STM32G0xx_HAL_Driver\Src\stm32g0xx_hal_rcc_ex.o
LOAD Thirdparty\STM32G0xx_HAL_Driver\Src\stm32g0xx_hal_rng.o
LOAD Thirdparty\STM32G0xx_HAL_Driver\Src\stm32g0xx_hal_rtc.o
LOAD Thirdparty\STM32G0xx_HAL_Driver\Src\stm32g0xx_hal_rtc_ex.o
LOAD Thirdparty\STM32G0xx_HAL_Driver\Src\stm32g0xx_hal_smartcard.o
LOAD Thirdparty\STM32G0xx_HAL_Driver\Src\stm32g0xx_hal_smartcard_ex.o
LOAD Thirdparty\STM32G0xx_HAL_Driver\Src\stm32g0xx_hal_smbus.o
LOAD Thirdparty\STM32G0xx_HAL_Driver\Src\stm32g0xx_hal_smbus_ex.o
LOAD Thirdparty\STM32G0xx_HAL_Driver\Src\stm32g0xx_hal_spi.o
LOAD Thirdparty\STM32G0xx_HAL_Driver\Src\stm32g0xx_hal_spi_ex.o
LOAD Thirdparty\STM32G0xx_HAL_Driver\Src\stm32g0xx_hal_tim.o
LOAD Thirdparty\STM32G0xx_HAL_Driver\Src\stm32g0xx_hal_tim_ex.o
LOAD Thirdparty\STM32G0xx_HAL_Driver\Src\stm32g0xx_hal_uart.o
LOAD Thirdparty\STM32G0xx_HAL_Driver\Src\stm32g0xx_hal_uart_ex.o
LOAD Thirdparty\STM32G0xx_HAL_Driver\Src\stm32g0xx_hal_usart.o
LOAD Thirdparty\STM32G0xx_HAL_Driver\Src\stm32g0xx_hal_usart_ex.o
LOAD Thirdparty\STM32G0xx_HAL_Driver\Src\stm32g0xx_hal_wwdg.o
LOAD Thirdparty\STM32G0xx_HAL_Driver\Src\stm32g0xx_ll_adc.o
LOAD Thirdparty\STM32G0xx_HAL_Driver\Src\stm32g0xx_ll_comp.o
LOAD Thirdparty\STM32G0xx_HAL_Driver\Src\stm32g0xx_ll_crc.o
LOAD Thirdparty\STM32G0xx_HAL_Driver\Src\stm32g0xx_ll_crs.o
LOAD Thirdparty\STM32G0xx_HAL_Driver\Src\stm32g0xx_ll_dac.o
LOAD Thirdparty\STM32G0xx_HAL_Driver\Src\stm32g0xx_ll_dma.o
LOAD Thirdparty\STM32G0xx_HAL_Driver\Src\stm32g0xx_ll_exti.o
LOAD Thirdparty\STM32G0xx_HAL_Driver\Src\stm32g0xx_ll_gpio.o
LOAD Thirdparty\STM32G0xx_HAL_Driver\Src\stm32g0xx_ll_i2c.o
LOAD Thirdparty\STM32G0xx_HAL_Driver\Src\stm32g0xx_ll_lptim.o
LOAD Thirdparty\STM32G0xx_HAL_Driver\Src\stm32g0xx_ll_lpuart.o
LOAD Thirdparty\STM32G0xx_HAL_Driver\Src\stm32g0xx_ll_pwr.o
LOAD Thirdparty\STM32G0xx_HAL_Driver\Src\stm32g0xx_ll_rcc.o
LOAD Thirdparty\STM32G0xx_HAL_Driver\Src\stm32g0xx_ll_rng.o
LOAD Thirdparty\STM32G0xx_HAL_Driver\Src\stm32g0xx_ll_rtc.o
LOAD Thirdparty\STM32G0xx_HAL_Driver\Src\stm32g0xx_ll_spi.o
LOAD Thirdparty\STM32G0xx_HAL_Driver\Src\stm32g0xx_ll_tim.o
LOAD Thirdparty\STM32G0xx_HAL_Driver\Src\stm32g0xx_ll_ucpd.o
LOAD Thirdparty\STM32G0xx_HAL_Driver\Src\stm32g0xx_ll_usart.o
LOAD Thirdparty\STM32G0xx_HAL_Driver\Src\stm32g0xx_ll_usb.o
LOAD Thirdparty\STM32G0xx_HAL_Driver\Src\stm32g0xx_ll_utils.o
LOAD User\main.o
LOAD syscalls.o
START GROUP
LOAD C:/ST/STM32CubeIDE_1.17.0/STM32CubeIDE/plugins/com.st.stm32cube.ide.mcu.externaltools.gnu-tools-for-stm32.12.3.rel1.win32_1.1.0.202410251130/tools/bin/../lib/gcc/arm-none-eabi/12.3.1/../../../../arm-none-eabi/lib/thumb/v6-m/nofp\libc.a
LOAD C:/ST/STM32CubeIDE_1.17.0/STM32CubeIDE/plugins/com.st.stm32cube.ide.mcu.externaltools.gnu-tools-for-stm32.12.3.rel1.win32_1.1.0.202410251130/tools/bin/../lib/gcc/arm-none-eabi/12.3.1/../../../../arm-none-eabi/lib/thumb/v6-m/nofp\libm.a
END GROUP
START GROUP
LOAD C:/ST/STM32CubeIDE_1.17.0/STM32CubeIDE/plugins/com.st.stm32cube.ide.mcu.externaltools.gnu-tools-for-stm32.12.3.rel1.win32_1.1.0.202410251130/tools/bin/../lib/gcc/arm-none-eabi/12.3.1/thumb/v6-m/nofp\libgcc.a
LOAD C:/ST/STM32CubeIDE_1.17.0/STM32CubeIDE/plugins/com.st.stm32cube.ide.mcu.externaltools.gnu-tools-for-stm32.12.3.rel1.win32_1.1.0.202410251130/tools/bin/../lib/gcc/arm-none-eabi/12.3.1/../../../../arm-none-eabi/lib/thumb/v6-m/nofp\libc.a
END GROUP
START GROUP
LOAD C:/ST/STM32CubeIDE_1.17.0/STM32CubeIDE/plugins/com.st.stm32cube.ide.mcu.externaltools.gnu-tools-for-stm32.12.3.rel1.win32_1.1.0.202410251130/tools/bin/../lib/gcc/arm-none-eabi/12.3.1/thumb/v6-m/nofp\libgcc.a
LOAD C:/ST/STM32CubeIDE_1.17.0/STM32CubeIDE/plugins/com.st.stm32cube.ide.mcu.externaltools.gnu-tools-for-stm32.12.3.rel1.win32_1.1.0.202410251130/tools/bin/../lib/gcc/arm-none-eabi/12.3.1/../../../../arm-none-eabi/lib/thumb/v6-m/nofp\libc.a
LOAD C:/ST/STM32CubeIDE_1.17.0/STM32CubeIDE/plugins/com.st.stm32cube.ide.mcu.externaltools.gnu-tools-for-stm32.12.3.rel1.win32_1.1.0.202410251130/tools/bin/../lib/gcc/arm-none-eabi/12.3.1/../../../../arm-none-eabi/lib/thumb/v6-m/nofp\libnosys.a
END GROUP
LOAD C:/ST/STM32CubeIDE_1.17.0/STM32CubeIDE/plugins/com.st.stm32cube.ide.mcu.externaltools.gnu-tools-for-stm32.12.3.rel1.win32_1.1.0.202410251130/tools/bin/../lib/gcc/arm-none-eabi/12.3.1/thumb/v6-m/nofp/crtend.o
LOAD C:/ST/STM32CubeIDE_1.17.0/STM32CubeIDE/plugins/com.st.stm32cube.ide.mcu.externaltools.gnu-tools-for-stm32.12.3.rel1.win32_1.1.0.202410251130/tools/bin/../lib/gcc/arm-none-eabi/12.3.1/thumb/v6-m/nofp/crtn.o
                0x20024000                        _estack = (ORIGIN (RAM) + LENGTH (RAM))
                0x00000200                        _Min_Heap_Size = 0x200
                0x00000400                        _Min_Stack_Size = 0x400

.isr_vector     0x08000000       0xbc
                0x08000000                        . = ALIGN (0x4)
 *(.isr_vector)
 .isr_vector    0x08000000       0xbc H0BR4\startup_stm32g0b1ceuxn.o
                0x08000000                g_pfnVectors
                0x080000bc                        . = ALIGN (0x4)

.text           0x080000c0    0x2e430
                0x080000c0                        . = ALIGN (0x4)
 *(.text)
 .text          0x080000c0       0x48 C:/ST/STM32CubeIDE_1.17.0/STM32CubeIDE/plugins/com.st.stm32cube.ide.mcu.externaltools.gnu-tools-for-stm32.12.3.rel1.win32_1.1.0.202410251130/tools/bin/../lib/gcc/arm-none-eabi/12.3.1/thumb/v6-m/nofp/crtbegin.o
 .text          0x08000108       0x14 C:/ST/STM32CubeIDE_1.17.0/STM32CubeIDE/plugins/com.st.stm32cube.ide.mcu.externaltools.gnu-tools-for-stm32.12.3.rel1.win32_1.1.0.202410251130/tools/bin/../lib/gcc/arm-none-eabi/12.3.1/../../../../arm-none-eabi/lib/thumb/v6-m/nofp\libc.a(libc_a-strcmp.o)
                0x08000108                strcmp
 .text          0x0800011c        0xe C:/ST/STM32CubeIDE_1.17.0/STM32CubeIDE/plugins/com.st.stm32cube.ide.mcu.externaltools.gnu-tools-for-stm32.12.3.rel1.win32_1.1.0.202410251130/tools/bin/../lib/gcc/arm-none-eabi/12.3.1/../../../../arm-none-eabi/lib/thumb/v6-m/nofp\libc.a(libc_a-strlen.o)
                0x0800011c                strlen
 *fill*         0x0800012a        0x2 
 .text          0x0800012c       0x14 C:/ST/STM32CubeIDE_1.17.0/STM32CubeIDE/plugins/com.st.stm32cube.ide.mcu.externaltools.gnu-tools-for-stm32.12.3.rel1.win32_1.1.0.202410251130/tools/bin/../lib/gcc/arm-none-eabi/12.3.1/thumb/v6-m/nofp\libgcc.a(_thumb1_case_uqi.o)
                0x0800012c                __gnu_thumb1_case_uqi
 .text          0x08000140       0x14 C:/ST/STM32CubeIDE_1.17.0/STM32CubeIDE/plugins/com.st.stm32cube.ide.mcu.externaltools.gnu-tools-for-stm32.12.3.rel1.win32_1.1.0.202410251130/tools/bin/../lib/gcc/arm-none-eabi/12.3.1/thumb/v6-m/nofp\libgcc.a(_thumb1_case_uhi.o)
                0x08000140                __gnu_thumb1_case_uhi
 .text          0x08000154      0x114 C:/ST/STM32CubeIDE_1.17.0/STM32CubeIDE/plugins/com.st.stm32cube.ide.mcu.externaltools.gnu-tools-for-stm32.12.3.rel1.win32_1.1.0.202410251130/tools/bin/../lib/gcc/arm-none-eabi/12.3.1/thumb/v6-m/nofp\libgcc.a(_udivsi3.o)
                0x08000154                __aeabi_uidiv
                0x08000154                __udivsi3
                0x08000260                __aeabi_uidivmod
 .text          0x08000268      0x1d4 C:/ST/STM32CubeIDE_1.17.0/STM32CubeIDE/plugins/com.st.stm32cube.ide.mcu.externaltools.gnu-tools-for-stm32.12.3.rel1.win32_1.1.0.202410251130/tools/bin/../lib/gcc/arm-none-eabi/12.3.1/thumb/v6-m/nofp\libgcc.a(_divsi3.o)
                0x08000268                __divsi3
                0x08000268                __aeabi_idiv
                0x08000434                __aeabi_idivmod
 .text          0x0800043c        0x4 C:/ST/STM32CubeIDE_1.17.0/STM32CubeIDE/plugins/com.st.stm32cube.ide.mcu.externaltools.gnu-tools-for-stm32.12.3.rel1.win32_1.1.0.202410251130/tools/bin/../lib/gcc/arm-none-eabi/12.3.1/thumb/v6-m/nofp\libgcc.a(_dvmd_tls.o)
                0x0800043c                __aeabi_idiv0
                0x0800043c                __aeabi_ldiv0
 .text          0x08000440       0x7c C:/ST/STM32CubeIDE_1.17.0/STM32CubeIDE/plugins/com.st.stm32cube.ide.mcu.externaltools.gnu-tools-for-stm32.12.3.rel1.win32_1.1.0.202410251130/tools/bin/../lib/gcc/arm-none-eabi/12.3.1/thumb/v6-m/nofp\libgcc.a(_arm_cmpdf2.o)
                0x08000440                __aeabi_cdrcmple
                0x08000450                __aeabi_cdcmple
                0x08000450                __aeabi_cdcmpeq
                0x08000460                __aeabi_dcmpeq
                0x0800046c                __aeabi_dcmplt
                0x08000480                __aeabi_dcmple
                0x08000494                __aeabi_dcmpgt
                0x080004a8                __aeabi_dcmpge
 .text          0x080004bc       0x74 C:/ST/STM32CubeIDE_1.17.0/STM32CubeIDE/plugins/com.st.stm32cube.ide.mcu.externaltools.gnu-tools-for-stm32.12.3.rel1.win32_1.1.0.202410251130/tools/bin/../lib/gcc/arm-none-eabi/12.3.1/thumb/v6-m/nofp\libgcc.a(_arm_cmpsf2.o)
                0x080004bc                __aeabi_cfrcmple
                0x080004c4                __aeabi_cfcmpeq
                0x080004c4                __aeabi_cfcmple
                0x080004d4                __aeabi_fcmpeq
                0x080004e0                __aeabi_fcmplt
                0x080004f4                __aeabi_fcmple
                0x08000508                __aeabi_fcmpgt
                0x0800051c                __aeabi_fcmpge
 .text          0x08000530       0x14 C:/ST/STM32CubeIDE_1.17.0/STM32CubeIDE/plugins/com.st.stm32cube.ide.mcu.externaltools.gnu-tools-for-stm32.12.3.rel1.win32_1.1.0.202410251130/tools/bin/../lib/gcc/arm-none-eabi/12.3.1/thumb/v6-m/nofp\libgcc.a(_aeabi_ulcmp.o)
                0x08000530                __aeabi_ulcmp
 .text          0x08000544       0x40 C:/ST/STM32CubeIDE_1.17.0/STM32CubeIDE/plugins/com.st.stm32cube.ide.mcu.externaltools.gnu-tools-for-stm32.12.3.rel1.win32_1.1.0.202410251130/tools/bin/../lib/gcc/arm-none-eabi/12.3.1/thumb/v6-m/nofp\libgcc.a(_aeabi_uldivmod.o)
                0x08000544                __aeabi_uldivmod
 .text          0x08000584       0x5c C:/ST/STM32CubeIDE_1.17.0/STM32CubeIDE/plugins/com.st.stm32cube.ide.mcu.externaltools.gnu-tools-for-stm32.12.3.rel1.win32_1.1.0.202410251130/tools/bin/../lib/gcc/arm-none-eabi/12.3.1/thumb/v6-m/nofp\libgcc.a(_muldi3.o)
                0x08000584                __muldi3
                0x08000584                __aeabi_lmul
 .text          0x080005e0       0x30 C:/ST/STM32CubeIDE_1.17.0/STM32CubeIDE/plugins/com.st.stm32cube.ide.mcu.externaltools.gnu-tools-for-stm32.12.3.rel1.win32_1.1.0.202410251130/tools/bin/../lib/gcc/arm-none-eabi/12.3.1/thumb/v6-m/nofp\libgcc.a(_fixunssfsi.o)
                0x080005e0                __fixunssfsi
                0x080005e0                __aeabi_f2uiz
 .text          0x08000610       0x3c C:/ST/STM32CubeIDE_1.17.0/STM32CubeIDE/plugins/com.st.stm32cube.ide.mcu.externaltools.gnu-tools-for-stm32.12.3.rel1.win32_1.1.0.202410251130/tools/bin/../lib/gcc/arm-none-eabi/12.3.1/thumb/v6-m/nofp\libgcc.a(_fixunsdfsi.o)
                0x08000610                __aeabi_d2uiz
                0x08000610                __fixunsdfsi
 .text          0x0800064c       0x38 C:/ST/STM32CubeIDE_1.17.0/STM32CubeIDE/plugins/com.st.stm32cube.ide.mcu.externaltools.gnu-tools-for-stm32.12.3.rel1.win32_1.1.0.202410251130/tools/bin/../lib/gcc/arm-none-eabi/12.3.1/thumb/v6-m/nofp\libgcc.a(_fixdfdi.o)
                0x0800064c                __fixdfdi
                0x0800064c                __aeabi_d2lz
 .text          0x08000684       0x3c C:/ST/STM32CubeIDE_1.17.0/STM32CubeIDE/plugins/com.st.stm32cube.ide.mcu.externaltools.gnu-tools-for-stm32.12.3.rel1.win32_1.1.0.202410251130/tools/bin/../lib/gcc/arm-none-eabi/12.3.1/thumb/v6-m/nofp\libgcc.a(_fixunsdfdi.o)
                0x08000684                __fixunsdfdi
                0x08000684                __aeabi_d2ulz
 .text          0x080006c0       0x2c C:/ST/STM32CubeIDE_1.17.0/STM32CubeIDE/plugins/com.st.stm32cube.ide.mcu.externaltools.gnu-tools-for-stm32.12.3.rel1.win32_1.1.0.202410251130/tools/bin/../lib/gcc/arm-none-eabi/12.3.1/thumb/v6-m/nofp\libgcc.a(_floatdidf.o)
                0x080006c0                __aeabi_l2d
                0x080006c0                __floatdidf
 .text          0x080006ec      0x198 C:/ST/STM32CubeIDE_1.17.0/STM32CubeIDE/plugins/com.st.stm32cube.ide.mcu.externaltools.gnu-tools-for-stm32.12.3.rel1.win32_1.1.0.202410251130/tools/bin/../lib/gcc/arm-none-eabi/12.3.1/thumb/v6-m/nofp\libgcc.a(_udivmoddi4.o)
                0x080006ec                __udivmoddi4
 .text          0x08000884      0x314 C:/ST/STM32CubeIDE_1.17.0/STM32CubeIDE/plugins/com.st.stm32cube.ide.mcu.externaltools.gnu-tools-for-stm32.12.3.rel1.win32_1.1.0.202410251130/tools/bin/../lib/gcc/arm-none-eabi/12.3.1/thumb/v6-m/nofp\libgcc.a(addsf3.o)
                0x08000884                __aeabi_fadd
 .text          0x08000b98      0x240 C:/ST/STM32CubeIDE_1.17.0/STM32CubeIDE/plugins/com.st.stm32cube.ide.mcu.externaltools.gnu-tools-for-stm32.12.3.rel1.win32_1.1.0.202410251130/tools/bin/../lib/gcc/arm-none-eabi/12.3.1/thumb/v6-m/nofp\libgcc.a(divsf3.o)
                0x08000b98                __aeabi_fdiv
 .text          0x08000dd8       0x50 C:/ST/STM32CubeIDE_1.17.0/STM32CubeIDE/plugins/com.st.stm32cube.ide.mcu.externaltools.gnu-tools-for-stm32.12.3.rel1.win32_1.1.0.202410251130/tools/bin/../lib/gcc/arm-none-eabi/12.3.1/thumb/v6-m/nofp\libgcc.a(eqsf2.o)
                0x08000dd8                __eqsf2
                0x08000dd8                __nesf2
 .text          0x08000e28       0xa0 C:/ST/STM32CubeIDE_1.17.0/STM32CubeIDE/plugins/com.st.stm32cube.ide.mcu.externaltools.gnu-tools-for-stm32.12.3.rel1.win32_1.1.0.202410251130/tools/bin/../lib/gcc/arm-none-eabi/12.3.1/thumb/v6-m/nofp\libgcc.a(gesf2.o)
                0x08000e28                __gesf2
                0x08000e28                __gtsf2
 .text          0x08000ec8       0x9c C:/ST/STM32CubeIDE_1.17.0/STM32CubeIDE/plugins/com.st.stm32cube.ide.mcu.externaltools.gnu-tools-for-stm32.12.3.rel1.win32_1.1.0.202410251130/tools/bin/../lib/gcc/arm-none-eabi/12.3.1/thumb/v6-m/nofp\libgcc.a(lesf2.o)
                0x08000ec8                __ltsf2
                0x08000ec8                __lesf2
 .text          0x08000f64      0x27c C:/ST/STM32CubeIDE_1.17.0/STM32CubeIDE/plugins/com.st.stm32cube.ide.mcu.externaltools.gnu-tools-for-stm32.12.3.rel1.win32_1.1.0.202410251130/tools/bin/../lib/gcc/arm-none-eabi/12.3.1/thumb/v6-m/nofp\libgcc.a(mulsf3.o)
                0x08000f64                __aeabi_fmul
 .text          0x080011e0      0x348 C:/ST/STM32CubeIDE_1.17.0/STM32CubeIDE/plugins/com.st.stm32cube.ide.mcu.externaltools.gnu-tools-for-stm32.12.3.rel1.win32_1.1.0.202410251130/tools/bin/../lib/gcc/arm-none-eabi/12.3.1/thumb/v6-m/nofp\libgcc.a(subsf3.o)
                0x080011e0                __aeabi_fsub
 .text          0x08001528       0x40 C:/ST/STM32CubeIDE_1.17.0/STM32CubeIDE/plugins/com.st.stm32cube.ide.mcu.externaltools.gnu-tools-for-stm32.12.3.rel1.win32_1.1.0.202410251130/tools/bin/../lib/gcc/arm-none-eabi/12.3.1/thumb/v6-m/nofp\libgcc.a(fixsfsi.o)
                0x08001528                __aeabi_f2iz
 .text          0x08001568       0x98 C:/ST/STM32CubeIDE_1.17.0/STM32CubeIDE/plugins/com.st.stm32cube.ide.mcu.externaltools.gnu-tools-for-stm32.12.3.rel1.win32_1.1.0.202410251130/tools/bin/../lib/gcc/arm-none-eabi/12.3.1/thumb/v6-m/nofp\libgcc.a(floatsisf.o)
                0x08001568                __aeabi_i2f
 .text          0x08001600       0x84 C:/ST/STM32CubeIDE_1.17.0/STM32CubeIDE/plugins/com.st.stm32cube.ide.mcu.externaltools.gnu-tools-for-stm32.12.3.rel1.win32_1.1.0.202410251130/tools/bin/../lib/gcc/arm-none-eabi/12.3.1/thumb/v6-m/nofp\libgcc.a(floatunsisf.o)
                0x08001600                __aeabi_ui2f
 .text          0x08001684      0x6c8 C:/ST/STM32CubeIDE_1.17.0/STM32CubeIDE/plugins/com.st.stm32cube.ide.mcu.externaltools.gnu-tools-for-stm32.12.3.rel1.win32_1.1.0.202410251130/tools/bin/../lib/gcc/arm-none-eabi/12.3.1/thumb/v6-m/nofp\libgcc.a(adddf3.o)
                0x08001684                __aeabi_dadd
 .text          0x08001d4c      0x634 C:/ST/STM32CubeIDE_1.17.0/STM32CubeIDE/plugins/com.st.stm32cube.ide.mcu.externaltools.gnu-tools-for-stm32.12.3.rel1.win32_1.1.0.202410251130/tools/bin/../lib/gcc/arm-none-eabi/12.3.1/thumb/v6-m/nofp\libgcc.a(divdf3.o)
                0x08001d4c                __aeabi_ddiv
 .text          0x08002380       0x88 C:/ST/STM32CubeIDE_1.17.0/STM32CubeIDE/plugins/com.st.stm32cube.ide.mcu.externaltools.gnu-tools-for-stm32.12.3.rel1.win32_1.1.0.202410251130/tools/bin/../lib/gcc/arm-none-eabi/12.3.1/thumb/v6-m/nofp\libgcc.a(eqdf2.o)
                0x08002380                __nedf2
                0x08002380                __eqdf2
 .text          0x08002408       0xe8 C:/ST/STM32CubeIDE_1.17.0/STM32CubeIDE/plugins/com.st.stm32cube.ide.mcu.externaltools.gnu-tools-for-stm32.12.3.rel1.win32_1.1.0.202410251130/tools/bin/../lib/gcc/arm-none-eabi/12.3.1/thumb/v6-m/nofp\libgcc.a(gedf2.o)
                0x08002408                __gedf2
                0x08002408                __gtdf2
 .text          0x080024f0       0xe4 C:/ST/STM32CubeIDE_1.17.0/STM32CubeIDE/plugins/com.st.stm32cube.ide.mcu.externaltools.gnu-tools-for-stm32.12.3.rel1.win32_1.1.0.202410251130/tools/bin/../lib/gcc/arm-none-eabi/12.3.1/thumb/v6-m/nofp\libgcc.a(ledf2.o)
                0x080024f0                __ledf2
                0x080024f0                __ltdf2
 .text          0x080025d4      0x590 C:/ST/STM32CubeIDE_1.17.0/STM32CubeIDE/plugins/com.st.stm32cube.ide.mcu.externaltools.gnu-tools-for-stm32.12.3.rel1.win32_1.1.0.202410251130/tools/bin/../lib/gcc/arm-none-eabi/12.3.1/thumb/v6-m/nofp\libgcc.a(muldf3.o)
                0x080025d4                __aeabi_dmul
 .text          0x08002b64      0x738 C:/ST/STM32CubeIDE_1.17.0/STM32CubeIDE/plugins/com.st.stm32cube.ide.mcu.externaltools.gnu-tools-for-stm32.12.3.rel1.win32_1.1.0.202410251130/tools/bin/../lib/gcc/arm-none-eabi/12.3.1/thumb/v6-m/nofp\libgcc.a(subdf3.o)
                0x08002b64                __aeabi_dsub
 .text          0x0800329c       0x44 C:/ST/STM32CubeIDE_1.17.0/STM32CubeIDE/plugins/com.st.stm32cube.ide.mcu.externaltools.gnu-tools-for-stm32.12.3.rel1.win32_1.1.0.202410251130/tools/bin/../lib/gcc/arm-none-eabi/12.3.1/thumb/v6-m/nofp\libgcc.a(unorddf2.o)
                0x0800329c                __aeabi_dcmpun
 .text          0x080032e0       0x78 C:/ST/STM32CubeIDE_1.17.0/STM32CubeIDE/plugins/com.st.stm32cube.ide.mcu.externaltools.gnu-tools-for-stm32.12.3.rel1.win32_1.1.0.202410251130/tools/bin/../lib/gcc/arm-none-eabi/12.3.1/thumb/v6-m/nofp\libgcc.a(fixdfsi.o)
                0x080032e0                __aeabi_d2iz
 .text          0x08003358       0x5c C:/ST/STM32CubeIDE_1.17.0/STM32CubeIDE/plugins/com.st.stm32cube.ide.mcu.externaltools.gnu-tools-for-stm32.12.3.rel1.win32_1.1.0.202410251130/tools/bin/../lib/gcc/arm-none-eabi/12.3.1/thumb/v6-m/nofp\libgcc.a(floatsidf.o)
                0x08003358                __aeabi_i2d
 .text          0x080033b4       0x48 C:/ST/STM32CubeIDE_1.17.0/STM32CubeIDE/plugins/com.st.stm32cube.ide.mcu.externaltools.gnu-tools-for-stm32.12.3.rel1.win32_1.1.0.202410251130/tools/bin/../lib/gcc/arm-none-eabi/12.3.1/thumb/v6-m/nofp\libgcc.a(floatunsidf.o)
                0x080033b4                __aeabi_ui2d
 .text          0x080033fc       0x90 C:/ST/STM32CubeIDE_1.17.0/STM32CubeIDE/plugins/com.st.stm32cube.ide.mcu.externaltools.gnu-tools-for-stm32.12.3.rel1.win32_1.1.0.202410251130/tools/bin/../lib/gcc/arm-none-eabi/12.3.1/thumb/v6-m/nofp\libgcc.a(extendsfdf2.o)
                0x080033fc                __aeabi_f2d
 .text          0x0800348c      0x108 C:/ST/STM32CubeIDE_1.17.0/STM32CubeIDE/plugins/com.st.stm32cube.ide.mcu.externaltools.gnu-tools-for-stm32.12.3.rel1.win32_1.1.0.202410251130/tools/bin/../lib/gcc/arm-none-eabi/12.3.1/thumb/v6-m/nofp\libgcc.a(truncdfsf2.o)
                0x0800348c                __aeabi_d2f
 .text          0x08003594       0x3c C:/ST/STM32CubeIDE_1.17.0/STM32CubeIDE/plugins/com.st.stm32cube.ide.mcu.externaltools.gnu-tools-for-stm32.12.3.rel1.win32_1.1.0.202410251130/tools/bin/../lib/gcc/arm-none-eabi/12.3.1/thumb/v6-m/nofp\libgcc.a(_clzsi2.o)
                0x08003594                __clzsi2
 .text          0x080035d0       0x18 C:/ST/STM32CubeIDE_1.17.0/STM32CubeIDE/plugins/com.st.stm32cube.ide.mcu.externaltools.gnu-tools-for-stm32.12.3.rel1.win32_1.1.0.202410251130/tools/bin/../lib/gcc/arm-none-eabi/12.3.1/thumb/v6-m/nofp\libgcc.a(_clzdi2.o)
                0x080035d0                __clzdi2
 *(.text*)
 .text.__NVIC_SystemReset
                0x080035e8       0x24 BOS\BOS.o
 .text.Processor_type
                0x0800360c       0x5a BOS\BOS.o
                0x0800360c                Processor_type
 *fill*         0x08003666        0x2 
 .text.Get_Module_Name
                0x08003668       0x28 BOS\BOS.o
                0x08003668                Get_Module_Name
 .text.Send_BOS_Message
                0x08003690       0xfc BOS\BOS.o
                0x08003690                Send_BOS_Message
 .text.LoadEEvars
                0x0800378c       0x2a BOS\BOS.o
                0x0800378c                LoadEEvars
 *fill*         0x080037b6        0x2 
 .text.LoadROtopology
                0x080037b8       0xfc BOS\BOS.o
                0x080037b8                LoadROtopology
 .text.LoadEEportsDir
                0x080038b4       0x68 BOS\BOS.o
                0x080038b4                LoadEEportsDir
 .text.LoadEEalias
                0x0800391c       0xd8 BOS\BOS.o
                0x0800391c                LoadEEalias
 .text.LoadEEgroup
                0x080039f4      0x120 BOS\BOS.o
                0x080039f4                LoadEEgroup
 .text.LoadEEstreams
                0x08003b14      0x228 BOS\BOS.o
                0x08003b14                LoadEEstreams
 .text.LoadEEparams
                0x08003d3c      0x2e4 BOS\BOS.o
                0x08003d3c                LoadEEparams
 .text.LoadEEbuttons
                0x08004020      0x2ec BOS\BOS.o
                0x08004020                LoadEEbuttons
 .text.LoadROsnippets
                0x0800430c      0x1d8 BOS\BOS.o
                0x0800430c                LoadROsnippets
 .text.SaveEEportsDir
                0x080044e4       0x78 BOS\BOS.o
                0x080044e4                SaveEEportsDir
 .text.SaveEEalias
                0x0800455c       0xd0 BOS\BOS.o
                0x0800455c                SaveEEalias
 .text.SaveEEstreams
                0x0800462c       0xdc BOS\BOS.o
                0x0800462c                SaveEEstreams
 .text.SaveEEparams
                0x08004708       0xb4 BOS\BOS.o
                0x08004708                SaveEEparams
 .text.ClearEEportsDir
                0x080047bc       0x84 BOS\BOS.o
                0x080047bc                ClearEEportsDir
 .text.EE_FormatForFactoryReset
                0x08004840       0x2c BOS\BOS.o
                0x08004840                EE_FormatForFactoryReset
 .text.IsLowerCLIbaud
                0x0800486c       0xe8 BOS\BOS.o
                0x0800486c                IsLowerCLIbaud
 .text.IsModuleParameter
                0x08004954       0x64 BOS\BOS.o
                0x08004954                IsModuleParameter
 .text.IsMathOperator
                0x080049b8       0xc4 BOS\BOS.o
                0x080049b8                IsMathOperator
 .text.BOS_Init
                0x08004a7c      0x13c BOS\BOS.o
                0x08004a7c                BOS_Init
 .text.Module_Init
                0x08004bb8       0x1e BOS\BOS.o
                0x08004bb8                Module_Init
 *fill*         0x08004bd6        0x2 
 .text.Explore  0x08004bd8      0xa14 BOS\BOS.o
                0x08004bd8                Explore
 .text.ExploreNeighbors
                0x080055ec       0x90 BOS\BOS.o
                0x080055ec                ExploreNeighbors
 .text.FindBroadcastRoutes
                0x0800567c      0x3b0 BOS\BOS.o
                0x0800567c                FindBroadcastRoutes
 .text.FindRoute
                0x08005a2c      0x2d8 BOS\BOS.o
                0x08005a2c                FindRoute
 .text.minArr   0x08005d04       0x88 BOS\BOS.o
                0x08005d04                minArr
 .text.QnotEmpty
                0x08005d8c       0x50 BOS\BOS.o
                0x08005d8c                QnotEmpty
 .text.DisplayTopology
                0x08005ddc      0x258 BOS\BOS.o
                0x08005ddc                DisplayTopology
 .text.DisplayPortsDir
                0x08006034      0x118 BOS\BOS.o
                0x08006034                DisplayPortsDir
 .text.DisplayModuleStatus
                0x0800614c      0x3b4 BOS\BOS.o
                0x0800614c                DisplayModuleStatus
 .text.GetID    0x08006500      0x15c BOS\BOS.o
                0x08006500                GetID
 .text.NameModule
                0x0800665c      0x140 BOS\BOS.o
                0x0800665c                NameModule
 .text.AddModuleToGroup
                0x0800679c      0x1b8 BOS\BOS.o
                0x0800679c                AddModuleToGroup
 .text.WriteToRemote
                0x08006954      0x1fc BOS\BOS.o
                0x08006954                WriteToRemote
 .text.GetDateString
                0x08006b50       0x5c BOS\BOS.o
                0x08006b50                GetDateString
 .text.Bridge   0x08006bac       0x4c BOS\BOS.o
                0x08006bac                Bridge
 .text.Unbridge
                0x08006bf8       0xbc BOS\BOS.o
                0x08006bf8                Unbridge
 .text.EnableStopModebyUARTx
                0x08006cb4       0xb8 BOS\BOS.o
                0x08006cb4                EnableStopModebyUARTx
 .text.EnableStandbyModebyWakeupPinx
                0x08006d6c       0x64 BOS\BOS.o
                0x08006d6c                EnableStandbyModebyWakeupPinx
 .text.DisableStandbyModeWakeupPinx
                0x08006dd0       0x9c BOS\BOS.o
                0x08006dd0                DisableStandbyModeWakeupPinx
 .text.prvCLITask
                0x08006e6c      0x278 BOS\BOS_CLI.o
                0x08006e6c                prvCLITask
 .text.CLI_CommandParser
                0x080070e4      0x57c BOS\BOS_CLI.o
                0x080070e4                CLI_CommandParser
 .text.StringToLowerCase
                0x08007660       0x6c BOS\BOS_CLI.o
                0x08007660                StringToLowerCase
 .text.AddSnippet
                0x080076cc      0x1b4 BOS\BOS_CLI.o
                0x080076cc                AddSnippet
 .text.ParseSnippetCondition
                0x08007880      0x7f8 BOS\BOS_CLI.o
                0x08007880                ParseSnippetCondition
 .text.ParseSnippetCommand
                0x08008078       0xc8 BOS\BOS_CLI.o
                0x08008078                ParseSnippetCommand
 .text.CheckSnippetCondition
                0x08008140      0x1b4 BOS\BOS_CLI.o
                0x08008140                CheckSnippetCondition
 .text.ExecuteSnippet
                0x080082f4       0xd8 BOS\BOS_CLI.o
                0x080082f4                ExecuteSnippet
 .text.__NVIC_SystemReset
                0x080083cc       0x24 BOS\BOS_CLIcommands.o
 .text.RegisterUserCLICommands
                0x080083f0        0xa BOS\BOS_CLIcommands.o
                0x080083f0                RegisterUserCLICommands
 *fill*         0x080083fa        0x2 
 .text.vRegisterCLICommands
                0x080083fc      0x1b0 BOS\BOS_CLIcommands.o
                0x080083fc                vRegisterCLICommands
 .text.prvTaskStatsCommand
                0x080085ac       0x40 BOS\BOS_CLIcommands.o
 .text.prvRunTimeStatsCommand
                0x080085ec       0x40 BOS\BOS_CLIcommands.o
 .text.pingCommand
                0x0800862c       0x9c BOS\BOS_CLIcommands.o
 .text.bootloaderUpdateCommand
                0x080086c8      0x200 BOS\BOS_CLIcommands.o
 .text.exploreCommand
                0x080088c8       0xf8 BOS\BOS_CLIcommands.o
 .text.resetCommand
                0x080089c0       0x10 BOS\BOS_CLIcommands.o
 .text.nameCommand
                0x080089d0       0xe8 BOS\BOS_CLIcommands.o
 .text.groupCommand
                0x08008ab8      0x2fc BOS\BOS_CLIcommands.o
 .text.statusCommand
                0x08008db4       0x1c BOS\BOS_CLIcommands.o
 .text.infoCommand
                0x08008dd0       0xfc BOS\BOS_CLIcommands.o
 .text.scastCommand
                0x08008ecc      0x2dc BOS\BOS_CLIcommands.o
 .text.addbuttonCommand
                0x080091a8      0x150 BOS\BOS_CLIcommands.o
 .text.removebuttonCommand
                0x080092f8       0x94 BOS\BOS_CLIcommands.o
 .text.setCommand
                0x0800938c      0xa04 BOS\BOS_CLIcommands.o
 .text.getCommand
                0x08009d90      0x310 BOS\BOS_CLIcommands.o
 .text.defaultCommand
                0x0800a0a0       0xf8 BOS\BOS_CLIcommands.o
 .text.timeCommand
                0x0800a198       0xd8 BOS\BOS_CLIcommands.o
 .text.dateCommand
                0x0800a270       0x34 BOS\BOS_CLIcommands.o
 .text.setBaudrateCommand
                0x0800a2a4       0xc0 BOS\BOS_CLIcommands.o
 .text.uuidCommand
                0x0800a364       0x70 BOS\BOS_CLIcommands.o
 .text.idcodeCommand
                0x0800a3d4       0xe0 BOS\BOS_CLIcommands.o
 .text.flashsizeCommand
                0x0800a4b4       0x34 BOS\BOS_CLIcommands.o
 .text.snipCommand
                0x0800a4e8      0x3ac BOS\BOS_CLIcommands.o
 .text.actSnipCommand
                0x0800a894       0xb8 BOS\BOS_CLIcommands.o
 .text.pauseSnipCommand
                0x0800a94c       0xb8 BOS\BOS_CLIcommands.o
 .text.delSnipCommand
                0x0800aa04      0x1d4 BOS\BOS_CLIcommands.o
 .text.bridgeCommand
                0x0800abd8      0x11c BOS\BOS_CLIcommands.o
 .text.unbridgeCommand
                0x0800acf4      0x11c BOS\BOS_CLIcommands.o
 .text.testportCommand
                0x0800ae10      0x2d8 BOS\BOS_CLIcommands.o
 .text.ADCReadCommand
                0x0800b0e8      0x134 BOS\BOS_CLIcommands.o
 .text.ReadTempCommand
                0x0800b21c       0x54 BOS\BOS_CLIcommands.o
 .text.ReadVrefCommand
                0x0800b270       0x54 BOS\BOS_CLIcommands.o
 .text.GetReadPrecentageCommand
                0x0800b2c4       0x98 BOS\BOS_CLIcommands.o
 .text.StartDMAstream
                0x0800b35c       0xb0 BOS\BOS_dma.o
                0x0800b35c                StartDMAstream
 .text.DMA_IRQHandler
                0x0800b40c      0x108 BOS\BOS_dma.o
                0x0800b40c                DMA_IRQHandler
 .text.ResetUartORE
                0x0800b514       0x54 BOS\BOS_dma.o
                0x0800b514                ResetUartORE
 .text.MX_FREERTOS_Init
                0x0800b568      0x260 BOS\BOS_freertos.o
                0x0800b568                MX_FREERTOS_Init
 .text.StartDefaultTask
                0x0800b7c8      0x10c BOS\BOS_freertos.o
                0x0800b7c8                StartDefaultTask
 .text.ExecuteMonitor
                0x0800b8d4      0x4c8 BOS\BOS_freertos.o
                0x0800b8d4                ExecuteMonitor
 .text.vMainConfigureTimerForRunTimeStats
                0x0800bd9c       0x2c BOS\BOS_freertos.o
                0x0800bd9c                vMainConfigureTimerForRunTimeStats
 .text.ulMainGetRunTimeCounterValue
                0x0800bdc8       0x90 BOS\BOS_freertos.o
                0x0800bdc8                ulMainGetRunTimeCounterValue
 .text.SetupDMAStreams
                0x0800be58      0x3c8 BOS\BOS_messaging.o
                0x0800be58                SetupDMAStreams
 .text.StreamTimerCallback
                0x0800c220       0x98 BOS\BOS_messaging.o
                0x0800c220                StreamTimerCallback
 .text.ForwardReceivedMessage
                0x0800c2b8       0x80 BOS\BOS_messaging.o
                0x0800c2b8                ForwardReceivedMessage
 .text.BroadcastReceivedMessage
                0x0800c338       0x70 BOS\BOS_messaging.o
                0x0800c338                BroadcastReceivedMessage
 .text.NotifyMessagingTask
                0x0800c3a8       0xa4 BOS\BOS_messaging.o
                0x0800c3a8                NotifyMessagingTask
 .text.BroadcastMessage
                0x0800c44c       0x94 BOS\BOS_messaging.o
                0x0800c44c                BroadcastMessage
 .text.SendMessageToModule
                0x0800c4e0       0xa4 BOS\BOS_messaging.o
                0x0800c4e0                SendMessageToModule
 .text.SendLargeMessageToModule
                0x0800c584      0x10c BOS\BOS_messaging.o
                0x0800c584                SendLargeMessageToModule
 .text.SendMessageFromPort
                0x0800c690      0x5a8 BOS\BOS_messaging.o
                0x0800c690                SendMessageFromPort
 .text.StartScastDMAStream
                0x0800cc38      0x314 BOS\BOS_messaging.o
                0x0800cc38                StartScastDMAStream
 .text.__NVIC_SystemReset
                0x0800cf4c       0x24 BOS\BOS_msgparser.o
 .text.BackEndTask
                0x0800cf70      0xbb8 BOS\BOS_msgparser.o
                0x0800cf70                BackEndTask
 .text.PxMessagingTask
                0x0800db28     0x44a8 BOS\BOS_msgparser.o
                0x0800db28                PxMessagingTask
 .text.User_MessagingParser
                0x08011fd0       0x3a BOS\BOS_msgparser.o
                0x08011fd0                User_MessagingParser
 .text.SystemClock_Config
                0x0801200a       0xb4 H0BR4\H0BR4.o
                0x0801200a                SystemClock_Config
 *fill*         0x080120be        0x2 
 .text.SaveTopologyToRO
                0x080120c0      0x1bc H0BR4\H0BR4.o
                0x080120c0                SaveTopologyToRO
 .text.SaveSnippetsToRO
                0x0801227c      0x1f8 H0BR4\H0BR4.o
                0x0801227c                SaveSnippetsToRO
 .text.ClearROtopology
                0x08012474       0x38 H0BR4\H0BR4.o
                0x08012474                ClearROtopology
 .text.remoteBootloaderUpdate
                0x080124ac      0x178 H0BR4\H0BR4.o
                0x080124ac                remoteBootloaderUpdate
 .text.SetupPortForRemoteBootloaderUpdate
                0x08012624       0x52 H0BR4\H0BR4.o
                0x08012624                SetupPortForRemoteBootloaderUpdate
 *fill*         0x08012676        0x2 
 .text.Module_Peripheral_Init
                0x08012678      0x188 H0BR4\H0BR4.o
                0x08012678                Module_Peripheral_Init
 .text.Module_MessagingTask
                0x08012800      0x190 H0BR4\H0BR4.o
                0x08012800                Module_MessagingTask
 .text.RegisterModuleCLICommands
                0x08012990       0x24 H0BR4\H0BR4.o
                0x08012990                RegisterModuleCLICommands
 .text.GetPort  0x080129b4       0x80 H0BR4\H0BR4.o
                0x080129b4                GetPort
 .text.IMU_Task
                0x08012a34       0x70 H0BR4\H0BR4.o
                0x08012a34                IMU_Task
 .text.StreamToCLI
                0x08012aa4      0x178 H0BR4\H0BR4.o
 .text.SampleTempCToString
                0x08012c1c       0x3c H0BR4\H0BR4.o
                0x08012c1c                SampleTempCToString
 .text.SampleMagMGaussToString
                0x08012c58       0x4c H0BR4\H0BR4.o
                0x08012c58                SampleMagMGaussToString
 .text.SampleAccGToString
                0x08012ca4       0x7c H0BR4\H0BR4.o
                0x08012ca4                SampleAccGToString
 .text.SampleGyroDPSToString
                0x08012d20       0x7c H0BR4\H0BR4.o
                0x08012d20                SampleGyroDPSToString
 .text.StreamTimeCallback
                0x08012d9c       0x6c H0BR4\H0BR4.o
                0x08012d9c                StreamTimeCallback
 .text.Exportstreamtoterminal
                0x08012e08      0x498 H0BR4\H0BR4.o
                0x08012e08                Exportstreamtoterminal
 .text.PollingSleepCLISafe
                0x080132a0      0x100 H0BR4\H0BR4.o
 .text.Exportstreamtoport
                0x080133a0       0xb0 H0BR4\H0BR4.o
                0x080133a0                Exportstreamtoport
 .text.Exporttoport
                0x08013450      0x658 H0BR4\H0BR4.o
                0x08013450                Exporttoport
 .text.SampleAccG
                0x08013aa8       0x48 H0BR4\H0BR4.o
                0x08013aa8                SampleAccG
 .text.SampleGyroDPS
                0x08013af0       0x48 H0BR4\H0BR4.o
                0x08013af0                SampleGyroDPS
 .text.SampleMagMGauss
                0x08013b38       0x40 H0BR4\H0BR4.o
                0x08013b38                SampleMagMGauss
 .text.SampleTempCelsius
                0x08013b78       0x36 H0BR4\H0BR4.o
                0x08013b78                SampleTempCelsius
 *fill*         0x08013bae        0x2 
 .text.SampletoPort
                0x08013bb0       0x6c H0BR4\H0BR4.o
                0x08013bb0                SampletoPort
 .text.SampleSensorCommand
                0x08013c1c      0x128 H0BR4\H0BR4.o
 .text.StreamCommandParser
                0x08013d44      0x116 H0BR4\H0BR4.o
 *fill*         0x08013e5a        0x2 
 .text.StreamSensorCommand
                0x08013e5c      0x1a0 H0BR4\H0BR4.o
 .text.DMA_Init
                0x08013ffc       0x74 H0BR4\H0BR4_dma.o
                0x08013ffc                DMA_Init
 .text.SetupMessagingRxDMAs
                0x08014070      0x11c H0BR4\H0BR4_dma.o
                0x08014070                SetupMessagingRxDMAs
 .text.DMA_MSG_RX_Setup
                0x0801418c       0x68 H0BR4\H0BR4_dma.o
                0x0801418c                DMA_MSG_RX_Setup
 .text.DMA_STREAM_Setup
                0x080141f4       0xf0 H0BR4\H0BR4_dma.o
                0x080141f4                DMA_STREAM_Setup
 .text.StopDMA  0x080142e4       0x98 H0BR4\H0BR4_dma.o
                0x080142e4                StopDMA
 .text.SwitchMsgDMAToStream
                0x0801437c       0x52 H0BR4\H0BR4_dma.o
                0x0801437c                SwitchMsgDMAToStream
 *fill*         0x080143ce        0x2 
 .text.SwitchStreamDMAToMsg
                0x080143d0       0xc8 H0BR4\H0BR4_dma.o
                0x080143d0                SwitchStreamDMAToMsg
 .text.CRC_Init
                0x08014498       0x44 H0BR4\H0BR4_dma.o
                0x08014498                CRC_Init
 .text.HAL_CRC_MspInit
                0x080144dc       0x30 H0BR4\H0BR4_dma.o
                0x080144dc                HAL_CRC_MspInit
 .text.CalculateCRC8
                0x0801450c      0x154 H0BR4\H0BR4_dma.o
                0x0801450c                CalculateCRC8
 .text.__NVIC_SystemReset
                0x08014660       0x24 H0BR4\H0BR4_eeprom.o
 .text.EE_Init  0x08014684       0x56 H0BR4\H0BR4_eeprom.o
                0x08014684                EE_Init
 .text.EE_ReadVariable
                0x080146da       0x42 H0BR4\H0BR4_eeprom.o
                0x080146da                EE_ReadVariable
 .text.EE_WriteVariable
                0x0801471c       0x72 H0BR4\H0BR4_eeprom.o
                0x0801471c                EE_WriteVariable
 .text.EE_Format
                0x0801478e       0x3a H0BR4\H0BR4_eeprom.o
                0x0801478e                EE_Format
 .text.GPIO_Init
                0x080147c8       0x94 H0BR4\H0BR4_gpio.o
                0x080147c8                GPIO_Init
 .text.IND_LED_Init
                0x0801485c       0x38 H0BR4\H0BR4_gpio.o
                0x0801485c                IND_LED_Init
 .text.MEMS_GPIO_Init
                0x08014894       0x80 H0BR4\H0BR4_gpio.o
                0x08014894                MEMS_GPIO_Init
 .text.IsFactoryReset
                0x08014914      0x15c H0BR4\H0BR4_gpio.o
                0x08014914                IsFactoryReset
 .text.GetPortGPIOs
                0x08014a70      0x144 H0BR4\H0BR4_gpio.o
                0x08014a70                GetPortGPIOs
 .text.MX_I2C_Init
                0x08014bb4       0x90 H0BR4\H0BR4_i2c.o
                0x08014bb4                MX_I2C_Init
 .text.MX_I2C2_Init
                0x08014c44       0x68 H0BR4\H0BR4_i2c.o
                0x08014c44                MX_I2C2_Init
 .text.buttonPressedCallback
                0x08014cac       0x14 H0BR4\H0BR4_inputs.o
                0x08014cac                buttonPressedCallback
 .text.CheckAttachedButtons
                0x08014cc0      0x7a8 H0BR4\H0BR4_inputs.o
                0x08014cc0                CheckAttachedButtons
 .text.CheckForTimedButtonPress
                0x08015468       0xfc H0BR4\H0BR4_inputs.o
                0x08015468                CheckForTimedButtonPress
 .text.CheckForTimedButtonRelease
                0x08015564       0xfc H0BR4\H0BR4_inputs.o
                0x08015564                CheckForTimedButtonRelease
 .text.AddPortButton
                0x08015660      0x268 H0BR4\H0BR4_inputs.o
                0x08015660                AddPortButton
 .text.RemovePortButton
                0x080158c8      0x1f8 H0BR4\H0BR4_inputs.o
                0x080158c8                RemovePortButton
 .text.SetButtonEvents
                0x08015ac0      0x6ec H0BR4\H0BR4_inputs.o
                0x08015ac0                SetButtonEvents
 .text.MX_ADC_Init
                0x080161ac       0x88 H0BR4\H0BR4_inputs.o
                0x080161ac                MX_ADC_Init
 .text.HAL_ADC_MspInit
                0x08016234       0xa8 H0BR4\H0BR4_inputs.o
                0x08016234                HAL_ADC_MspInit
 .text.ADCSelectChannel
                0x080162dc       0xac H0BR4\H0BR4_inputs.o
                0x080162dc                ADCSelectChannel
 .text.ReadADCChannel
                0x08016388      0x10c H0BR4\H0BR4_inputs.o
                0x08016388                ReadADCChannel
 .text.ReadTempAndVref
                0x08016494      0x1f0 H0BR4\H0BR4_inputs.o
                0x08016494                ReadTempAndVref
 .text.GetReadPrecentage
                0x08016684      0x21c H0BR4\H0BR4_inputs.o
                0x08016684                GetReadPrecentage
 .text.Get_channel
                0x080168a0       0xac H0BR4\H0BR4_inputs.o
                0x080168a0                Get_channel
 .text.Error_Handler
                0x0801694c       0x10 H0BR4\H0BR4_inputs.o
                0x0801694c                Error_Handler
 .text.Get_Rank
                0x0801695c       0xa4 H0BR4\H0BR4_inputs.o
                0x0801695c                Get_Rank
 .text.buttonReleasedCallback
                0x08016a00       0x14 H0BR4\H0BR4_inputs.o
                0x08016a00                buttonReleasedCallback
 .text.buttonClickedCallback
                0x08016a14       0x14 H0BR4\H0BR4_inputs.o
                0x08016a14                buttonClickedCallback
 .text.buttonDblClickedCallback
                0x08016a28       0x14 H0BR4\H0BR4_inputs.o
                0x08016a28                buttonDblClickedCallback
 .text.buttonPressedForXCallback
                0x08016a3c       0x1a H0BR4\H0BR4_inputs.o
                0x08016a3c                buttonPressedForXCallback
 .text.buttonReleasedForYCallback
                0x08016a56       0x1a H0BR4\H0BR4_inputs.o
                0x08016a56                buttonReleasedForYCallback
 .text.__NVIC_SystemReset
                0x08016a70       0x24 H0BR4\H0BR4_it.o
 .text.SysTick_Handler
                0x08016a94       0x12 H0BR4\H0BR4_it.o
                0x08016a94                SysTick_Handler
 *fill*         0x08016aa6        0x2 
 .text.HardFault_Handler
                0x08016aa8       0x40 H0BR4\H0BR4_it.o
                0x08016aa8                HardFault_Handler
 .text.HAL_UARTEx_RxEventCallback
                0x08016ae8       0x74 H0BR4\H0BR4_it.o
                0x08016ae8                HAL_UARTEx_RxEventCallback
 .text.USART1_IRQHandler
                0x08016b5c       0xac H0BR4\H0BR4_it.o
                0x08016b5c                USART1_IRQHandler
 .text.USART2_LPUART2_IRQHandler
                0x08016c08       0xac H0BR4\H0BR4_it.o
                0x08016c08                USART2_LPUART2_IRQHandler
 .text.USART3_4_5_6_LPUART1_IRQHandler
                0x08016cb4      0x258 H0BR4\H0BR4_it.o
                0x08016cb4                USART3_4_5_6_LPUART1_IRQHandler
 .text.DMA1_Channel1_IRQHandler
                0x08016f0c       0x10 H0BR4\H0BR4_it.o
                0x08016f0c                DMA1_Channel1_IRQHandler
 .text.DMA1_Channel2_3_IRQHandler
                0x08016f1c       0x3c H0BR4\H0BR4_it.o
                0x08016f1c                DMA1_Channel2_3_IRQHandler
 .text.DMA1_Ch4_7_DMA2_Ch1_5_DMAMUX1_OVR_IRQHandler
                0x08016f58       0x5c H0BR4\H0BR4_it.o
                0x08016f58                DMA1_Ch4_7_DMA2_Ch1_5_DMAMUX1_OVR_IRQHandler
 .text.HAL_UART_TxCpltCallback
                0x08016fb4       0x38 H0BR4\H0BR4_it.o
                0x08016fb4                HAL_UART_TxCpltCallback
 .text.HAL_UART_ErrorCallback
                0x08016fec       0xd4 H0BR4\H0BR4_it.o
                0x08016fec                HAL_UART_ErrorCallback
 .text.HAL_UART_RxCpltCallback
                0x080170c0       0x10 H0BR4\H0BR4_it.o
                0x080170c0                HAL_UART_RxCpltCallback
 .text.HAL_UARTEx_WakeupCallback
                0x080170d0       0x5c H0BR4\H0BR4_it.o
                0x080170d0                HAL_UARTEx_WakeupCallback
 .text.vApplicationStackOverflowHook
                0x0801712c       0x44 H0BR4\H0BR4_it.o
                0x0801712c                vApplicationStackOverflowHook
 .text.vApplicationMallocFailedHook
                0x08017170       0x40 H0BR4\H0BR4_it.o
                0x08017170                vApplicationMallocFailedHook
 .text.RTC_Init
                0x080171b0       0xc4 H0BR4\H0BR4_rtc.o
                0x080171b0                RTC_Init
 .text.RTC_CalendarConfig
                0x08017274      0x18c H0BR4\H0BR4_rtc.o
                0x08017274                RTC_CalendarConfig
 .text.BOS_CalendarConfig
                0x08017400      0x128 H0BR4\H0BR4_rtc.o
                0x08017400                BOS_CalendarConfig
 .text.GetTimeDate
                0x08017528       0x90 H0BR4\H0BR4_rtc.o
                0x08017528                GetTimeDate
 .text.TIM_USEC_Init
                0x080175b8       0x74 H0BR4\H0BR4_timers.o
                0x080175b8                TIM_USEC_Init
 .text.TIM_MSEC_Init
                0x0801762c       0x78 H0BR4\H0BR4_timers.o
                0x0801762c                TIM_MSEC_Init
 .text.StartMicroDelay
                0x080176a4       0x48 H0BR4\H0BR4_timers.o
                0x080176a4                StartMicroDelay
 .text.StartMilliDelay
                0x080176ec       0x48 H0BR4\H0BR4_timers.o
                0x080176ec                StartMilliDelay
 .text.MX_USART1_UART_Init
                0x08017734       0x7c H0BR4\H0BR4_uart.o
                0x08017734                MX_USART1_UART_Init
 .text.MX_USART2_UART_Init
                0x080177b0       0x7c H0BR4\H0BR4_uart.o
                0x080177b0                MX_USART2_UART_Init
 .text.MX_USART3_UART_Init
                0x0801782c       0x7c H0BR4\H0BR4_uart.o
                0x0801782c                MX_USART3_UART_Init
 .text.MX_USART4_UART_Init
                0x080178a8       0x60 H0BR4\H0BR4_uart.o
                0x080178a8                MX_USART4_UART_Init
 .text.MX_USART5_UART_Init
                0x08017908       0x60 H0BR4\H0BR4_uart.o
                0x08017908                MX_USART5_UART_Init
 .text.MX_USART6_UART_Init
                0x08017968       0x60 H0BR4\H0BR4_uart.o
                0x08017968                MX_USART6_UART_Init
 .text.HAL_UART_MspInit
                0x080179c8      0x5b0 H0BR4\H0BR4_uart.o
                0x080179c8                HAL_UART_MspInit
 .text.writePxMutex
                0x08017f78       0xac H0BR4\H0BR4_uart.o
                0x08017f78                writePxMutex
 .text.writePxITMutex
                0x08018024       0x78 H0BR4\H0BR4_uart.o
                0x08018024                writePxITMutex
 .text.UpdateBaudrate
                0x0801809c       0x3e H0BR4\H0BR4_uart.o
                0x0801809c                UpdateBaudrate
 *fill*         0x080180da        0x2 
 .text.GetUart  0x080180dc       0x5c H0BR4\H0BR4_uart.o
                0x080180dc                GetUart
 .text.SwapUartPins
                0x08018138      0x118 H0BR4\H0BR4_uart.o
                0x08018138                SwapUartPins
 .text.ReadPortsDir
                0x08018250       0xa8 H0BR4\H0BR4_uart.o
                0x08018250                ReadPortsDir
 .text.ReadPortsDirMSG
                0x080182f8       0x80 H0BR4\H0BR4_uart.o
                0x080182f8                ReadPortsDirMSG
 .text.UpdateMyPortsDir
                0x08018378       0x84 H0BR4\H0BR4_uart.o
                0x08018378                UpdateMyPortsDir
 .text.Reset_Handler
                0x080183fc       0x90 H0BR4\startup_stm32g0b1ceuxn.o
                0x080183fc                Reset_Handler
 .text.Default_Handler
                0x0801848c        0x2 H0BR4\startup_stm32g0b1ceuxn.o
                0x0801848c                I2C2_3_IRQHandler
                0x0801848c                TIM1_CC_IRQHandler
                0x0801848c                ADC1_COMP_IRQHandler
                0x0801848c                NMI_Handler
                0x0801848c                I2C1_IRQHandler
                0x0801848c                TIM7_LPTIM2_IRQHandler
                0x0801848c                TIM17_FDCAN_IT1_IRQHandler
                0x0801848c                RCC_CRS_IRQHandler
                0x0801848c                RTC_TAMP_IRQHandler
                0x0801848c                SPI1_IRQHandler
                0x0801848c                USB_UCPD1_2_IRQHandler
                0x0801848c                EXTI2_3_IRQHandler
                0x0801848c                PVD_VDDIO2_IRQHandler
                0x0801848c                EXTI4_15_IRQHandler
                0x0801848c                Default_Handler
                0x0801848c                CEC_IRQHandler
                0x0801848c                TIM14_IRQHandler
                0x0801848c                TIM15_IRQHandler
                0x0801848c                TIM3_TIM4_IRQHandler
                0x0801848c                EXTI0_1_IRQHandler
                0x0801848c                SPI2_3_IRQHandler
                0x0801848c                TIM6_DAC_LPTIM1_IRQHandler
                0x0801848c                WWDG_IRQHandler
                0x0801848c                TIM2_IRQHandler
                0x0801848c                FLASH_IRQHandler
                0x0801848c                TIM16_FDCAN_IT0_IRQHandler
                0x0801848c                TIM1_BRK_UP_TRG_COM_IRQHandler
 .text.SystemInit
                0x0801848e        0xa Thirdparty\CMSIS\STM32G0xx\Device\ST\STM32G0xx\Source\Templates\system_stm32g0xx.o
                0x0801848e                SystemInit
 .text.LL_CRC_ResetCRCCalculationUnit
                0x08018498       0x1c Thirdparty\EEPROM_Emul\Core\eeprom_emul.o
 .text.LL_CRC_SetPolynomialSize
                0x080184b4       0x24 Thirdparty\EEPROM_Emul\Core\eeprom_emul.o
 .text.LL_CRC_SetPolynomialCoef
                0x080184d8       0x18 Thirdparty\EEPROM_Emul\Core\eeprom_emul.o
 .text.LL_CRC_FeedData32
                0x080184f0       0x18 Thirdparty\EEPROM_Emul\Core\eeprom_emul.o
 .text.LL_CRC_FeedData16
                0x08018508       0x22 Thirdparty\EEPROM_Emul\Core\eeprom_emul.o
 .text.LL_CRC_ReadData16
                0x0801852a       0x16 Thirdparty\EEPROM_Emul\Core\eeprom_emul.o
 .text.LL_AHB1_GRP1_EnableClock
                0x08018540       0x2c Thirdparty\EEPROM_Emul\Core\eeprom_emul.o
 .text.EEPROM_Init
                0x0801856c     0x1874 Thirdparty\EEPROM_Emul\Core\eeprom_emul.o
                0x0801856c                EEPROM_Init
 .text.EEPROM_Format
                0x08019de0      0x2a8 Thirdparty\EEPROM_Emul\Core\eeprom_emul.o
                0x08019de0                EEPROM_Format
 .text.EE_ReadVariable16bits
                0x0801a088       0x60 Thirdparty\EEPROM_Emul\Core\eeprom_emul.o
                0x0801a088                EE_ReadVariable16bits
 .text.EE_WriteVariable16bits
                0x0801a0e8       0x48 Thirdparty\EEPROM_Emul\Core\eeprom_emul.o
                0x0801a0e8                EE_WriteVariable16bits
 .text.EE_CleanUp
                0x0801a130      0x2a4 Thirdparty\EEPROM_Emul\Core\eeprom_emul.o
                0x0801a130                EE_CleanUp
 .text.ReadVariable
                0x0801a3d4      0x340 Thirdparty\EEPROM_Emul\Core\eeprom_emul.o
 .text.WriteVariable
                0x0801a714       0x52 Thirdparty\EEPROM_Emul\Core\eeprom_emul.o
 .text.VerifyPageFullyErased
                0x0801a766       0x4e Thirdparty\EEPROM_Emul\Core\eeprom_emul.o
 .text.FindPage
                0x0801a7b4      0x444 Thirdparty\EEPROM_Emul\Core\eeprom_emul.o
 .text.PagesTransfer
                0x0801abf8      0x8ec Thirdparty\EEPROM_Emul\Core\eeprom_emul.o
 .text.VerifyPagesFullWriteVariable
                0x0801b4e4      0x1ac Thirdparty\EEPROM_Emul\Core\eeprom_emul.o
 .text.SetPageState
                0x0801b690      0x364 Thirdparty\EEPROM_Emul\Core\eeprom_emul.o
 .text.GetPageState
                0x0801b9f4       0xa0 Thirdparty\EEPROM_Emul\Core\eeprom_emul.o
 .text.ConfigureCrc
                0x0801ba94       0x34 Thirdparty\EEPROM_Emul\Core\eeprom_emul.o
                0x0801ba94                ConfigureCrc
 .text.CalculateCrc
                0x0801bac8       0x48 Thirdparty\EEPROM_Emul\Core\eeprom_emul.o
                0x0801bac8                CalculateCrc
 .text.FI_WriteDoubleWord
                0x0801bb10       0x22 Thirdparty\EEPROM_Emul\Porting\STM32G0\flash_interface.o
                0x0801bb10                FI_WriteDoubleWord
 *fill*         0x0801bb32        0x2 
 .text.FI_PageErase
                0x0801bb34      0x120 Thirdparty\EEPROM_Emul\Porting\STM32G0\flash_interface.o
                0x0801bb34                FI_PageErase
 .text.FI_CacheFlush
                0x0801bc54        0xa Thirdparty\EEPROM_Emul\Porting\STM32G0\flash_interface.o
                0x0801bc54                FI_CacheFlush
 *fill*         0x0801bc5e        0x2 
 .text.GetBankNumber
                0x0801bc60       0x90 Thirdparty\EEPROM_Emul\Porting\STM32G0\flash_interface.o
 .text.FI_CheckBankConfig
                0x0801bcf0       0x18 Thirdparty\EEPROM_Emul\Porting\STM32G0\flash_interface.o
                0x0801bcf0                FI_CheckBankConfig
 .text.LSM303AGR_MAG_I2C_Write
                0x0801bd08       0x4e Thirdparty\LSM303AGR\src\LSM303AGR_APIs.o
                0x0801bd08                LSM303AGR_MAG_I2C_Write
 .text.LSM303AGR_MAG_I2C_Read
                0x0801bd56       0x4e Thirdparty\LSM303AGR\src\LSM303AGR_APIs.o
                0x0801bd56                LSM303AGR_MAG_I2C_Read
 .text.LSM303MagEnable
                0x0801bda4       0x24 Thirdparty\LSM303AGR\src\LSM303AGR_APIs.o
                0x0801bda4                LSM303MagEnable
 .text.LSM303MagInit
                0x0801bdc8       0x90 Thirdparty\LSM303AGR\src\LSM303AGR_APIs.o
                0x0801bdc8                LSM303MagInit
 .text.LSM303SampleMagRaw
                0x0801be58       0x58 Thirdparty\LSM303AGR\src\LSM303AGR_APIs.o
                0x0801be58                LSM303SampleMagRaw
 .text.LSM303SampleMagMGauss
                0x0801beb0       0xaa Thirdparty\LSM303AGR\src\LSM303AGR_APIs.o
                0x0801beb0                LSM303SampleMagMGauss
 .text.LSM303AGR_MAG_WriteReg
                0x0801bf5a       0x42 Thirdparty\LSM303AGR\src\LSM303AGR_MAG.o
                0x0801bf5a                LSM303AGR_MAG_WriteReg
 .text.LSM303AGR_MAG_ReadReg
                0x0801bf9c       0x42 Thirdparty\LSM303AGR\src\LSM303AGR_MAG.o
                0x0801bf9c                LSM303AGR_MAG_ReadReg
 .text.LSM303AGR_MAG_R_WHO_AM_I
                0x0801bfde       0x38 Thirdparty\LSM303AGR\src\LSM303AGR_MAG.o
                0x0801bfde                LSM303AGR_MAG_R_WHO_AM_I
 .text.LSM303AGR_MAG_W_BDU
                0x0801c016       0x62 Thirdparty\LSM303AGR\src\LSM303AGR_MAG.o
                0x0801c016                LSM303AGR_MAG_W_BDU
 .text.LSM303AGR_MAG_W_MD
                0x0801c078       0x62 Thirdparty\LSM303AGR\src\LSM303AGR_MAG.o
                0x0801c078                LSM303AGR_MAG_W_MD
 .text.LSM303AGR_MAG_Get_Raw_Magnetic
                0x0801c0da       0x28 Thirdparty\LSM303AGR\src\LSM303AGR_MAG.o
                0x0801c0da                LSM303AGR_MAG_Get_Raw_Magnetic
 .text.LSM303AGR_MAG_W_ODR
                0x0801c102       0x62 Thirdparty\LSM303AGR\src\LSM303AGR_MAG.o
                0x0801c102                LSM303AGR_MAG_W_ODR
 .text.LSM303AGR_MAG_W_ST
                0x0801c164       0x62 Thirdparty\LSM303AGR\src\LSM303AGR_MAG.o
                0x0801c164                LSM303AGR_MAG_W_ST
 .text.WriteI2C
                0x0801c1c6       0x4e Thirdparty\LSM6DS3TR-C\LSM6DS3TR_C_APIs.o
                0x0801c1c6                WriteI2C
 .text.ReadI2C  0x0801c214       0x4e Thirdparty\LSM6DS3TR-C\LSM6DS3TR_C_APIs.o
                0x0801c214                ReadI2C
 .text.delay    0x0801c262       0x18 Thirdparty\LSM6DS3TR-C\LSM6DS3TR_C_APIs.o
                0x0801c262                delay
 *fill*         0x0801c27a        0x2 
 .text.LSM6DS3TR_C_Enable
                0x0801c27c       0x3c Thirdparty\LSM6DS3TR-C\LSM6DS3TR_C_APIs.o
                0x0801c27c                LSM6DS3TR_C_Enable
 .text.LSM6DS3TR_C_SetupGyro
                0x0801c2b8       0x34 Thirdparty\LSM6DS3TR-C\LSM6DS3TR_C_APIs.o
                0x0801c2b8                LSM6DS3TR_C_SetupGyro
 .text.set_offsets
                0x0801c2ec       0x6c Thirdparty\LSM6DS3TR-C\LSM6DS3TR_C_APIs.o
                0x0801c2ec                set_offsets
 .text.LSM6DS3TR_C_SetupAcc
                0x0801c358       0xa4 Thirdparty\LSM6DS3TR-C\LSM6DS3TR_C_APIs.o
                0x0801c358                LSM6DS3TR_C_SetupAcc
 .text.LSM6DS3TR_C_Init
                0x0801c3fc       0x5c Thirdparty\LSM6DS3TR-C\LSM6DS3TR_C_APIs.o
                0x0801c3fc                LSM6DS3TR_C_Init
 .text.LSM6DS3TR_C_SampleGyroDPS
                0x0801c458      0x23c Thirdparty\LSM6DS3TR-C\LSM6DS3TR_C_APIs.o
                0x0801c458                LSM6DS3TR_C_SampleGyroDPS
 .text.LSM6DS3TR_C_SampleAccG
                0x0801c694      0x1e4 Thirdparty\LSM6DS3TR-C\LSM6DS3TR_C_APIs.o
                0x0801c694                LSM6DS3TR_C_SampleAccG
 .text.LSM6DS3TR_C_SampleTempCelsius
                0x0801c878       0x40 Thirdparty\LSM6DS3TR-C\LSM6DS3TR_C_APIs.o
                0x0801c878                LSM6DS3TR_C_SampleTempCelsius
 .text.lsm6ds3tr_c_read_reg
                0x0801c8b8       0x52 Thirdparty\LSM6DS3TR-C\lsm6ds3tr-c_reg.o
                0x0801c8b8                lsm6ds3tr_c_read_reg
 .text.lsm6ds3tr_c_write_reg
                0x0801c90a       0x52 Thirdparty\LSM6DS3TR-C\lsm6ds3tr-c_reg.o
                0x0801c90a                lsm6ds3tr_c_write_reg
 .text.lsm6ds3tr_c_from_fs2g_to_mg
                0x0801c95c       0x30 Thirdparty\LSM6DS3TR-C\lsm6ds3tr-c_reg.o
                0x0801c95c                lsm6ds3tr_c_from_fs2g_to_mg
 .text.lsm6ds3tr_c_from_fs4g_to_mg
                0x0801c98c       0x30 Thirdparty\LSM6DS3TR-C\lsm6ds3tr-c_reg.o
                0x0801c98c                lsm6ds3tr_c_from_fs4g_to_mg
 .text.lsm6ds3tr_c_from_fs8g_to_mg
                0x0801c9bc       0x30 Thirdparty\LSM6DS3TR-C\lsm6ds3tr-c_reg.o
                0x0801c9bc                lsm6ds3tr_c_from_fs8g_to_mg
 .text.lsm6ds3tr_c_from_fs16g_to_mg
                0x0801c9ec       0x30 Thirdparty\LSM6DS3TR-C\lsm6ds3tr-c_reg.o
                0x0801c9ec                lsm6ds3tr_c_from_fs16g_to_mg
 .text.lsm6ds3tr_c_from_fs125dps_to_mdps
                0x0801ca1c       0x30 Thirdparty\LSM6DS3TR-C\lsm6ds3tr-c_reg.o
                0x0801ca1c                lsm6ds3tr_c_from_fs125dps_to_mdps
 .text.lsm6ds3tr_c_from_fs250dps_to_mdps
                0x0801ca4c       0x30 Thirdparty\LSM6DS3TR-C\lsm6ds3tr-c_reg.o
                0x0801ca4c                lsm6ds3tr_c_from_fs250dps_to_mdps
 .text.lsm6ds3tr_c_from_fs500dps_to_mdps
                0x0801ca7c       0x30 Thirdparty\LSM6DS3TR-C\lsm6ds3tr-c_reg.o
                0x0801ca7c                lsm6ds3tr_c_from_fs500dps_to_mdps
 .text.lsm6ds3tr_c_from_fs1000dps_to_mdps
                0x0801caac       0x30 Thirdparty\LSM6DS3TR-C\lsm6ds3tr-c_reg.o
                0x0801caac                lsm6ds3tr_c_from_fs1000dps_to_mdps
 .text.lsm6ds3tr_c_from_fs2000dps_to_mdps
                0x0801cadc       0x30 Thirdparty\LSM6DS3TR-C\lsm6ds3tr-c_reg.o
                0x0801cadc                lsm6ds3tr_c_from_fs2000dps_to_mdps
 .text.lsm6ds3tr_c_from_lsb_to_celsius
                0x0801cb0c       0x3c Thirdparty\LSM6DS3TR-C\lsm6ds3tr-c_reg.o
                0x0801cb0c                lsm6ds3tr_c_from_lsb_to_celsius
 .text.lsm6ds3tr_c_xl_full_scale_set
                0x0801cb48       0x60 Thirdparty\LSM6DS3TR-C\lsm6ds3tr-c_reg.o
                0x0801cb48                lsm6ds3tr_c_xl_full_scale_set
 .text.lsm6ds3tr_c_xl_full_scale_get
                0x0801cba8       0x6e Thirdparty\LSM6DS3TR-C\lsm6ds3tr-c_reg.o
                0x0801cba8                lsm6ds3tr_c_xl_full_scale_get
 .text.lsm6ds3tr_c_xl_data_rate_set
                0x0801cc16       0x5c Thirdparty\LSM6DS3TR-C\lsm6ds3tr-c_reg.o
                0x0801cc16                lsm6ds3tr_c_xl_data_rate_set
 *fill*         0x0801cc72        0x2 
 .text.lsm6ds3tr_c_xl_data_rate_get
                0x0801cc74       0xac Thirdparty\LSM6DS3TR-C\lsm6ds3tr-c_reg.o
                0x0801cc74                lsm6ds3tr_c_xl_data_rate_get
 .text.lsm6ds3tr_c_gy_full_scale_set
                0x0801cd20       0x60 Thirdparty\LSM6DS3TR-C\lsm6ds3tr-c_reg.o
                0x0801cd20                lsm6ds3tr_c_gy_full_scale_set
 .text.lsm6ds3tr_c_gy_full_scale_get
                0x0801cd80       0x74 Thirdparty\LSM6DS3TR-C\lsm6ds3tr-c_reg.o
                0x0801cd80                lsm6ds3tr_c_gy_full_scale_get
 .text.lsm6ds3tr_c_gy_data_rate_set
                0x0801cdf4       0x5c Thirdparty\LSM6DS3TR-C\lsm6ds3tr-c_reg.o
                0x0801cdf4                lsm6ds3tr_c_gy_data_rate_set
 .text.lsm6ds3tr_c_gy_data_rate_get
                0x0801ce50       0xa4 Thirdparty\LSM6DS3TR-C\lsm6ds3tr-c_reg.o
                0x0801ce50                lsm6ds3tr_c_gy_data_rate_get
 .text.lsm6ds3tr_c_rounding_mode_get
                0x0801cef4       0x8c Thirdparty\LSM6DS3TR-C\lsm6ds3tr-c_reg.o
                0x0801cef4                lsm6ds3tr_c_rounding_mode_get
 .text.lsm6ds3tr_c_temperature_raw_get
                0x0801cf80       0x4c Thirdparty\LSM6DS3TR-C\lsm6ds3tr-c_reg.o
                0x0801cf80                lsm6ds3tr_c_temperature_raw_get
 .text.lsm6ds3tr_c_angular_rate_raw_get
                0x0801cfcc       0xa0 Thirdparty\LSM6DS3TR-C\lsm6ds3tr-c_reg.o
                0x0801cfcc                lsm6ds3tr_c_angular_rate_raw_get
 .text.lsm6ds3tr_c_acceleration_raw_get
                0x0801d06c       0xa0 Thirdparty\LSM6DS3TR-C\lsm6ds3tr-c_reg.o
                0x0801d06c                lsm6ds3tr_c_acceleration_raw_get
 .text.lsm6ds3tr_c_device_id_get
                0x0801d10c       0x24 Thirdparty\LSM6DS3TR-C\lsm6ds3tr-c_reg.o
                0x0801d10c                lsm6ds3tr_c_device_id_get
 .text.lsm6ds3tr_c_xl_filter_analog_set
                0x0801d130       0x60 Thirdparty\LSM6DS3TR-C\lsm6ds3tr-c_reg.o
                0x0801d130                lsm6ds3tr_c_xl_filter_analog_set
 .text.lsm6ds3tr_c_xl_lp1_bandwidth_set
                0x0801d190       0xa4 Thirdparty\LSM6DS3TR-C\lsm6ds3tr-c_reg.o
                0x0801d190                lsm6ds3tr_c_xl_lp1_bandwidth_set
 .text.lsm6ds3tr_c_xl_lp2_bandwidth_set
                0x0801d234       0x9a Thirdparty\LSM6DS3TR-C\lsm6ds3tr-c_reg.o
                0x0801d234                lsm6ds3tr_c_xl_lp2_bandwidth_set
 *fill*         0x0801d2ce        0x2 
 .text.lsm6ds3tr_c_xl_lp2_bandwidth_get
                0x0801d2d0       0xc8 Thirdparty\LSM6DS3TR-C\lsm6ds3tr-c_reg.o
                0x0801d2d0                lsm6ds3tr_c_xl_lp2_bandwidth_get
 .text.lsm6ds3tr_c_gy_band_pass_get
                0x0801d398      0x12c Thirdparty\LSM6DS3TR-C\lsm6ds3tr-c_reg.o
                0x0801d398                lsm6ds3tr_c_gy_band_pass_get
 .text.lsm6ds3tr_c_ff_threshold_get
                0x0801d4c4       0x8c Thirdparty\LSM6DS3TR-C\lsm6ds3tr-c_reg.o
                0x0801d4c4                lsm6ds3tr_c_ff_threshold_get
 .text.lsm6ds3tr_c_fifo_xl_batch_get
                0x0801d550       0x8c Thirdparty\LSM6DS3TR-C\lsm6ds3tr-c_reg.o
                0x0801d550                lsm6ds3tr_c_fifo_xl_batch_get
 .text.lsm6ds3tr_c_fifo_gy_batch_get
                0x0801d5dc       0x8c Thirdparty\LSM6DS3TR-C\lsm6ds3tr-c_reg.o
                0x0801d5dc                lsm6ds3tr_c_fifo_gy_batch_get
 .text.lsm6ds3tr_c_fifo_dataset_3_batch_get
                0x0801d668       0x8c Thirdparty\LSM6DS3TR-C\lsm6ds3tr-c_reg.o
                0x0801d668                lsm6ds3tr_c_fifo_dataset_3_batch_get
 .text.lsm6ds3tr_c_fifo_dataset_4_batch_get
                0x0801d6f4       0x8c Thirdparty\LSM6DS3TR-C\lsm6ds3tr-c_reg.o
                0x0801d6f4                lsm6ds3tr_c_fifo_dataset_4_batch_get
 .text.lsm6ds3tr_c_fifo_mode_get
                0x0801d780       0x74 Thirdparty\LSM6DS3TR-C\lsm6ds3tr-c_reg.o
                0x0801d780                lsm6ds3tr_c_fifo_mode_get
 .text.lsm6ds3tr_c_fifo_data_rate_get
                0x0801d7f4       0xa4 Thirdparty\LSM6DS3TR-C\lsm6ds3tr-c_reg.o
                0x0801d7f4                lsm6ds3tr_c_fifo_data_rate_get
 .text.inHandlerMode
                0x0801d898       0x1c Thirdparty\Middleware\STM32G0xx\FreeRTOS\Source\CMSIS_RTOS\cmsis_os.o
 .text.osKernelStart
                0x0801d8b4       0x10 Thirdparty\Middleware\STM32G0xx\FreeRTOS\Source\CMSIS_RTOS\cmsis_os.o
                0x0801d8b4                osKernelStart
 .text.osDelay  0x0801d8c4       0x28 Thirdparty\Middleware\STM32G0xx\FreeRTOS\Source\CMSIS_RTOS\cmsis_os.o
                0x0801d8c4                osDelay
 .text.osSemaphoreCreate
                0x0801d8ec       0x4a Thirdparty\Middleware\STM32G0xx\FreeRTOS\Source\CMSIS_RTOS\cmsis_os.o
                0x0801d8ec                osSemaphoreCreate
 *fill*         0x0801d936        0x2 
 .text.osSemaphoreWait
                0x0801d938       0x94 Thirdparty\Middleware\STM32G0xx\FreeRTOS\Source\CMSIS_RTOS\cmsis_os.o
                0x0801d938                osSemaphoreWait
 .text.osSemaphoreRelease
                0x0801d9cc       0x64 Thirdparty\Middleware\STM32G0xx\FreeRTOS\Source\CMSIS_RTOS\cmsis_os.o
                0x0801d9cc                osSemaphoreRelease
 .text.osSystickHandler
                0x0801da30       0x18 Thirdparty\Middleware\STM32G0xx\FreeRTOS\Source\CMSIS_RTOS\cmsis_os.o
                0x0801da30                osSystickHandler
 .text.FreeRTOS_CLIRegisterCommand
                0x0801da48       0x50 Thirdparty\Middleware\STM32G0xx\FreeRTOS\Source\FreeRTOS_CLI.o
                0x0801da48                FreeRTOS_CLIRegisterCommand
 .text.FreeRTOS_CLIProcessCommand
                0x0801da98      0x11c Thirdparty\Middleware\STM32G0xx\FreeRTOS\Source\FreeRTOS_CLI.o
                0x0801da98                FreeRTOS_CLIProcessCommand
 .text.FreeRTOS_CLIGetOutputBuffer
                0x0801dbb4       0x10 Thirdparty\Middleware\STM32G0xx\FreeRTOS\Source\FreeRTOS_CLI.o
                0x0801dbb4                FreeRTOS_CLIGetOutputBuffer
 .text.FreeRTOS_CLIGetParameter
                0x0801dbc4       0xbc Thirdparty\Middleware\STM32G0xx\FreeRTOS\Source\FreeRTOS_CLI.o
                0x0801dbc4                FreeRTOS_CLIGetParameter
 .text.prvHelpCommand
                0x0801dc80      0x154 Thirdparty\Middleware\STM32G0xx\FreeRTOS\Source\FreeRTOS_CLI.o
 .text.prvGetNumberOfParameters
                0x0801ddd4       0x7a Thirdparty\Middleware\STM32G0xx\FreeRTOS\Source\FreeRTOS_CLI.o
 .text.vListInitialise
                0x0801de4e       0x3c Thirdparty\Middleware\STM32G0xx\FreeRTOS\Source\list.o
                0x0801de4e                vListInitialise
 .text.vListInitialiseItem
                0x0801de8a       0x16 Thirdparty\Middleware\STM32G0xx\FreeRTOS\Source\list.o
                0x0801de8a                vListInitialiseItem
 .text.vListInsertEnd
                0x0801dea0       0x44 Thirdparty\Middleware\STM32G0xx\FreeRTOS\Source\list.o
                0x0801dea0                vListInsertEnd
 .text.vListInsert
                0x0801dee4       0x6c Thirdparty\Middleware\STM32G0xx\FreeRTOS\Source\list.o
                0x0801dee4                vListInsert
 .text.uxListRemove
                0x0801df50       0x50 Thirdparty\Middleware\STM32G0xx\FreeRTOS\Source\list.o
                0x0801df50                uxListRemove
 .text.pxPortInitialiseStack
                0x0801dfa0       0x54 Thirdparty\Middleware\STM32G0xx\FreeRTOS\Source\portable\GCC\ARM_CM0\port.o
                0x0801dfa0                pxPortInitialiseStack
 .text.prvTaskExitError
                0x0801dff4       0x1e Thirdparty\Middleware\STM32G0xx\FreeRTOS\Source\portable\GCC\ARM_CM0\port.o
 .text.SVC_Handler
                0x0801e012        0xa Thirdparty\Middleware\STM32G0xx\FreeRTOS\Source\portable\GCC\ARM_CM0\port.o
                0x0801e012                SVC_Handler
 *fill*         0x0801e01c        0x4 
 .text.vPortStartFirstTask
                0x0801e020       0x38 Thirdparty\Middleware\STM32G0xx\FreeRTOS\Source\portable\GCC\ARM_CM0\port.o
 .text.xPortStartScheduler
                0x0801e058       0x48 Thirdparty\Middleware\STM32G0xx\FreeRTOS\Source\portable\GCC\ARM_CM0\port.o
                0x0801e058                xPortStartScheduler
 .text.vPortYield
                0x0801e0a0       0x20 Thirdparty\Middleware\STM32G0xx\FreeRTOS\Source\portable\GCC\ARM_CM0\port.o
                0x0801e0a0                vPortYield
 .text.vPortEnterCritical
                0x0801e0c0       0x24 Thirdparty\Middleware\STM32G0xx\FreeRTOS\Source\portable\GCC\ARM_CM0\port.o
                0x0801e0c0                vPortEnterCritical
 .text.vPortExitCritical
                0x0801e0e4       0x24 Thirdparty\Middleware\STM32G0xx\FreeRTOS\Source\portable\GCC\ARM_CM0\port.o
                0x0801e0e4                vPortExitCritical
 .text.ulSetInterruptMaskFromISR
                0x0801e108        0xc Thirdparty\Middleware\STM32G0xx\FreeRTOS\Source\portable\GCC\ARM_CM0\port.o
                0x0801e108                ulSetInterruptMaskFromISR
 .text.vClearInterruptMaskFromISR
                0x0801e114        0x8 Thirdparty\Middleware\STM32G0xx\FreeRTOS\Source\portable\GCC\ARM_CM0\port.o
                0x0801e114                vClearInterruptMaskFromISR
 *fill*         0x0801e11c        0x4 
 .text.PendSV_Handler
                0x0801e120       0x48 Thirdparty\Middleware\STM32G0xx\FreeRTOS\Source\portable\GCC\ARM_CM0\port.o
                0x0801e120                PendSV_Handler
 .text.xPortSysTickHandler
                0x0801e168       0x34 Thirdparty\Middleware\STM32G0xx\FreeRTOS\Source\portable\GCC\ARM_CM0\port.o
                0x0801e168                xPortSysTickHandler
 .text.vPortSetupTimerInterrupt
                0x0801e19c       0x44 Thirdparty\Middleware\STM32G0xx\FreeRTOS\Source\portable\GCC\ARM_CM0\port.o
                0x0801e19c                vPortSetupTimerInterrupt
 .text.pvPortMalloc
                0x0801e1e0      0x140 Thirdparty\Middleware\STM32G0xx\FreeRTOS\Source\portable\MemMang\heap_4.o
                0x0801e1e0                pvPortMalloc
 .text.vPortFree
                0x0801e320       0x80 Thirdparty\Middleware\STM32G0xx\FreeRTOS\Source\portable\MemMang\heap_4.o
                0x0801e320                vPortFree
 .text.prvHeapInit
                0x0801e3a0       0xc0 Thirdparty\Middleware\STM32G0xx\FreeRTOS\Source\portable\MemMang\heap_4.o
 .text.prvInsertBlockIntoFreeList
                0x0801e460       0xb0 Thirdparty\Middleware\STM32G0xx\FreeRTOS\Source\portable\MemMang\heap_4.o
 .text.xQueueGenericReset
                0x0801e510       0x9e Thirdparty\Middleware\STM32G0xx\FreeRTOS\Source\queue.o
                0x0801e510                xQueueGenericReset
 .text.xQueueGenericCreate
                0x0801e5ae       0x52 Thirdparty\Middleware\STM32G0xx\FreeRTOS\Source\queue.o
                0x0801e5ae                xQueueGenericCreate
 .text.prvInitialiseNewQueue
                0x0801e600       0x4e Thirdparty\Middleware\STM32G0xx\FreeRTOS\Source\queue.o
 .text.xQueueCreateCountingSemaphore
                0x0801e64e       0x30 Thirdparty\Middleware\STM32G0xx\FreeRTOS\Source\queue.o
                0x0801e64e                xQueueCreateCountingSemaphore
 .text.xQueueGenericSend
                0x0801e67e      0x12a Thirdparty\Middleware\STM32G0xx\FreeRTOS\Source\queue.o
                0x0801e67e                xQueueGenericSend
 .text.xQueueGenericSendFromISR
                0x0801e7a8       0xa6 Thirdparty\Middleware\STM32G0xx\FreeRTOS\Source\queue.o
                0x0801e7a8                xQueueGenericSendFromISR
 .text.xQueueGiveFromISR
                0x0801e84e       0x96 Thirdparty\Middleware\STM32G0xx\FreeRTOS\Source\queue.o
                0x0801e84e                xQueueGiveFromISR
 .text.xQueueReceive
                0x0801e8e4      0x128 Thirdparty\Middleware\STM32G0xx\FreeRTOS\Source\queue.o
                0x0801e8e4                xQueueReceive
 .text.xQueueSemaphoreTake
                0x0801ea0c      0x178 Thirdparty\Middleware\STM32G0xx\FreeRTOS\Source\queue.o
                0x0801ea0c                xQueueSemaphoreTake
 .text.xQueueReceiveFromISR
                0x0801eb84       0xa0 Thirdparty\Middleware\STM32G0xx\FreeRTOS\Source\queue.o
                0x0801eb84                xQueueReceiveFromISR
 .text.prvGetDisinheritPriorityAfterTimeout
                0x0801ec24       0x2c Thirdparty\Middleware\STM32G0xx\FreeRTOS\Source\queue.o
 .text.prvCopyDataToQueue
                0x0801ec50       0xd6 Thirdparty\Middleware\STM32G0xx\FreeRTOS\Source\queue.o
 .text.prvCopyDataFromQueue
                0x0801ed26       0x4c Thirdparty\Middleware\STM32G0xx\FreeRTOS\Source\queue.o
 .text.prvUnlockQueue
                0x0801ed72       0xbc Thirdparty\Middleware\STM32G0xx\FreeRTOS\Source\queue.o
 .text.prvIsQueueEmpty
                0x0801ee2e       0x2c Thirdparty\Middleware\STM32G0xx\FreeRTOS\Source\queue.o
 .text.prvIsQueueFull
                0x0801ee5a       0x30 Thirdparty\Middleware\STM32G0xx\FreeRTOS\Source\queue.o
 *fill*         0x0801ee8a        0x2 
 .text.vQueueAddToRegistry
                0x0801ee8c       0x50 Thirdparty\Middleware\STM32G0xx\FreeRTOS\Source\queue.o
                0x0801ee8c                vQueueAddToRegistry
 .text.vQueueWaitForMessageRestricted
                0x0801eedc       0x66 Thirdparty\Middleware\STM32G0xx\FreeRTOS\Source\queue.o
                0x0801eedc                vQueueWaitForMessageRestricted
 .text.xTaskCreate
                0x0801ef42       0x90 Thirdparty\Middleware\STM32G0xx\FreeRTOS\Source\tasks.o
                0x0801ef42                xTaskCreate
 *fill*         0x0801efd2        0x2 
 .text.prvInitialiseNewTask
                0x0801efd4      0x10c Thirdparty\Middleware\STM32G0xx\FreeRTOS\Source\tasks.o
 .text.prvAddNewTaskToReadyList
                0x0801f0e0       0xd0 Thirdparty\Middleware\STM32G0xx\FreeRTOS\Source\tasks.o
 .text.vTaskDelay
                0x0801f1b0       0x3a Thirdparty\Middleware\STM32G0xx\FreeRTOS\Source\tasks.o
                0x0801f1b0                vTaskDelay
 *fill*         0x0801f1ea        0x2 
 .text.eTaskGetState
                0x0801f1ec       0xd0 Thirdparty\Middleware\STM32G0xx\FreeRTOS\Source\tasks.o
                0x0801f1ec                eTaskGetState
 .text.uxTaskPriorityGet
                0x0801f2bc       0x34 Thirdparty\Middleware\STM32G0xx\FreeRTOS\Source\tasks.o
                0x0801f2bc                uxTaskPriorityGet
 .text.vTaskPrioritySet
                0x0801f2f0      0x110 Thirdparty\Middleware\STM32G0xx\FreeRTOS\Source\tasks.o
                0x0801f2f0                vTaskPrioritySet
 .text.vTaskStartScheduler
                0x0801f400       0x74 Thirdparty\Middleware\STM32G0xx\FreeRTOS\Source\tasks.o
                0x0801f400                vTaskStartScheduler
 .text.vTaskSuspendAll
                0x0801f474       0x18 Thirdparty\Middleware\STM32G0xx\FreeRTOS\Source\tasks.o
                0x0801f474                vTaskSuspendAll
 .text.xTaskResumeAll
                0x0801f48c      0x10c Thirdparty\Middleware\STM32G0xx\FreeRTOS\Source\tasks.o
                0x0801f48c                xTaskResumeAll
 .text.xTaskGetTickCount
                0x0801f598       0x1c Thirdparty\Middleware\STM32G0xx\FreeRTOS\Source\tasks.o
                0x0801f598                xTaskGetTickCount
 .text.xTaskGetTickCountFromISR
                0x0801f5b4       0x20 Thirdparty\Middleware\STM32G0xx\FreeRTOS\Source\tasks.o
                0x0801f5b4                xTaskGetTickCountFromISR
 .text.uxTaskGetSystemState
                0x0801f5d4      0x120 Thirdparty\Middleware\STM32G0xx\FreeRTOS\Source\tasks.o
                0x0801f5d4                uxTaskGetSystemState
 .text.xTaskIncrementTick
                0x0801f6f4      0x150 Thirdparty\Middleware\STM32G0xx\FreeRTOS\Source\tasks.o
                0x0801f6f4                xTaskIncrementTick
 .text.vTaskSwitchContext
                0x0801f844      0x124 Thirdparty\Middleware\STM32G0xx\FreeRTOS\Source\tasks.o
                0x0801f844                vTaskSwitchContext
 .text.vTaskPlaceOnEventList
                0x0801f968       0x34 Thirdparty\Middleware\STM32G0xx\FreeRTOS\Source\tasks.o
                0x0801f968                vTaskPlaceOnEventList
 .text.vTaskPlaceOnEventListRestricted
                0x0801f99c       0x44 Thirdparty\Middleware\STM32G0xx\FreeRTOS\Source\tasks.o
                0x0801f99c                vTaskPlaceOnEventListRestricted
 .text.xTaskRemoveFromEventList
                0x0801f9e0       0xb0 Thirdparty\Middleware\STM32G0xx\FreeRTOS\Source\tasks.o
                0x0801f9e0                xTaskRemoveFromEventList
 .text.vTaskInternalSetTimeOutState
                0x0801fa90       0x28 Thirdparty\Middleware\STM32G0xx\FreeRTOS\Source\tasks.o
                0x0801fa90                vTaskInternalSetTimeOutState
 .text.xTaskCheckForTimeOut
                0x0801fab8       0x8c Thirdparty\Middleware\STM32G0xx\FreeRTOS\Source\tasks.o
                0x0801fab8                xTaskCheckForTimeOut
 .text.vTaskMissedYield
                0x0801fb44       0x14 Thirdparty\Middleware\STM32G0xx\FreeRTOS\Source\tasks.o
                0x0801fb44                vTaskMissedYield
 .text.prvIdleTask
                0x0801fb58       0x20 Thirdparty\Middleware\STM32G0xx\FreeRTOS\Source\tasks.o
 .text.prvInitialiseTaskLists
                0x0801fb78       0x88 Thirdparty\Middleware\STM32G0xx\FreeRTOS\Source\tasks.o
 .text.prvCheckTasksWaitingTermination
                0x0801fc00       0x5c Thirdparty\Middleware\STM32G0xx\FreeRTOS\Source\tasks.o
 .text.vTaskGetInfo
                0x0801fc5c       0xd8 Thirdparty\Middleware\STM32G0xx\FreeRTOS\Source\tasks.o
                0x0801fc5c                vTaskGetInfo
 .text.prvListTasksWithinSingleList
                0x0801fd34       0xa6 Thirdparty\Middleware\STM32G0xx\FreeRTOS\Source\tasks.o
 .text.prvTaskCheckFreeStackSpace
                0x0801fdda       0x34 Thirdparty\Middleware\STM32G0xx\FreeRTOS\Source\tasks.o
 .text.prvDeleteTCB
                0x0801fe0e       0x22 Thirdparty\Middleware\STM32G0xx\FreeRTOS\Source\tasks.o
 .text.prvResetNextTaskUnblockTime
                0x0801fe30       0x3c Thirdparty\Middleware\STM32G0xx\FreeRTOS\Source\tasks.o
 .text.xTaskGetSchedulerState
                0x0801fe6c       0x38 Thirdparty\Middleware\STM32G0xx\FreeRTOS\Source\tasks.o
                0x0801fe6c                xTaskGetSchedulerState
 .text.xTaskPriorityInherit
                0x0801fea4       0xd0 Thirdparty\Middleware\STM32G0xx\FreeRTOS\Source\tasks.o
                0x0801fea4                xTaskPriorityInherit
 .text.xTaskPriorityDisinherit
                0x0801ff74       0x98 Thirdparty\Middleware\STM32G0xx\FreeRTOS\Source\tasks.o
                0x0801ff74                xTaskPriorityDisinherit
 .text.vTaskPriorityDisinheritAfterTimeout
                0x0802000c       0xc0 Thirdparty\Middleware\STM32G0xx\FreeRTOS\Source\tasks.o
                0x0802000c                vTaskPriorityDisinheritAfterTimeout
 .text.prvWriteNameToBuffer
                0x080200cc       0x52 Thirdparty\Middleware\STM32G0xx\FreeRTOS\Source\tasks.o
 *fill*         0x0802011e        0x2 
 .text.vTaskList
                0x08020120      0x14c Thirdparty\Middleware\STM32G0xx\FreeRTOS\Source\tasks.o
                0x08020120                vTaskList
 .text.vTaskGetRunTimeStats
                0x0802026c      0x118 Thirdparty\Middleware\STM32G0xx\FreeRTOS\Source\tasks.o
                0x0802026c                vTaskGetRunTimeStats
 .text.pvTaskIncrementMutexHeldCount
                0x08020384       0x24 Thirdparty\Middleware\STM32G0xx\FreeRTOS\Source\tasks.o
                0x08020384                pvTaskIncrementMutexHeldCount
 .text.ulTaskNotifyTake
                0x080203a8       0x84 Thirdparty\Middleware\STM32G0xx\FreeRTOS\Source\tasks.o
                0x080203a8                ulTaskNotifyTake
 .text.xTaskGenericNotify
                0x0802042c      0x104 Thirdparty\Middleware\STM32G0xx\FreeRTOS\Source\tasks.o
                0x0802042c                xTaskGenericNotify
 .text.xTaskGenericNotifyFromISR
                0x08020530      0x140 Thirdparty\Middleware\STM32G0xx\FreeRTOS\Source\tasks.o
                0x08020530                xTaskGenericNotifyFromISR
 .text.vTaskNotifyGiveFromISR
                0x08020670       0xd8 Thirdparty\Middleware\STM32G0xx\FreeRTOS\Source\tasks.o
                0x08020670                vTaskNotifyGiveFromISR
 .text.prvAddCurrentTaskToDelayedList
                0x08020748       0xa8 Thirdparty\Middleware\STM32G0xx\FreeRTOS\Source\tasks.o
 .text.xTimerCreateTimerTask
                0x080207f0       0x4c Thirdparty\Middleware\STM32G0xx\FreeRTOS\Source\timers.o
                0x080207f0                xTimerCreateTimerTask
 .text.xTimerCreate
                0x0802083c       0x46 Thirdparty\Middleware\STM32G0xx\FreeRTOS\Source\timers.o
                0x0802083c                xTimerCreate
 .text.prvInitialiseNewTimer
                0x08020882       0x5a Thirdparty\Middleware\STM32G0xx\FreeRTOS\Source\timers.o
 .text.xTimerGenericCommand
                0x080208dc       0x8c Thirdparty\Middleware\STM32G0xx\FreeRTOS\Source\timers.o
                0x080208dc                xTimerGenericCommand
 .text.prvProcessExpiredTimer
                0x08020968       0x80 Thirdparty\Middleware\STM32G0xx\FreeRTOS\Source\timers.o
 .text.prvTimerTask
                0x080209e8       0x28 Thirdparty\Middleware\STM32G0xx\FreeRTOS\Source\timers.o
 .text.prvProcessTimerOrBlockTask
                0x08020a10       0x90 Thirdparty\Middleware\STM32G0xx\FreeRTOS\Source\timers.o
 .text.prvGetNextExpireTime
                0x08020aa0       0x44 Thirdparty\Middleware\STM32G0xx\FreeRTOS\Source\timers.o
 .text.prvSampleTimeNow
                0x08020ae4       0x40 Thirdparty\Middleware\STM32G0xx\FreeRTOS\Source\timers.o
 .text.prvInsertTimerInActiveList
                0x08020b24       0x84 Thirdparty\Middleware\STM32G0xx\FreeRTOS\Source\timers.o
 .text.prvProcessReceivedCommands
                0x08020ba8      0x16c Thirdparty\Middleware\STM32G0xx\FreeRTOS\Source\timers.o
 .text.prvSwitchTimerLists
                0x08020d14       0xb0 Thirdparty\Middleware\STM32G0xx\FreeRTOS\Source\timers.o
 .text.prvCheckForValidListAndQueue
                0x08020dc4       0x74 Thirdparty\Middleware\STM32G0xx\FreeRTOS\Source\timers.o
 .text.HAL_Init
                0x08020e38       0x40 Thirdparty\STM32G0xx_HAL_Driver\Src\stm32g0xx_hal.o
                0x08020e38                HAL_Init
 .text.HAL_InitTick
                0x08020e78       0x94 Thirdparty\STM32G0xx_HAL_Driver\Src\stm32g0xx_hal.o
                0x08020e78                HAL_InitTick
 .text.HAL_IncTick
                0x08020f0c       0x24 Thirdparty\STM32G0xx_HAL_Driver\Src\stm32g0xx_hal.o
                0x08020f0c                HAL_IncTick
 .text.HAL_GetTick
                0x08020f30       0x14 Thirdparty\STM32G0xx_HAL_Driver\Src\stm32g0xx_hal.o
                0x08020f30                HAL_GetTick
 .text.HAL_Delay
                0x08020f44       0x48 Thirdparty\STM32G0xx_HAL_Driver\Src\stm32g0xx_hal.o
                0x08020f44                HAL_Delay
 .text.HAL_GetREVID
                0x08020f8c       0x18 Thirdparty\STM32G0xx_HAL_Driver\Src\stm32g0xx_hal.o
                0x08020f8c                HAL_GetREVID
 .text.HAL_GetDEVID
                0x08020fa4       0x18 Thirdparty\STM32G0xx_HAL_Driver\Src\stm32g0xx_hal.o
                0x08020fa4                HAL_GetDEVID
 .text.LL_ADC_SetCommonPathInternalCh
                0x08020fbc       0x28 Thirdparty\STM32G0xx_HAL_Driver\Src\stm32g0xx_hal_adc.o
 .text.LL_ADC_GetCommonPathInternalCh
                0x08020fe4       0x1a Thirdparty\STM32G0xx_HAL_Driver\Src\stm32g0xx_hal_adc.o
 .text.LL_ADC_SetSamplingTimeCommonChannels
                0x08020ffe       0x3a Thirdparty\STM32G0xx_HAL_Driver\Src\stm32g0xx_hal_adc.o
 .text.LL_ADC_GetSamplingTimeCommonChannels
                0x08021038       0x2e Thirdparty\STM32G0xx_HAL_Driver\Src\stm32g0xx_hal_adc.o
 .text.LL_ADC_REG_IsTriggerSourceSWStart
                0x08021066       0x22 Thirdparty\STM32G0xx_HAL_Driver\Src\stm32g0xx_hal_adc.o
 .text.LL_ADC_REG_SetSequencerRanks
                0x08021088       0x40 Thirdparty\STM32G0xx_HAL_Driver\Src\stm32g0xx_hal_adc.o
 .text.LL_ADC_REG_SetSequencerChAdd
                0x080210c8       0x22 Thirdparty\STM32G0xx_HAL_Driver\Src\stm32g0xx_hal_adc.o
 .text.LL_ADC_REG_SetSequencerChRem
                0x080210ea       0x24 Thirdparty\STM32G0xx_HAL_Driver\Src\stm32g0xx_hal_adc.o
 *fill*         0x0802110e        0x2 
 .text.LL_ADC_SetChannelSamplingTime
                0x08021110       0x38 Thirdparty\STM32G0xx_HAL_Driver\Src\stm32g0xx_hal_adc.o
 .text.LL_ADC_EnableInternalRegulator
                0x08021148       0x28 Thirdparty\STM32G0xx_HAL_Driver\Src\stm32g0xx_hal_adc.o
 .text.LL_ADC_IsInternalRegulatorEnabled
                0x08021170       0x28 Thirdparty\STM32G0xx_HAL_Driver\Src\stm32g0xx_hal_adc.o
 .text.LL_ADC_Enable
                0x08021198       0x24 Thirdparty\STM32G0xx_HAL_Driver\Src\stm32g0xx_hal_adc.o
 .text.LL_ADC_Disable
                0x080211bc       0x24 Thirdparty\STM32G0xx_HAL_Driver\Src\stm32g0xx_hal_adc.o
 .text.LL_ADC_IsEnabled
                0x080211e0       0x22 Thirdparty\STM32G0xx_HAL_Driver\Src\stm32g0xx_hal_adc.o
 .text.LL_ADC_IsDisableOngoing
                0x08021202       0x22 Thirdparty\STM32G0xx_HAL_Driver\Src\stm32g0xx_hal_adc.o
 .text.LL_ADC_REG_StartConversion
                0x08021224       0x24 Thirdparty\STM32G0xx_HAL_Driver\Src\stm32g0xx_hal_adc.o
 .text.LL_ADC_REG_StopConversion
                0x08021248       0x24 Thirdparty\STM32G0xx_HAL_Driver\Src\stm32g0xx_hal_adc.o
 .text.LL_ADC_REG_IsConversionOngoing
                0x0802126c       0x22 Thirdparty\STM32G0xx_HAL_Driver\Src\stm32g0xx_hal_adc.o
 *fill*         0x0802128e        0x2 
 .text.HAL_ADC_Init
                0x08021290      0x350 Thirdparty\STM32G0xx_HAL_Driver\Src\stm32g0xx_hal_adc.o
                0x08021290                HAL_ADC_Init
 .text.HAL_ADC_Start
                0x080215e0       0x9c Thirdparty\STM32G0xx_HAL_Driver\Src\stm32g0xx_hal_adc.o
                0x080215e0                HAL_ADC_Start
 .text.HAL_ADC_Stop
                0x0802167c       0x78 Thirdparty\STM32G0xx_HAL_Driver\Src\stm32g0xx_hal_adc.o
                0x0802167c                HAL_ADC_Stop
 .text.HAL_ADC_PollForConversion
                0x080216f4      0x128 Thirdparty\STM32G0xx_HAL_Driver\Src\stm32g0xx_hal_adc.o
                0x080216f4                HAL_ADC_PollForConversion
 .text.HAL_ADC_GetValue
                0x0802181c       0x16 Thirdparty\STM32G0xx_HAL_Driver\Src\stm32g0xx_hal_adc.o
                0x0802181c                HAL_ADC_GetValue
 *fill*         0x08021832        0x2 
 .text.HAL_ADC_ConfigChannel
                0x08021834      0x3b0 Thirdparty\STM32G0xx_HAL_Driver\Src\stm32g0xx_hal_adc.o
                0x08021834                HAL_ADC_ConfigChannel
 .text.ADC_ConversionStop
                0x08021be4       0x84 Thirdparty\STM32G0xx_HAL_Driver\Src\stm32g0xx_hal_adc.o
                0x08021be4                ADC_ConversionStop
 .text.ADC_Enable
                0x08021c68      0x10c Thirdparty\STM32G0xx_HAL_Driver\Src\stm32g0xx_hal_adc.o
                0x08021c68                ADC_Enable
 .text.ADC_Disable
                0x08021d74       0xbc Thirdparty\STM32G0xx_HAL_Driver\Src\stm32g0xx_hal_adc.o
                0x08021d74                ADC_Disable
 .text.__NVIC_EnableIRQ
                0x08021e30       0x34 Thirdparty\STM32G0xx_HAL_Driver\Src\stm32g0xx_hal_cortex.o
 .text.__NVIC_SetPriority
                0x08021e64       0xdc Thirdparty\STM32G0xx_HAL_Driver\Src\stm32g0xx_hal_cortex.o
 .text.SysTick_Config
                0x08021f40       0x48 Thirdparty\STM32G0xx_HAL_Driver\Src\stm32g0xx_hal_cortex.o
 .text.HAL_NVIC_SetPriority
                0x08021f88       0x2a Thirdparty\STM32G0xx_HAL_Driver\Src\stm32g0xx_hal_cortex.o
                0x08021f88                HAL_NVIC_SetPriority
 .text.HAL_NVIC_EnableIRQ
                0x08021fb2       0x20 Thirdparty\STM32G0xx_HAL_Driver\Src\stm32g0xx_hal_cortex.o
                0x08021fb2                HAL_NVIC_EnableIRQ
 .text.HAL_SYSTICK_Config
                0x08021fd2       0x1a Thirdparty\STM32G0xx_HAL_Driver\Src\stm32g0xx_hal_cortex.o
                0x08021fd2                HAL_SYSTICK_Config
 .text.HAL_CRC_Init