Archive member included to satisfy reference by file (symbol)

c:/st/stm32cubeide_1.9.0/stm32cubeide/plugins/com.st.stm32cube.ide.mcu.externaltools.gnu-tools-for-stm32.10.3-2021.10.win32_1.0.0.202111181127/tools/bin/../lib/gcc/arm-none-eabi/10.3.1/../../../../arm-none-eabi/lib/thumb/v6-m/nofp\libc.a(lib_a-atof.o)
                              BOS\BOS_CLI.o (atof)
c:/st/stm32cubeide_1.9.0/stm32cubeide/plugins/com.st.stm32cube.ide.mcu.externaltools.gnu-tools-for-stm32.10.3-2021.10.win32_1.0.0.202111181127/tools/bin/../lib/gcc/arm-none-eabi/10.3.1/../../../../arm-none-eabi/lib/thumb/v6-m/nofp\libc.a(lib_a-atoi.o)
                              BOS\BOS_CLI.o (atoi)
c:/st/stm32cubeide_1.9.0/stm32cubeide/plugins/com.st.stm32cube.ide.mcu.externaltools.gnu-tools-for-stm32.10.3-2021.10.win32_1.0.0.202111181127/tools/bin/../lib/gcc/arm-none-eabi/10.3.1/../../../../arm-none-eabi/lib/thumb/v6-m/nofp\libc.a(lib_a-atol.o)
                              BOS\BOS.o (atol)
c:/st/stm32cubeide_1.9.0/stm32cubeide/plugins/com.st.stm32cube.ide.mcu.externaltools.gnu-tools-for-stm32.10.3-2021.10.win32_1.0.0.202111181127/tools/bin/../lib/gcc/arm-none-eabi/10.3.1/../../../../arm-none-eabi/lib/thumb/v6-m/nofp\libc.a(lib_a-calloc.o)
                              BOS\BOS.o (calloc)
c:/st/stm32cubeide_1.9.0/stm32cubeide/plugins/com.st.stm32cube.ide.mcu.externaltools.gnu-tools-for-stm32.10.3-2021.10.win32_1.0.0.202111181127/tools/bin/../lib/gcc/arm-none-eabi/10.3.1/../../../../arm-none-eabi/lib/thumb/v6-m/nofp\libc.a(lib_a-callocr.o)
                              c:/st/stm32cubeide_1.9.0/stm32cubeide/plugins/com.st.stm32cube.ide.mcu.externaltools.gnu-tools-for-stm32.10.3-2021.10.win32_1.0.0.202111181127/tools/bin/../lib/gcc/arm-none-eabi/10.3.1/../../../../arm-none-eabi/lib/thumb/v6-m/nofp\libc.a(lib_a-calloc.o) (_calloc_r)
c:/st/stm32cubeide_1.9.0/stm32cubeide/plugins/com.st.stm32cube.ide.mcu.externaltools.gnu-tools-for-stm32.10.3-2021.10.win32_1.0.0.202111181127/tools/bin/../lib/gcc/arm-none-eabi/10.3.1/../../../../arm-none-eabi/lib/thumb/v6-m/nofp\libc.a(lib_a-ctype_.o)
                              BOS\BOS_CLI.o (_ctype_)
c:/st/stm32cubeide_1.9.0/stm32cubeide/plugins/com.st.stm32cube.ide.mcu.externaltools.gnu-tools-for-stm32.10.3-2021.10.win32_1.0.0.202111181127/tools/bin/../lib/gcc/arm-none-eabi/10.3.1/../../../../arm-none-eabi/lib/thumb/v6-m/nofp\libc.a(lib_a-errno.o)
                              c:/st/stm32cubeide_1.9.0/stm32cubeide/plugins/com.st.stm32cube.ide.mcu.externaltools.gnu-tools-for-stm32.10.3-2021.10.win32_1.0.0.202111181127/tools/bin/../lib/gcc/arm-none-eabi/10.3.1/../../../../arm-none-eabi/lib/thumb/v6-m/nofp\libc.a(lib_a-callocr.o) (__errno)
c:/st/stm32cubeide_1.9.0/stm32cubeide/plugins/com.st.stm32cube.ide.mcu.externaltools.gnu-tools-for-stm32.10.3-2021.10.win32_1.0.0.202111181127/tools/bin/../lib/gcc/arm-none-eabi/10.3.1/../../../../arm-none-eabi/lib/thumb/v6-m/nofp\libc.a(lib_a-exit.o)
                              c:/st/stm32cubeide_1.9.0/stm32cubeide/plugins/com.st.stm32cube.ide.mcu.externaltools.gnu-tools-for-stm32.10.3-2021.10.win32_1.0.0.202111181127/tools/bin/../lib/gcc/arm-none-eabi/10.3.1/../../../../arm-none-eabi/lib/thumb/v6-m/nofp/crt0.o (exit)
c:/st/stm32cubeide_1.9.0/stm32cubeide/plugins/com.st.stm32cube.ide.mcu.externaltools.gnu-tools-for-stm32.10.3-2021.10.win32_1.0.0.202111181127/tools/bin/../lib/gcc/arm-none-eabi/10.3.1/../../../../arm-none-eabi/lib/thumb/v6-m/nofp\libc.a(lib_a-impure.o)
                              c:/st/stm32cubeide_1.9.0/stm32cubeide/plugins/com.st.stm32cube.ide.mcu.externaltools.gnu-tools-for-stm32.10.3-2021.10.win32_1.0.0.202111181127/tools/bin/../lib/gcc/arm-none-eabi/10.3.1/../../../../arm-none-eabi/lib/thumb/v6-m/nofp\libc.a(lib_a-exit.o) (_global_impure_ptr)
c:/st/stm32cubeide_1.9.0/stm32cubeide/plugins/com.st.stm32cube.ide.mcu.externaltools.gnu-tools-for-stm32.10.3-2021.10.win32_1.0.0.202111181127/tools/bin/../lib/gcc/arm-none-eabi/10.3.1/../../../../arm-none-eabi/lib/thumb/v6-m/nofp\libc.a(lib_a-init.o)
                              c:/st/stm32cubeide_1.9.0/stm32cubeide/plugins/com.st.stm32cube.ide.mcu.externaltools.gnu-tools-for-stm32.10.3-2021.10.win32_1.0.0.202111181127/tools/bin/../lib/gcc/arm-none-eabi/10.3.1/../../../../arm-none-eabi/lib/thumb/v6-m/nofp/crt0.o (__libc_init_array)
c:/st/stm32cubeide_1.9.0/stm32cubeide/plugins/com.st.stm32cube.ide.mcu.externaltools.gnu-tools-for-stm32.10.3-2021.10.win32_1.0.0.202111181127/tools/bin/../lib/gcc/arm-none-eabi/10.3.1/../../../../arm-none-eabi/lib/thumb/v6-m/nofp\libc.a(lib_a-malloc.o)
                              BOS\BOS.o (malloc)
c:/st/stm32cubeide_1.9.0/stm32cubeide/plugins/com.st.stm32cube.ide.mcu.externaltools.gnu-tools-for-stm32.10.3-2021.10.win32_1.0.0.202111181127/tools/bin/../lib/gcc/arm-none-eabi/10.3.1/../../../../arm-none-eabi/lib/thumb/v6-m/nofp\libc.a(lib_a-mallocr.o)
[...]
Memory Configuration

Name             Origin             Length             Attributes
RAM              0x0000000020000000 0x0000000000024000 xrw
FLASH            0x0000000008000000 0x0000000000080000 xr
*default*        0x0000000000000000 0xffffffffffffffff

Linker script and memory map

LOAD c:/st/stm32cubeide_1.9.0/stm32cubeide/plugins/com.st.stm32cube.ide.mcu.externaltools.gnu-tools-for-stm32.10.3-2021.10.win32_1.0.0.202111181127/tools/bin/../lib/gcc/arm-none-eabi/10.3.1/thumb/v6-m/nofp/crti.o
LOAD c:/st/stm32cubeide_1.9.0/stm32cubeide/plugins/com.st.stm32cube.ide.mcu.externaltools.gnu-tools-for-stm32.10.3-2021.10.win32_1.0.0.202111181127/tools/bin/../lib/gcc/arm-none-eabi/10.3.1/thumb/v6-m/nofp/crtbegin.o
LOAD c:/st/stm32cubeide_1.9.0/stm32cubeide/plugins/com.st.stm32cube.ide.mcu.externaltools.gnu-tools-for-stm32.10.3-2021.10.win32_1.0.0.202111181127/tools/bin/../lib/gcc/arm-none-eabi/10.3.1/../../../../arm-none-eabi/lib/thumb/v6-m/nofp/crt0.o
LOAD BOS\BOS.o
LOAD BOS\BOS_CLI.o
LOAD BOS\BOS_CLIcommands.o
LOAD BOS\BOS_dma.o
LOAD BOS\BOS_freertos.o
LOAD BOS\BOS_messaging.o
LOAD BOS\BOS_msgparser.o
LOAD H0BR4\H0BR4.o
LOAD H0BR4\H0BR4_dma.o
LOAD H0BR4\H0BR4_eeprom.o
LOAD H0BR4\H0BR4_gpio.o
LOAD H0BR4\H0BR4_i2c.o
LOAD H0BR4\H0BR4_inputs.o
LOAD H0BR4\H0BR4_it.o
LOAD H0BR4\H0BR4_rtc.o
LOAD H0BR4\H0BR4_timers.o
LOAD H0BR4\H0BR4_uart.o
LOAD H0BR4\startup_stm32g0b1ceuxn.o
LOAD Thirdparty\CMSIS\STM32G0xx\Device\ST\STM32G0xx\Source\Templates\system_stm32g0xx.o
LOAD Thirdparty\LSM303AGR\src\LSM303AGR_ACC.o
LOAD Thirdparty\LSM303AGR\src\LSM303AGR_MAG.o
LOAD Thirdparty\LSM6DS3\src\LSM6DS3.o
LOAD Thirdparty\Middleware\STM32G0xx\FreeRTOS\Source\CMSIS_RTOS\cmsis_os.o
LOAD Thirdparty\Middleware\STM32G0xx\FreeRTOS\Source\FreeRTOS_CLI.o
LOAD Thirdparty\Middleware\STM32G0xx\FreeRTOS\Source\croutine.o
LOAD Thirdparty\Middleware\STM32G0xx\FreeRTOS\Source\event_groups.o
LOAD Thirdparty\Middleware\STM32G0xx\FreeRTOS\Source\list.o
LOAD Thirdparty\Middleware\STM32G0xx\FreeRTOS\Source\portable\GCC\ARM_CM0\port.o
LOAD Thirdparty\Middleware\STM32G0xx\FreeRTOS\Source\portable\MemMang\heap_4.o
LOAD Thirdparty\Middleware\STM32G0xx\FreeRTOS\Source\queue.o
LOAD Thirdparty\Middleware\STM32G0xx\FreeRTOS\Source\stream_buffer.o
LOAD Thirdparty\Middleware\STM32G0xx\FreeRTOS\Source\tasks.o
LOAD Thirdparty\Middleware\STM32G0xx\FreeRTOS\Source\timers.o
LOAD Thirdparty\STM32G0xx_HAL_Driver\Src\stm32g0xx_hal.o
LOAD Thirdparty\STM32G0xx_HAL_Driver\Src\stm32g0xx_hal_adc.o
LOAD Thirdparty\STM32G0xx_HAL_Driver\Src\stm32g0xx_hal_adc_ex.o
LOAD Thirdparty\STM32G0xx_HAL_Driver\Src\stm32g0xx_hal_cec.o
LOAD Thirdparty\STM32G0xx_HAL_Driver\Src\stm32g0xx_hal_comp.o
LOAD Thirdparty\STM32G0xx_HAL_Driver\Src\stm32g0xx_hal_cortex.o
LOAD Thirdparty\STM32G0xx_HAL_Driver\Src\stm32g0xx_hal_crc.o
LOAD Thirdparty\STM32G0xx_HAL_Driver\Src\stm32g0xx_hal_crc_ex.o
LOAD Thirdparty\STM32G0xx_HAL_Driver\Src\stm32g0xx_hal_cryp.o
LOAD Thirdparty\STM32G0xx_HAL_Driver\Src\stm32g0xx_hal_cryp_ex.o
LOAD Thirdparty\STM32G0xx_HAL_Driver\Src\stm32g0xx_hal_dac.o
LOAD Thirdparty\STM32G0xx_HAL_Driver\Src\stm32g0xx_hal_dac_ex.o
LOAD Thirdparty\STM32G0xx_HAL_Driver\Src\stm32g0xx_hal_dma.o
LOAD Thirdparty\STM32G0xx_HAL_Driver\Src\stm32g0xx_hal_dma_ex.o
LOAD Thirdparty\STM32G0xx_HAL_Driver\Src\stm32g0xx_hal_exti.o
LOAD Thirdparty\STM32G0xx_HAL_Driver\Src\stm32g0xx_hal_fdcan.o
LOAD Thirdparty\STM32G0xx_HAL_Driver\Src\stm32g0xx_hal_flash.o
LOAD Thirdparty\STM32G0xx_HAL_Driver\Src\stm32g0xx_hal_flash_ex.o
LOAD Thirdparty\STM32G0xx_HAL_Driver\Src\stm32g0xx_hal_gpio.o
LOAD Thirdparty\STM32G0xx_HAL_Driver\Src\stm32g0xx_hal_hcd.o
LOAD Thirdparty\STM32G0xx_HAL_Driver\Src\stm32g0xx_hal_i2c.o
LOAD Thirdparty\STM32G0xx_HAL_Driver\Src\stm32g0xx_hal_i2c_ex.o
LOAD Thirdparty\STM32G0xx_HAL_Driver\Src\stm32g0xx_hal_i2s.o
LOAD Thirdparty\STM32G0xx_HAL_Driver\Src\stm32g0xx_hal_irda.o
LOAD Thirdparty\STM32G0xx_HAL_Driver\Src\stm32g0xx_hal_iwdg.o
LOAD Thirdparty\STM32G0xx_HAL_Driver\Src\stm32g0xx_hal_lptim.o
LOAD Thirdparty\STM32G0xx_HAL_Driver\Src\stm32g0xx_hal_msp_template.o
LOAD Thirdparty\STM32G0xx_HAL_Driver\Src\stm32g0xx_hal_pcd.o
LOAD Thirdparty\STM32G0xx_HAL_Driver\Src\stm32g0xx_hal_pcd_ex.o
LOAD Thirdparty\STM32G0xx_HAL_Driver\Src\stm32g0xx_hal_pwr.o
LOAD Thirdparty\STM32G0xx_HAL_Driver\Src\stm32g0xx_hal_pwr_ex.o
LOAD Thirdparty\STM32G0xx_HAL_Driver\Src\stm32g0xx_hal_rcc.o
LOAD Thirdparty\STM32G0xx_HAL_Driver\Src\stm32g0xx_hal_rcc_ex.o
LOAD Thirdparty\STM32G0xx_HAL_Driver\Src\stm32g0xx_hal_rng.o
LOAD Thirdparty\STM32G0xx_HAL_Driver\Src\stm32g0xx_hal_rtc.o
LOAD Thirdparty\STM32G0xx_HAL_Driver\Src\stm32g0xx_hal_rtc_ex.o
LOAD Thirdparty\STM32G0xx_HAL_Driver\Src\stm32g0xx_hal_smartcard.o
LOAD Thirdparty\STM32G0xx_HAL_Driver\Src\stm32g0xx_hal_smartcard_ex.o
LOAD Thirdparty\STM32G0xx_HAL_Driver\Src\stm32g0xx_hal_smbus.o
LOAD Thirdparty\STM32G0xx_HAL_Driver\Src\stm32g0xx_hal_smbus_ex.o
LOAD Thirdparty\STM32G0xx_HAL_Driver\Src\stm32g0xx_hal_spi.o
LOAD Thirdparty\STM32G0xx_HAL_Driver\Src\stm32g0xx_hal_spi_ex.o
LOAD Thirdparty\STM32G0xx_HAL_Driver\Src\stm32g0xx_hal_tim.o
LOAD Thirdparty\STM32G0xx_HAL_Driver\Src\stm32g0xx_hal_tim_ex.o
LOAD Thirdparty\STM32G0xx_HAL_Driver\Src\stm32g0xx_hal_uart.o
LOAD Thirdparty\STM32G0xx_HAL_Driver\Src\stm32g0xx_hal_uart_ex.o
LOAD Thirdparty\STM32G0xx_HAL_Driver\Src\stm32g0xx_hal_usart.o
LOAD Thirdparty\STM32G0xx_HAL_Driver\Src\stm32g0xx_hal_usart_ex.o
LOAD Thirdparty\STM32G0xx_HAL_Driver\Src\stm32g0xx_hal_wwdg.o
LOAD Thirdparty\STM32G0xx_HAL_Driver\Src\stm32g0xx_ll_adc.o
LOAD Thirdparty\STM32G0xx_HAL_Driver\Src\stm32g0xx_ll_comp.o
LOAD Thirdparty\STM32G0xx_HAL_Driver\Src\stm32g0xx_ll_crc.o
LOAD Thirdparty\STM32G0xx_HAL_Driver\Src\stm32g0xx_ll_crs.o
LOAD Thirdparty\STM32G0xx_HAL_Driver\Src\stm32g0xx_ll_dac.o
LOAD Thirdparty\STM32G0xx_HAL_Driver\Src\stm32g0xx_ll_dma.o
LOAD Thirdparty\STM32G0xx_HAL_Driver\Src\stm32g0xx_ll_exti.o
LOAD Thirdparty\STM32G0xx_HAL_Driver\Src\stm32g0xx_ll_gpio.o
LOAD Thirdparty\STM32G0xx_HAL_Driver\Src\stm32g0xx_ll_i2c.o
LOAD Thirdparty\STM32G0xx_HAL_Driver\Src\stm32g0xx_ll_lptim.o
LOAD Thirdparty\STM32G0xx_HAL_Driver\Src\stm32g0xx_ll_lpuart.o
LOAD Thirdparty\STM32G0xx_HAL_Driver\Src\stm32g0xx_ll_pwr.o
LOAD Thirdparty\STM32G0xx_HAL_Driver\Src\stm32g0xx_ll_rcc.o
LOAD Thirdparty\STM32G0xx_HAL_Driver\Src\stm32g0xx_ll_rng.o
LOAD Thirdparty\STM32G0xx_HAL_Driver\Src\stm32g0xx_ll_rtc.o
LOAD Thirdparty\STM32G0xx_HAL_Driver\Src\stm32g0xx_ll_spi.o
LOAD Thirdparty\STM32G0xx_HAL_Driver\Src\stm32g0xx_ll_tim.o
LOAD Thirdparty\STM32G0xx_HAL_Driver\Src\stm32g0xx_ll_ucpd.o
LOAD Thirdparty\STM32G0xx_HAL_Driver\Src\stm32g0xx_ll_usart.o
LOAD Thirdparty\STM32G0xx_HAL_Driver\Src\stm32g0xx_ll_usb.o
LOAD Thirdparty\STM32G0xx_HAL_Driver\Src\stm32g0xx_ll_utils.o
LOAD User\main.o
START GROUP
LOAD c:/st/stm32cubeide_1.9.0/stm32cubeide/plugins/com.st.stm32cube.ide.mcu.externaltools.gnu-tools-for-stm32.10.3-2021.10.win32_1.0.0.202111181127/tools/bin/../lib/gcc/arm-none-eabi/10.3.1/../../../../arm-none-eabi/lib/thumb/v6-m/nofp\libc.a
LOAD c:/st/stm32cubeide_1.9.0/stm32cubeide/plugins/com.st.stm32cube.ide.mcu.externaltools.gnu-tools-for-stm32.10.3-2021.10.win32_1.0.0.202111181127/tools/bin/../lib/gcc/arm-none-eabi/10.3.1/../../../../arm-none-eabi/lib/thumb/v6-m/nofp\libm.a
END GROUP
START GROUP
LOAD c:/st/stm32cubeide_1.9.0/stm32cubeide/plugins/com.st.stm32cube.ide.mcu.externaltools.gnu-tools-for-stm32.10.3-2021.10.win32_1.0.0.202111181127/tools/bin/../lib/gcc/arm-none-eabi/10.3.1/thumb/v6-m/nofp\libgcc.a
LOAD c:/st/stm32cubeide_1.9.0/stm32cubeide/plugins/com.st.stm32cube.ide.mcu.externaltools.gnu-tools-for-stm32.10.3-2021.10.win32_1.0.0.202111181127/tools/bin/../lib/gcc/arm-none-eabi/10.3.1/../../../../arm-none-eabi/lib/thumb/v6-m/nofp\libc.a
END GROUP
START GROUP
LOAD c:/st/stm32cubeide_1.9.0/stm32cubeide/plugins/com.st.stm32cube.ide.mcu.externaltools.gnu-tools-for-stm32.10.3-2021.10.win32_1.0.0.202111181127/tools/bin/../lib/gcc/arm-none-eabi/10.3.1/thumb/v6-m/nofp\libgcc.a
LOAD c:/st/stm32cubeide_1.9.0/stm32cubeide/plugins/com.st.stm32cube.ide.mcu.externaltools.gnu-tools-for-stm32.10.3-2021.10.win32_1.0.0.202111181127/tools/bin/../lib/gcc/arm-none-eabi/10.3.1/../../../../arm-none-eabi/lib/thumb/v6-m/nofp\libc.a
LOAD c:/st/stm32cubeide_1.9.0/stm32cubeide/plugins/com.st.stm32cube.ide.mcu.externaltools.gnu-tools-for-stm32.10.3-2021.10.win32_1.0.0.202111181127/tools/bin/../lib/gcc/arm-none-eabi/10.3.1/../../../../arm-none-eabi/lib/thumb/v6-m/nofp\libnosys.a
END GROUP
LOAD c:/st/stm32cubeide_1.9.0/stm32cubeide/plugins/com.st.stm32cube.ide.mcu.externaltools.gnu-tools-for-stm32.10.3-2021.10.win32_1.0.0.202111181127/tools/bin/../lib/gcc/arm-none-eabi/10.3.1/thumb/v6-m/nofp/crtend.o
LOAD c:/st/stm32cubeide_1.9.0/stm32cubeide/plugins/com.st.stm32cube.ide.mcu.externaltools.gnu-tools-for-stm32.10.3-2021.10.win32_1.0.0.202111181127/tools/bin/../lib/gcc/arm-none-eabi/10.3.1/thumb/v6-m/nofp/crtn.o
                0x0000000020024000                _estack = (ORIGIN (RAM) + LENGTH (RAM))
                0x0000000000000200                _Min_Heap_Size = 0x200
                0x0000000000000400                _Min_Stack_Size = 0x400

.isr_vector     0x0000000008000000       0xbc
                0x0000000008000000                . = ALIGN (0x4)
 *(.isr_vector)
 .isr_vector    0x0000000008000000       0xbc H0BR4\startup_stm32g0b1ceuxn.o
                0x0000000008000000                g_pfnVectors
                0x00000000080000bc                . = ALIGN (0x4)

.text           0x00000000080000c0    0x1c068
                0x00000000080000c0                . = ALIGN (0x4)
 *(.text)
 .text          0x00000000080000c0       0x48 c:/st/stm32cubeide_1.9.0/stm32cubeide/plugins/com.st.stm32cube.ide.mcu.externaltools.gnu-tools-for-stm32.10.3-2021.10.win32_1.0.0.202111181127/tools/bin/../lib/gcc/arm-none-eabi/10.3.1/thumb/v6-m/nofp/crtbegin.o
 .text          0x0000000008000108       0x14 c:/st/stm32cubeide_1.9.0/stm32cubeide/plugins/com.st.stm32cube.ide.mcu.externaltools.gnu-tools-for-stm32.10.3-2021.10.win32_1.0.0.202111181127/tools/bin/../lib/gcc/arm-none-eabi/10.3.1/../../../../arm-none-eabi/lib/thumb/v6-m/nofp\libc.a(lib_a-strcmp.o)
                0x0000000008000108                strcmp
 .text          0x000000000800011c        0xe c:/st/stm32cubeide_1.9.0/stm32cubeide/plugins/com.st.stm32cube.ide.mcu.externaltools.gnu-tools-for-stm32.10.3-2021.10.win32_1.0.0.202111181127/tools/bin/../lib/gcc/arm-none-eabi/10.3.1/../../../../arm-none-eabi/lib/thumb/v6-m/nofp\libc.a(lib_a-strlen.o)
                0x000000000800011c                strlen
 *fill*         0x000000000800012a        0x2 
 .text          0x000000000800012c       0x14 c:/st/stm32cubeide_1.9.0/stm32cubeide/plugins/com.st.stm32cube.ide.mcu.externaltools.gnu-tools-for-stm32.10.3-2021.10.win32_1.0.0.202111181127/tools/bin/../lib/gcc/arm-none-eabi/10.3.1/thumb/v6-m/nofp\libgcc.a(_thumb1_case_uqi.o)
                0x000000000800012c                __gnu_thumb1_case_uqi
 .text          0x0000000008000140       0x14 c:/st/stm32cubeide_1.9.0/stm32cubeide/plugins/com.st.stm32cube.ide.mcu.externaltools.gnu-tools-for-stm32.10.3-2021.10.win32_1.0.0.202111181127/tools/bin/../lib/gcc/arm-none-eabi/10.3.1/thumb/v6-m/nofp\libgcc.a(_thumb1_case_uhi.o)
                0x0000000008000140                __gnu_thumb1_case_uhi
 .text          0x0000000008000154      0x114 c:/st/stm32cubeide_1.9.0/stm32cubeide/plugins/com.st.stm32cube.ide.mcu.externaltools.gnu-tools-for-stm32.10.3-2021.10.win32_1.0.0.202111181127/tools/bin/../lib/gcc/arm-none-eabi/10.3.1/thumb/v6-m/nofp\libgcc.a(_udivsi3.o)
                0x0000000008000154                __aeabi_uidiv
                0x0000000008000154                __udivsi3
                0x0000000008000260                __aeabi_uidivmod
 .text          0x0000000008000268      0x1d4 c:/st/stm32cubeide_1.9.0/stm32cubeide/plugins/com.st.stm32cube.ide.mcu.externaltools.gnu-tools-for-stm32.10.3-2021.10.win32_1.0.0.202111181127/tools/bin/../lib/gcc/arm-none-eabi/10.3.1/thumb/v6-m/nofp\libgcc.a(_divsi3.o)
                0x0000000008000268                __divsi3
                0x0000000008000268                __aeabi_idiv
                0x0000000008000434                __aeabi_idivmod
 .text          0x000000000800043c        0x4 c:/st/stm32cubeide_1.9.0/stm32cubeide/plugins/com.st.stm32cube.ide.mcu.externaltools.gnu-tools-for-stm32.10.3-2021.10.win32_1.0.0.202111181127/tools/bin/../lib/gcc/arm-none-eabi/10.3.1/thumb/v6-m/nofp\libgcc.a(_dvmd_tls.o)
                0x000000000800043c                __aeabi_idiv0
                0x000000000800043c                __aeabi_ldiv0
 .text          0x0000000008000440       0x7c c:/st/stm32cubeide_1.9.0/stm32cubeide/plugins/com.st.stm32cube.ide.mcu.externaltools.gnu-tools-for-stm32.10.3-2021.10.win32_1.0.0.202111181127/tools/bin/../lib/gcc/arm-none-eabi/10.3.1/thumb/v6-m/nofp\libgcc.a(_arm_cmpdf2.o)
                0x0000000008000440                __aeabi_cdrcmple
                0x0000000008000450                __aeabi_cdcmple
                0x0000000008000450                __aeabi_cdcmpeq
                0x0000000008000460                __aeabi_dcmpeq
                0x000000000800046c                __aeabi_dcmplt
                0x0000000008000480                __aeabi_dcmple
                0x0000000008000494                __aeabi_dcmpgt
                0x00000000080004a8                __aeabi_dcmpge
 .text          0x00000000080004bc       0x74 c:/st/stm32cubeide_1.9.0/stm32cubeide/plugins/com.st.stm32cube.ide.mcu.externaltools.gnu-tools-for-stm32.10.3-2021.10.win32_1.0.0.202111181127/tools/bin/../lib/gcc/arm-none-eabi/10.3.1/thumb/v6-m/nofp\libgcc.a(_arm_cmpsf2.o)
                0x00000000080004bc                __aeabi_cfrcmple
                0x00000000080004c4                __aeabi_cfcmpeq
                0x00000000080004c4                __aeabi_cfcmple
                0x00000000080004d4                __aeabi_fcmpeq
                0x00000000080004e0                __aeabi_fcmplt
                0x00000000080004f4                __aeabi_fcmple
                0x0000000008000508                __aeabi_fcmpgt
                0x000000000800051c                __aeabi_fcmpge
 .text          0x0000000008000530       0x48 c:/st/stm32cubeide_1.9.0/stm32cubeide/plugins/com.st.stm32cube.ide.mcu.externaltools.gnu-tools-for-stm32.10.3-2021.10.win32_1.0.0.202111181127/tools/bin/../lib/gcc/arm-none-eabi/10.3.1/thumb/v6-m/nofp\libgcc.a(_aeabi_ldivmod.o)
                0x0000000008000530                __aeabi_ldivmod
 .text          0x0000000008000578       0x40 c:/st/stm32cubeide_1.9.0/stm32cubeide/plugins/com.st.stm32cube.ide.mcu.externaltools.gnu-tools-for-stm32.10.3-2021.10.win32_1.0.0.202111181127/tools/bin/../lib/gcc/arm-none-eabi/10.3.1/thumb/v6-m/nofp\libgcc.a(_aeabi_uldivmod.o)
                0x0000000008000578                __aeabi_uldivmod
 .text          0x00000000080005b8       0x5c c:/st/stm32cubeide_1.9.0/stm32cubeide/plugins/com.st.stm32cube.ide.mcu.externaltools.gnu-tools-for-stm32.10.3-2021.10.win32_1.0.0.202111181127/tools/bin/../lib/gcc/arm-none-eabi/10.3.1/thumb/v6-m/nofp\libgcc.a(_muldi3.o)
                0x00000000080005b8                __muldi3
                0x00000000080005b8                __aeabi_lmul
 .text          0x0000000008000614       0x30 c:/st/stm32cubeide_1.9.0/stm32cubeide/plugins/com.st.stm32cube.ide.mcu.externaltools.gnu-tools-for-stm32.10.3-2021.10.win32_1.0.0.202111181127/tools/bin/../lib/gcc/arm-none-eabi/10.3.1/thumb/v6-m/nofp\libgcc.a(_fixunssfsi.o)
                0x0000000008000614                __fixunssfsi
                0x0000000008000614                __aeabi_f2uiz
 .text          0x0000000008000644       0x3c c:/st/stm32cubeide_1.9.0/stm32cubeide/plugins/com.st.stm32cube.ide.mcu.externaltools.gnu-tools-for-stm32.10.3-2021.10.win32_1.0.0.202111181127/tools/bin/../lib/gcc/arm-none-eabi/10.3.1/thumb/v6-m/nofp\libgcc.a(_fixunsdfsi.o)
                0x0000000008000644                __aeabi_d2uiz
                0x0000000008000644                __fixunsdfsi
 .text          0x0000000008000680       0x3c c:/st/stm32cubeide_1.9.0/stm32cubeide/plugins/com.st.stm32cube.ide.mcu.externaltools.gnu-tools-for-stm32.10.3-2021.10.win32_1.0.0.202111181127/tools/bin/../lib/gcc/arm-none-eabi/10.3.1/thumb/v6-m/nofp\libgcc.a(_fixdfdi.o)
                0x0000000008000680                __fixdfdi
                0x0000000008000680                __aeabi_d2lz
 .text          0x00000000080006bc       0x3c c:/st/stm32cubeide_1.9.0/stm32cubeide/plugins/com.st.stm32cube.ide.mcu.externaltools.gnu-tools-for-stm32.10.3-2021.10.win32_1.0.0.202111181127/tools/bin/../lib/gcc/arm-none-eabi/10.3.1/thumb/v6-m/nofp\libgcc.a(_fixunsdfdi.o)
                0x00000000080006bc                __fixunsdfdi
                0x00000000080006bc                __aeabi_d2ulz
 .text          0x00000000080006f8       0x2c c:/st/stm32cubeide_1.9.0/stm32cubeide/plugins/com.st.stm32cube.ide.mcu.externaltools.gnu-tools-for-stm32.10.3-2021.10.win32_1.0.0.202111181127/tools/bin/../lib/gcc/arm-none-eabi/10.3.1/thumb/v6-m/nofp\libgcc.a(_floatdidf.o)
                0x00000000080006f8                __aeabi_l2d
                0x00000000080006f8                __floatdidf
 .text          0x0000000008000724      0x198 c:/st/stm32cubeide_1.9.0/stm32cubeide/plugins/com.st.stm32cube.ide.mcu.externaltools.gnu-tools-for-stm32.10.3-2021.10.win32_1.0.0.202111181127/tools/bin/../lib/gcc/arm-none-eabi/10.3.1/thumb/v6-m/nofp\libgcc.a(_udivmoddi4.o)
                0x0000000008000724                __udivmoddi4
 .text          0x00000000080008bc       0x3c c:/st/stm32cubeide_1.9.0/stm32cubeide/plugins/com.st.stm32cube.ide.mcu.externaltools.gnu-tools-for-stm32.10.3-2021.10.win32_1.0.0.202111181127/tools/bin/../lib/gcc/arm-none-eabi/10.3.1/thumb/v6-m/nofp\libgcc.a(bpabi.o)
                0x00000000080008bc                __gnu_ldivmod_helper
 .text          0x00000000080008f8      0x33c c:/st/stm32cubeide_1.9.0/stm32cubeide/plugins/com.st.stm32cube.ide.mcu.externaltools.gnu-tools-for-stm32.10.3-2021.10.win32_1.0.0.202111181127/tools/bin/../lib/gcc/arm-none-eabi/10.3.1/thumb/v6-m/nofp\libgcc.a(addsf3.o)
                0x00000000080008f8                __aeabi_fadd
 .text          0x0000000008000c34      0x230 c:/st/stm32cubeide_1.9.0/stm32cubeide/plugins/com.st.stm32cube.ide.mcu.externaltools.gnu-tools-for-stm32.10.3-2021.10.win32_1.0.0.202111181127/tools/bin/../lib/gcc/arm-none-eabi/10.3.1/thumb/v6-m/nofp\libgcc.a(divsf3.o)
                0x0000000008000c34                __aeabi_fdiv
 .text          0x0000000008000e64       0x4c c:/st/stm32cubeide_1.9.0/stm32cubeide/plugins/com.st.stm32cube.ide.mcu.externaltools.gnu-tools-for-stm32.10.3-2021.10.win32_1.0.0.202111181127/tools/bin/../lib/gcc/arm-none-eabi/10.3.1/thumb/v6-m/nofp\libgcc.a(eqsf2.o)
                0x0000000008000e64                __eqsf2
                0x0000000008000e64                __nesf2
 .text          0x0000000008000eb0       0x8c c:/st/stm32cubeide_1.9.0/stm32cubeide/plugins/com.st.stm32cube.ide.mcu.externaltools.gnu-tools-for-stm32.10.3-2021.10.win32_1.0.0.202111181127/tools/bin/../lib/gcc/arm-none-eabi/10.3.1/thumb/v6-m/nofp\libgcc.a(gesf2.o)
                0x0000000008000eb0                __gesf2
                0x0000000008000eb0                __gtsf2
 .text          0x0000000008000f3c       0x88 c:/st/stm32cubeide_1.9.0/stm32cubeide/plugins/com.st.stm32cube.ide.mcu.externaltools.gnu-tools-for-stm32.10.3-2021.10.win32_1.0.0.202111181127/tools/bin/../lib/gcc/arm-none-eabi/10.3.1/thumb/v6-m/nofp\libgcc.a(lesf2.o)
                0x0000000008000f3c                __ltsf2
                0x0000000008000f3c                __lesf2
 .text          0x0000000008000fc4      0x24c c:/st/stm32cubeide_1.9.0/stm32cubeide/plugins/com.st.stm32cube.ide.mcu.externaltools.gnu-tools-for-stm32.10.3-2021.10.win32_1.0.0.202111181127/tools/bin/../lib/gcc/arm-none-eabi/10.3.1/thumb/v6-m/nofp\libgcc.a(mulsf3.o)
                0x0000000008000fc4                __aeabi_fmul
 .text          0x0000000008001210      0x35c c:/st/stm32cubeide_1.9.0/stm32cubeide/plugins/com.st.stm32cube.ide.mcu.externaltools.gnu-tools-for-stm32.10.3-2021.10.win32_1.0.0.202111181127/tools/bin/../lib/gcc/arm-none-eabi/10.3.1/thumb/v6-m/nofp\libgcc.a(subsf3.o)
                0x0000000008001210                __aeabi_fsub
 .text          0x000000000800156c       0x40 c:/st/stm32cubeide_1.9.0/stm32cubeide/plugins/com.st.stm32cube.ide.mcu.externaltools.gnu-tools-for-stm32.10.3-2021.10.win32_1.0.0.202111181127/tools/bin/../lib/gcc/arm-none-eabi/10.3.1/thumb/v6-m/nofp\libgcc.a(fixsfsi.o)
                0x000000000800156c                __aeabi_f2iz
 .text          0x00000000080015ac       0x9c c:/st/stm32cubeide_1.9.0/stm32cubeide/plugins/com.st.stm32cube.ide.mcu.externaltools.gnu-tools-for-stm32.10.3-2021.10.win32_1.0.0.202111181127/tools/bin/../lib/gcc/arm-none-eabi/10.3.1/thumb/v6-m/nofp\libgcc.a(floatsisf.o)
                0x00000000080015ac                __aeabi_i2f
 .text          0x0000000008001648       0x84 c:/st/stm32cubeide_1.9.0/stm32cubeide/plugins/com.st.stm32cube.ide.mcu.externaltools.gnu-tools-for-stm32.10.3-2021.10.win32_1.0.0.202111181127/tools/bin/../lib/gcc/arm-none-eabi/10.3.1/thumb/v6-m/nofp\libgcc.a(floatunsisf.o)
                0x0000000008001648                __aeabi_ui2f
 .text          0x00000000080016cc      0x678 c:/st/stm32cubeide_1.9.0/stm32cubeide/plugins/com.st.stm32cube.ide.mcu.externaltools.gnu-tools-for-stm32.10.3-2021.10.win32_1.0.0.202111181127/tools/bin/../lib/gcc/arm-none-eabi/10.3.1/thumb/v6-m/nofp\libgcc.a(adddf3.o)
                0x00000000080016cc                __aeabi_dadd
 .text          0x0000000008001d44      0x5ec c:/st/stm32cubeide_1.9.0/stm32cubeide/plugins/com.st.stm32cube.ide.mcu.externaltools.gnu-tools-for-stm32.10.3-2021.10.win32_1.0.0.202111181127/tools/bin/../lib/gcc/arm-none-eabi/10.3.1/thumb/v6-m/nofp\libgcc.a(divdf3.o)
                0x0000000008001d44                __aeabi_ddiv
 .text          0x0000000008002330       0x84 c:/st/stm32cubeide_1.9.0/stm32cubeide/plugins/com.st.stm32cube.ide.mcu.externaltools.gnu-tools-for-stm32.10.3-2021.10.win32_1.0.0.202111181127/tools/bin/../lib/gcc/arm-none-eabi/10.3.1/thumb/v6-m/nofp\libgcc.a(eqdf2.o)
                0x0000000008002330                __nedf2
                0x0000000008002330                __eqdf2
 .text          0x00000000080023b4       0xcc c:/st/stm32cubeide_1.9.0/stm32cubeide/plugins/com.st.stm32cube.ide.mcu.externaltools.gnu-tools-for-stm32.10.3-2021.10.win32_1.0.0.202111181127/tools/bin/../lib/gcc/arm-none-eabi/10.3.1/thumb/v6-m/nofp\libgcc.a(gedf2.o)
                0x00000000080023b4                __gedf2
                0x00000000080023b4                __gtdf2
 .text          0x0000000008002480       0xc8 c:/st/stm32cubeide_1.9.0/stm32cubeide/plugins/com.st.stm32cube.ide.mcu.externaltools.gnu-tools-for-stm32.10.3-2021.10.win32_1.0.0.202111181127/tools/bin/../lib/gcc/arm-none-eabi/10.3.1/thumb/v6-m/nofp\libgcc.a(ledf2.o)
                0x0000000008002480                __ledf2
                0x0000000008002480                __ltdf2
 .text          0x0000000008002548      0x4d8 c:/st/stm32cubeide_1.9.0/stm32cubeide/plugins/com.st.stm32cube.ide.mcu.externaltools.gnu-tools-for-stm32.10.3-2021.10.win32_1.0.0.202111181127/tools/bin/../lib/gcc/arm-none-eabi/10.3.1/thumb/v6-m/nofp\libgcc.a(muldf3.o)
                0x0000000008002548                __aeabi_dmul
 .text          0x0000000008002a20      0x724 c:/st/stm32cubeide_1.9.0/stm32cubeide/plugins/com.st.stm32cube.ide.mcu.externaltools.gnu-tools-for-stm32.10.3-2021.10.win32_1.0.0.202111181127/tools/bin/../lib/gcc/arm-none-eabi/10.3.1/thumb/v6-m/nofp\libgcc.a(subdf3.o)
                0x0000000008002a20                __aeabi_dsub
 .text          0x0000000008003144       0x3c c:/st/stm32cubeide_1.9.0/stm32cubeide/plugins/com.st.stm32cube.ide.mcu.externaltools.gnu-tools-for-stm32.10.3-2021.10.win32_1.0.0.202111181127/tools/bin/../lib/gcc/arm-none-eabi/10.3.1/thumb/v6-m/nofp\libgcc.a(unorddf2.o)
                0x0000000008003144                __aeabi_dcmpun
 .text          0x0000000008003180       0x6c c:/st/stm32cubeide_1.9.0/stm32cubeide/plugins/com.st.stm32cube.ide.mcu.externaltools.gnu-tools-for-stm32.10.3-2021.10.win32_1.0.0.202111181127/tools/bin/../lib/gcc/arm-none-eabi/10.3.1/thumb/v6-m/nofp\libgcc.a(fixdfsi.o)
                0x0000000008003180                __aeabi_d2iz
 .text          0x00000000080031ec       0x60 c:/st/stm32cubeide_1.9.0/stm32cubeide/plugins/com.st.stm32cube.ide.mcu.externaltools.gnu-tools-for-stm32.10.3-2021.10.win32_1.0.0.202111181127/tools/bin/../lib/gcc/arm-none-eabi/10.3.1/thumb/v6-m/nofp\libgcc.a(floatsidf.o)
                0x00000000080031ec                __aeabi_i2d
 .text          0x000000000800324c       0x4c c:/st/stm32cubeide_1.9.0/stm32cubeide/plugins/com.st.stm32cube.ide.mcu.externaltools.gnu-tools-for-stm32.10.3-2021.10.win32_1.0.0.202111181127/tools/bin/../lib/gcc/arm-none-eabi/10.3.1/thumb/v6-m/nofp\libgcc.a(floatunsidf.o)
                0x000000000800324c                __aeabi_ui2d
 .text          0x0000000008003298       0x90 c:/st/stm32cubeide_1.9.0/stm32cubeide/plugins/com.st.stm32cube.ide.mcu.externaltools.gnu-tools-for-stm32.10.3-2021.10.win32_1.0.0.202111181127/tools/bin/../lib/gcc/arm-none-eabi/10.3.1/thumb/v6-m/nofp\libgcc.a(extendsfdf2.o)
                0x0000000008003298                __aeabi_f2d
 .text          0x0000000008003328      0x110 c:/st/stm32cubeide_1.9.0/stm32cubeide/plugins/com.st.stm32cube.ide.mcu.externaltools.gnu-tools-for-stm32.10.3-2021.10.win32_1.0.0.202111181127/tools/bin/../lib/gcc/arm-none-eabi/10.3.1/thumb/v6-m/nofp\libgcc.a(truncdfsf2.o)
                0x0000000008003328                __aeabi_d2f
 .text          0x0000000008003438       0x3c c:/st/stm32cubeide_1.9.0/stm32cubeide/plugins/com.st.stm32cube.ide.mcu.externaltools.gnu-tools-for-stm32.10.3-2021.10.win32_1.0.0.202111181127/tools/bin/../lib/gcc/arm-none-eabi/10.3.1/thumb/v6-m/nofp\libgcc.a(_clzsi2.o)
                0x0000000008003438                __clzsi2
 .text          0x0000000008003474       0x18 c:/st/stm32cubeide_1.9.0/stm32cubeide/plugins/com.st.stm32cube.ide.mcu.externaltools.gnu-tools-for-stm32.10.3-2021.10.win32_1.0.0.202111181127/tools/bin/../lib/gcc/arm-none-eabi/10.3.1/thumb/v6-m/nofp\libgcc.a(_clzdi2.o)
                0x0000000008003474                __clzdi2
 .text          0x000000000800348c      0x1cc c:/st/stm32cubeide_1.9.0/stm32cubeide/plugins/com.st.stm32cube.ide.mcu.externaltools.gnu-tools-for-stm32.10.3-2021.10.win32_1.0.0.202111181127/tools/bin/../lib/gcc/arm-none-eabi/10.3.1/thumb/v6-m/nofp\libgcc.a(_divdi3.o)
                0x000000000800348c                __divdi3
 *(.text*)
 .text.Processor_type
                0x0000000008003658       0x18 BOS\BOS.o
                0x0000000008003658                Processor_type
 .text.Send_BOS_Message
                0x0000000008003670       0x9c BOS\BOS.o
                0x0000000008003670                Send_BOS_Message
 .text.LoadROtopology
                0x000000000800370c       0xa0 BOS\BOS.o
                0x000000000800370c                LoadROtopology
 .text.LoadEEalias
                0x00000000080037ac       0x88 BOS\BOS.o
                0x00000000080037ac                LoadEEalias
 .text.LoadEEgroup
                0x0000000008003834       0xa8 BOS\BOS.o
                0x0000000008003834                LoadEEgroup
 .text.LoadEEstreams
                0x00000000080038dc      0x11c BOS\BOS.o
                0x00000000080038dc                LoadEEstreams
 .text.LoadEEparams
                0x00000000080039f8      0x164 BOS\BOS.o
                0x00000000080039f8                LoadEEparams
 .text.LoadEEbuttons
                0x0000000008003b5c       0xf8 BOS\BOS.o
                0x0000000008003b5c                LoadEEbuttons
 .text.LoadROsnippets
                0x0000000008003c54      0x100 BOS\BOS.o
                0x0000000008003c54                LoadROsnippets
 .text.LoadEEvars
                0x0000000008003d54       0x4c BOS\BOS.o
                0x0000000008003d54                LoadEEvars
 .text.SaveEEportsDir
                0x0000000008003da0       0x50 BOS\BOS.o
                0x0000000008003da0                SaveEEportsDir
 .text.SaveEEalias
                0x0000000008003df0       0x88 BOS\BOS.o
                0x0000000008003df0                SaveEEalias
 .text.SaveEEstreams
                0x0000000008003e78       0x94 BOS\BOS.o
                0x0000000008003e78                SaveEEstreams
 .text.SaveEEparams
                0x0000000008003f0c       0x8c BOS\BOS.o
                0x0000000008003f0c                SaveEEparams
 .text.ClearEEportsDir
                0x0000000008003f98       0x58 BOS\BOS.o
                0x0000000008003f98                ClearEEportsDir
 .text.IsLowerCLIbaud
                0x0000000008003ff0       0x9c BOS\BOS.o
                0x0000000008003ff0                IsLowerCLIbaud
 .text.IsModuleParameter
                0x000000000800408c       0x2c BOS\BOS.o
                0x000000000800408c                IsModuleParameter
 .text.IsMathOperator
                0x00000000080040b8       0x84 BOS\BOS.o
                0x00000000080040b8                IsMathOperator
 .text.BOS_Init
                0x000000000800413c      0x11c BOS\BOS.o
                0x000000000800413c                BOS_Init
 .text.Module_Init
                0x0000000008004258       0x18 BOS\BOS.o
                0x0000000008004258                Module_Init
 .text.ExploreNeighbors
                0x0000000008004270       0x58 BOS\BOS.o
                0x0000000008004270                ExploreNeighbors
 .text.FindBroadcastRoutes
                0x00000000080042c8      0x148 BOS\BOS.o
                0x00000000080042c8                FindBroadcastRoutes
 .text.FindRoute
                0x0000000008004410      0x1e0 BOS\BOS.o
                0x0000000008004410                FindRoute
 .text.DisplayTopology
                0x00000000080045f0      0x1ac BOS\BOS.o
                0x00000000080045f0                DisplayTopology
 .text.DisplayPortsDir
                0x000000000800479c      0x100 BOS\BOS.o
                0x000000000800479c                DisplayPortsDir
 .text.DisplayModuleStatus
                0x000000000800489c      0x2f8 BOS\BOS.o
                0x000000000800489c                DisplayModuleStatus
 .text.GetID    0x0000000008004b94       0xc4 BOS\BOS.o
                0x0000000008004b94                GetID
 .text.NameModule
                0x0000000008004c58       0xcc BOS\BOS.o
                0x0000000008004c58                NameModule
 .text.AddModuleToGroup
                0x0000000008004d24      0x114 BOS\BOS.o
                0x0000000008004d24                AddModuleToGroup
 .text.WriteToRemote
                0x0000000008004e38      0x26c BOS\BOS.o
                0x0000000008004e38                WriteToRemote
 .text.GetDateString
                0x00000000080050a4       0x44 BOS\BOS.o
                0x00000000080050a4                GetDateString
 .text.Bridge   0x00000000080050e8       0x28 BOS\BOS.o
                0x00000000080050e8                Bridge
 .text.Unbridge
                0x0000000008005110       0x94 BOS\BOS.o
                0x0000000008005110                Unbridge
 .text.AddSnippet.part.0
                0x00000000080051a4       0xa4 BOS\BOS_CLI.o
 .text.ParseSnippetCondition
                0x0000000008005248      0x3ac BOS\BOS_CLI.o
                0x0000000008005248                ParseSnippetCondition
 .text.CLI_CommandParser
                0x00000000080055f4      0x458 BOS\BOS_CLI.o
                0x00000000080055f4                CLI_CommandParser
 .text.prvCLITask
                0x0000000008005a4c      0x1b8 BOS\BOS_CLI.o
                0x0000000008005a4c                prvCLITask
 .text.ParseSnippetCommand
                0x0000000008005c04       0x74 BOS\BOS_CLI.o
                0x0000000008005c04                ParseSnippetCommand
 .text.CheckSnippetCondition
                0x0000000008005c78       0xcc BOS\BOS_CLI.o
                0x0000000008005c78                CheckSnippetCondition
 .text.ExecuteSnippet
                0x0000000008005d44       0xb0 BOS\BOS_CLI.o
                0x0000000008005d44                ExecuteSnippet
 .text.exploreCommand
                0x0000000008005df4        0x4 BOS\BOS_CLIcommands.o
 .text.resetCommand
                0x0000000008005df8       0x1c BOS\BOS_CLIcommands.o
 .text.setBaudrateCommand
                0x0000000008005e14       0x78 BOS\BOS_CLIcommands.o
 .text.flashsizeCommand
                0x0000000008005e8c       0x18 BOS\BOS_CLIcommands.o
 .text.GetReadPrecentageCommand
                0x0000000008005ea4       0x58 BOS\BOS_CLIcommands.o
 .text.ReadVrefCommand
                0x0000000008005efc       0x38 BOS\BOS_CLIcommands.o
 .text.ReadTempCommand
                0x0000000008005f34       0x38 BOS\BOS_CLIcommands.o
 .text.ADCReadCommand
                0x0000000008005f6c       0xb0 BOS\BOS_CLIcommands.o
 .text.testportCommand
                0x000000000800601c      0x1ac BOS\BOS_CLIcommands.o
 .text.unbridgeCommand
                0x00000000080061c8       0xa8 BOS\BOS_CLIcommands.o
 .text.bridgeCommand
                0x0000000008006270       0xa8 BOS\BOS_CLIcommands.o
 .text.delSnipCommand
                0x0000000008006318       0xe8 BOS\BOS_CLIcommands.o
 .text.pauseSnipCommand
                0x0000000008006400       0x68 BOS\BOS_CLIcommands.o
 .text.actSnipCommand
                0x0000000008006468       0x6c BOS\BOS_CLIcommands.o
 .text.snipCommand
                0x00000000080064d4      0x218 BOS\BOS_CLIcommands.o
 .text.idcodeCommand
                0x00000000080066ec       0xa0 BOS\BOS_CLIcommands.o
 .text.uuidCommand
                0x000000000800678c       0x28 BOS\BOS_CLIcommands.o
 .text.dateCommand
                0x00000000080067b4       0x20 BOS\BOS_CLIcommands.o
 .text.getCommand
                0x00000000080067d4      0x234 BOS\BOS_CLIcommands.o
 .text.defaultCommand
                0x0000000008006a08       0xb4 BOS\BOS_CLIcommands.o
 .text.setCommand
                0x0000000008006abc      0x808 BOS\BOS_CLIcommands.o
 .text.removebuttonCommand
                0x00000000080072c4       0x4c BOS\BOS_CLIcommands.o
 .text.addbuttonCommand
                0x0000000008007310       0xcc BOS\BOS_CLIcommands.o
 .text.scastCommand
                0x00000000080073dc      0x190 BOS\BOS_CLIcommands.o
 .text.infoCommand
                0x000000000800756c       0xf8 BOS\BOS_CLIcommands.o
 .text.statusCommand
                0x0000000008007664        0xc BOS\BOS_CLIcommands.o
 .text.groupCommand
                0x0000000008007670      0x1b4 BOS\BOS_CLIcommands.o
 .text.nameCommand
                0x0000000008007824       0x88 BOS\BOS_CLIcommands.o
 .text.pingCommand
                0x00000000080078ac       0x5c BOS\BOS_CLIcommands.o
 .text.prvRunTimeStatsCommand
                0x0000000008007908       0x1c BOS\BOS_CLIcommands.o
 .text.prvTaskStatsCommand
                0x0000000008007924       0x1c BOS\BOS_CLIcommands.o
 .text.timeCommand
                0x0000000008007940       0x74 BOS\BOS_CLIcommands.o
 .text.bootloaderUpdateCommand
                0x00000000080079b4      0x178 BOS\BOS_CLIcommands.o
 .text.RegisterUserCLICommands
                0x0000000008007b2c        0x4 BOS\BOS_CLIcommands.o
                0x0000000008007b2c                RegisterUserCLICommands
 .text.vRegisterCLICommands
                0x0000000008007b30      0x134 BOS\BOS_CLIcommands.o
                0x0000000008007b30                vRegisterCLICommands
 .text.StartDMAstream
                0x0000000008007c64       0x58 BOS\BOS_dma.o
                0x0000000008007c64                StartDMAstream
 .text.ResetUartORE
                0x0000000008007cbc       0x40 BOS\BOS_dma.o
                0x0000000008007cbc                ResetUartORE
 .text.ExecuteMonitor.part.0
                0x0000000008007cfc      0x360 BOS\BOS_freertos.o
 .text.StartDefaultTask
                0x000000000800805c       0xa0 BOS\BOS_freertos.o
                0x000000000800805c                StartDefaultTask
 .text.MX_FREERTOS_Init
                0x00000000080080fc      0x1b0 BOS\BOS_freertos.o
                0x00000000080080fc                MX_FREERTOS_Init
 .text.vMainConfigureTimerForRunTimeStats
                0x00000000080082ac       0x20 BOS\BOS_freertos.o
                0x00000000080082ac                vMainConfigureTimerForRunTimeStats
 .text.ulMainGetRunTimeCounterValue
                0x00000000080082cc       0x4c BOS\BOS_freertos.o
                0x00000000080082cc                ulMainGetRunTimeCounterValue
 .text.StreamTimerCallback
                0x0000000008008318       0x18 BOS\BOS_messaging.o
                0x0000000008008318                StreamTimerCallback
 .text.SetupDMAStreams
                0x0000000008008330      0x19c BOS\BOS_messaging.o
                0x0000000008008330                SetupDMAStreams
 .text.NotifyMessagingTask
                0x00000000080084cc       0x50 BOS\BOS_messaging.o
                0x00000000080084cc                NotifyMessagingTask
 .text.SendMessageFromPort
                0x000000000800851c       0x2c BOS\BOS_messaging.o
                0x000000000800851c                SendMessageFromPort
 .text.SendMessageFromPort.part.0
                0x0000000008008548      0x3e4 BOS\BOS_messaging.o
 .text.BroadcastReceivedMessage
                0x000000000800892c       0x3c BOS\BOS_messaging.o
                0x000000000800892c                BroadcastReceivedMessage
 .text.BroadcastMessage
                0x0000000008008968       0x4c BOS\BOS_messaging.o
                0x0000000008008968                BroadcastMessage
 .text.ForwardReceivedMessage
                0x00000000080089b4       0x54 BOS\BOS_messaging.o
                0x00000000080089b4                ForwardReceivedMessage
 .text.SendMessageToModule
                0x0000000008008a08       0x6c BOS\BOS_messaging.o
                0x0000000008008a08                SendMessageToModule
 .text.StartScastDMAStream
                0x0000000008008a74      0x18c BOS\BOS_messaging.o
                0x0000000008008a74                StartScastDMAStream
 .text.BackEndTask
                0x0000000008008c00      0x3a8 BOS\BOS_msgparser.o
                0x0000000008008c00                BackEndTask
 .text.User_MessagingParser
                0x0000000008008fa8        0x4 BOS\BOS_msgparser.o
                0x0000000008008fa8                User_MessagingParser
 .text.PxMessagingTask
                0x0000000008008fac     0x187c BOS\BOS_msgparser.o
                0x0000000008008fac                PxMessagingTask
 .text.StopStreamCommand
                0x000000000800a828       0x20 H0BR4\H0BR4.o
 .text.LSM303SampleMagMGauss
                0x000000000800a848       0x84 H0BR4\H0BR4.o
 .text.SampleMagMGaussToString
                0x000000000800a8cc       0x4c H0BR4\H0BR4.o
                0x000000000800a8cc                SampleMagMGaussToString
 .text.StreamMemsToCLI
                0x000000000800a918      0x12c H0BR4\H0BR4.o
 .text.SampleTempCToString
                0x000000000800aa44       0x60 H0BR4\H0BR4.o
                0x000000000800aa44                SampleTempCToString
 .text.SystemClock_Config
                0x000000000800aaa4       0xa4 H0BR4\H0BR4.o
                0x000000000800aaa4                SystemClock_Config
 .text.SaveToRO
                0x000000000800ab48      0x224 H0BR4\H0BR4.o
                0x000000000800ab48                SaveToRO
 .text.ClearROtopology
                0x000000000800ad6c       0x2c H0BR4\H0BR4.o
                0x000000000800ad6c                ClearROtopology
 .text.remoteBootloaderUpdate
                0x000000000800ad98      0x110 H0BR4\H0BR4.o
                0x000000000800ad98                remoteBootloaderUpdate
 .text.Module_Peripheral_Init
                0x000000000800aea8      0x21c H0BR4\H0BR4.o
                0x000000000800aea8                Module_Peripheral_Init
 .text.RegisterModuleCLICommands
                0x000000000800b0c4       0x20 H0BR4\H0BR4.o
                0x000000000800b0c4                RegisterModuleCLICommands
 .text.GetPort  0x000000000800b0e4       0x60 H0BR4\H0BR4.o
                0x000000000800b0e4                GetPort
 .text.SampleGyroDPS
                0x000000000800b144       0x64 H0BR4\H0BR4.o
                0x000000000800b144                SampleGyroDPS
 .text.SampleGyroDPSToString
                0x000000000800b1a8       0x6c H0BR4\H0BR4.o
                0x000000000800b1a8                SampleGyroDPSToString
 .text.SampleGyroDPSToPort
                0x000000000800b214       0xb4 H0BR4\H0BR4.o
                0x000000000800b214                SampleGyroDPSToPort
 .text.SampleAccG
                0x000000000800b2c8       0x64 H0BR4\H0BR4.o
                0x000000000800b2c8                SampleAccG
 .text.SampleAccGToString
                0x000000000800b32c       0x6c H0BR4\H0BR4.o
                0x000000000800b32c                SampleAccGToString
 .text.SampleSensorCommand
                0x000000000800b398       0xc4 H0BR4\H0BR4.o
 .text.SampleAccGToPort
                0x000000000800b45c       0xb4 H0BR4\H0BR4.o
                0x000000000800b45c                SampleAccGToPort
 .text.SampleMagMGaussToPort
                0x000000000800b510      0x10c H0BR4\H0BR4.o
                0x000000000800b510                SampleMagMGaussToPort
 .text.SampleTempCToPort
                0x000000000800b61c       0xa4 H0BR4\H0BR4.o
                0x000000000800b61c                SampleTempCToPort
 .text.Module_MessagingTask
                0x000000000800b6c0      0x370 H0BR4\H0BR4.o
                0x000000000800b6c0                Module_MessagingTask
 .text.StreamSensorCommand
                0x000000000800ba30      0x3a8 H0BR4\H0BR4.o
 .text.DMA_Init
                0x000000000800bdd8      0x150 H0BR4\H0BR4_dma.o
                0x000000000800bdd8                DMA_Init
 .text.SetupMessagingRxDMAs
                0x000000000800bf28      0x114 H0BR4\H0BR4_dma.o
                0x000000000800bf28                SetupMessagingRxDMAs
 .text.StopStreamDMA
                0x000000000800c03c       0x34 H0BR4\H0BR4_dma.o
                0x000000000800c03c                StopStreamDMA
 .text.SwitchMsgDMAToStream
                0x000000000800c070       0x44 H0BR4\H0BR4_dma.o
                0x000000000800c070                SwitchMsgDMAToStream
 .text.SwitchStreamDMAToMsg
                0x000000000800c0b4       0xbc H0BR4\H0BR4_dma.o
                0x000000000800c0b4                SwitchStreamDMAToMsg
 .text.UnSetupDMAInterrupts
                0x000000000800c170       0xa4 H0BR4\H0BR4_dma.o
                0x000000000800c170                UnSetupDMAInterrupts
 .text.DMA_MSG_TX_UnSetup
                0x000000000800c214       0x14 H0BR4\H0BR4_dma.o
                0x000000000800c214                DMA_MSG_TX_UnSetup
 .text.RemapAndLinkDMAtoUARTRx
                0x000000000800c228      0x108 H0BR4\H0BR4_dma.o
                0x000000000800c228                RemapAndLinkDMAtoUARTRx
 .text.DMA_STREAM_Setup
                0x000000000800c330       0x38 H0BR4\H0BR4_dma.o
                0x000000000800c330                DMA_STREAM_Setup
 .text.CRC_Init
                0x000000000800c368       0x28 H0BR4\H0BR4_dma.o
                0x000000000800c368                CRC_Init
 .text.HAL_CRC_MspInit
                0x000000000800c390       0x20 H0BR4\H0BR4_dma.o
                0x000000000800c390                HAL_CRC_MspInit
 .text.CalculateCRC8
                0x000000000800c3b0       0x8c H0BR4\H0BR4_dma.o
                0x000000000800c3b0                CalculateCRC8
 .text.EE_VerifyPageFullWriteVariable
                0x000000000800c43c       0xbc H0BR4\H0BR4_eeprom.o
 .text.EE_ReadVariable
                0x000000000800c4f8       0x50 H0BR4\H0BR4_eeprom.o
                0x000000000800c4f8                EE_ReadVariable
 .text.EE_WriteVariable
                0x000000000800c548      0x130 H0BR4\H0BR4_eeprom.o
                0x000000000800c548                EE_WriteVariable
 .text.EE_Format
                0x000000000800c678       0xc0 H0BR4\H0BR4_eeprom.o
                0x000000000800c678                EE_Format
 .text.EE_Init  0x000000000800c738      0x2f0 H0BR4\H0BR4_eeprom.o
                0x000000000800c738                EE_Init
 .text.EraseSector
                0x000000000800ca28       0x30 H0BR4\H0BR4_eeprom.o
                0x000000000800ca28                EraseSector
 .text.MEMS_GPIO_Init
                0x000000000800ca58       0x5c H0BR4\H0BR4_gpio.o
                0x000000000800ca58                MEMS_GPIO_Init
 .text.GPIO_Init
                0x000000000800cab4       0x7c H0BR4\H0BR4_gpio.o
                0x000000000800cab4                GPIO_Init
 .text.GetPortGPIOs
                0x000000000800cb30       0xdc H0BR4\H0BR4_gpio.o
                0x000000000800cb30                GetPortGPIOs
 .text.IsFactoryReset
                0x000000000800cc0c       0xe4 H0BR4\H0BR4_gpio.o
                0x000000000800cc0c                IsFactoryReset
 .text.MX_I2C2_Init
                0x000000000800ccf0       0x44 H0BR4\H0BR4_i2c.o
                0x000000000800ccf0                MX_I2C2_Init
 .text.MX_I2C_Init
                0x000000000800cd34       0x64 H0BR4\H0BR4_i2c.o
                0x000000000800cd34                MX_I2C_Init
 .text.LSM6DS3_I2C_Write
                0x000000000800cd98       0x20 H0BR4\H0BR4_i2c.o
                0x000000000800cd98                LSM6DS3_I2C_Write
 .text.LSM6DS3_I2C_Read
                0x000000000800cdb8       0x20 H0BR4\H0BR4_i2c.o
                0x000000000800cdb8                LSM6DS3_I2C_Read
 .text.LSM303AGR_MAG_I2C_Write
                0x000000000800cdd8       0x20 H0BR4\H0BR4_i2c.o
                0x000000000800cdd8                LSM303AGR_MAG_I2C_Write
 .text.LSM303AGR_MAG_I2C_Read
                0x000000000800cdf8       0x20 H0BR4\H0BR4_i2c.o
                0x000000000800cdf8                LSM303AGR_MAG_I2C_Read
 .text.buttonPressedCallback
                0x000000000800ce18        0x4 H0BR4\H0BR4_inputs.o
                0x000000000800ce18                buttonPressedCallback
 .text.CheckForTimedButtonPress
                0x000000000800ce1c       0x54 H0BR4\H0BR4_inputs.o
                0x000000000800ce1c                CheckForTimedButtonPress
 .text.CheckForTimedButtonRelease
                0x000000000800ce70       0x54 H0BR4\H0BR4_inputs.o
                0x000000000800ce70                CheckForTimedButtonRelease
 .text.AddPortButton
                0x000000000800cec4       0xf4 H0BR4\H0BR4_inputs.o
                0x000000000800cec4                AddPortButton
 .text.RemovePortButton
                0x000000000800cfb8      0x100 H0BR4\H0BR4_inputs.o
                0x000000000800cfb8                RemovePortButton
 .text.SetButtonEvents
                0x000000000800d0b8      0x1cc H0BR4\H0BR4_inputs.o
                0x000000000800d0b8                SetButtonEvents
 .text.MX_ADC_Init
                0x000000000800d284       0x6c H0BR4\H0BR4_inputs.o
                0x000000000800d284                MX_ADC_Init
 .text.HAL_ADC_MspInit
                0x000000000800d2f0       0x64 H0BR4\H0BR4_inputs.o
                0x000000000800d2f0                HAL_ADC_MspInit
 .text.ReadTempAndVref
                0x000000000800d354      0x194 H0BR4\H0BR4_inputs.o
                0x000000000800d354                ReadTempAndVref
 .text.Get_channel
                0x000000000800d4e8       0x74 H0BR4\H0BR4_inputs.o
                0x000000000800d4e8                Get_channel
 .text.GetReadPrecentage
                0x000000000800d55c      0x164 H0BR4\H0BR4_inputs.o
                0x000000000800d55c                GetReadPrecentage
 .text.Get_Rank
                0x000000000800d6c0       0x74 H0BR4\H0BR4_inputs.o
                0x000000000800d6c0                Get_Rank
 .text.ADCSelectChannel
                0x000000000800d734       0x6c H0BR4\H0BR4_inputs.o
                0x000000000800d734                ADCSelectChannel
 .text.ReadADCChannel
                0x000000000800d7a0       0xc8 H0BR4\H0BR4_inputs.o
                0x000000000800d7a0                ReadADCChannel
 .text.buttonReleasedCallback
                0x000000000800d868        0x4 H0BR4\H0BR4_inputs.o
                0x000000000800d868                buttonReleasedCallback
 .text.buttonClickedCallback
                0x000000000800d86c        0x4 H0BR4\H0BR4_inputs.o
                0x000000000800d86c                buttonClickedCallback
 .text.buttonDblClickedCallback
                0x000000000800d870        0x4 H0BR4\H0BR4_inputs.o
                0x000000000800d870                buttonDblClickedCallback
 .text.buttonPressedForXCallback
                0x000000000800d874        0x4 H0BR4\H0BR4_inputs.o
                0x000000000800d874                buttonPressedForXCallback
 .text.buttonReleasedForYCallback
                0x000000000800d878        0x4 H0BR4\H0BR4_inputs.o
                0x000000000800d878                buttonReleasedForYCallback
 .text.CheckAttachedButtons
                0x000000000800d87c      0x464 H0BR4\H0BR4_inputs.o
                0x000000000800d87c                CheckAttachedButtons
 .text.__NVIC_SystemReset
                0x000000000800dce0       0x1c H0BR4\H0BR4_it.o
 .text.SysTick_Handler
                0x000000000800dcfc        0xc H0BR4\H0BR4_it.o
                0x000000000800dcfc                SysTick_Handler
 .text.HardFault_Handler
                0x000000000800dd08       0x38 H0BR4\H0BR4_it.o
                0x000000000800dd08                HardFault_Handler
 .text.USART1_IRQHandler
                0x000000000800dd40       0x10 H0BR4\H0BR4_it.o
                0x000000000800dd40                USART1_IRQHandler
 .text.USART2_LPUART2_IRQHandler
                0x000000000800dd50       0x10 H0BR4\H0BR4_it.o
                0x000000000800dd50                USART2_LPUART2_IRQHandler
 .text.USART3_4_5_6_LPUART1_IRQHandler
                0x000000000800dd60       0x2c H0BR4\H0BR4_it.o
                0x000000000800dd60                USART3_4_5_6_LPUART1_IRQHandler
 .text.HAL_UART_TxCpltCallback
                0x000000000800dd8c       0x30 H0BR4\H0BR4_it.o
                0x000000000800dd8c                HAL_UART_TxCpltCallback
 .text.HAL_UART_ErrorCallback
                0x000000000800ddbc       0x80 H0BR4\H0BR4_it.o
                0x000000000800ddbc                HAL_UART_ErrorCallback
 .text.HAL_UART_RxCpltCallback
                0x000000000800de3c        0x4 H0BR4\H0BR4_it.o
                0x000000000800de3c                HAL_UART_RxCpltCallback
 .text.vApplicationStackOverflowHook
                0x000000000800de40       0x38 H0BR4\H0BR4_it.o
                0x000000000800de40                vApplicationStackOverflowHook
 .text.vApplicationMallocFailedHook
                0x000000000800de78       0x38 H0BR4\H0BR4_it.o
                0x000000000800de78                vApplicationMallocFailedHook
 .text.RTC_CalendarConfig
                0x000000000800deb0      0x100 H0BR4\H0BR4_rtc.o
                0x000000000800deb0                RTC_CalendarConfig
 .text.RTC_Init
                0x000000000800dfb0       0x8c H0BR4\H0BR4_rtc.o
                0x000000000800dfb0                RTC_Init
 .text.BOS_CalendarConfig
                0x000000000800e03c       0xbc H0BR4\H0BR4_rtc.o
                0x000000000800e03c                BOS_CalendarConfig
 .text.GetTimeDate
                0x000000000800e0f8       0x64 H0BR4\H0BR4_rtc.o
                0x000000000800e0f8                GetTimeDate
 .text.TIM_USEC_Init
                0x000000000800e15c       0x50 H0BR4\H0BR4_timers.o
                0x000000000800e15c                TIM_USEC_Init
 .text.TIM_MSEC_Init
                0x000000000800e1ac       0x58 H0BR4\H0BR4_timers.o
                0x000000000800e1ac                TIM_MSEC_Init
 .text.StartMicroDelay
                0x000000000800e204       0x24 H0BR4\H0BR4_timers.o
                0x000000000800e204                StartMicroDelay
 .text.StartMilliDelay
                0x000000000800e228       0x24 H0BR4\H0BR4_timers.o
                0x000000000800e228                StartMilliDelay
 .text.MX_USART1_UART_Init
                0x000000000800e24c       0x4c H0BR4\H0BR4_uart.o
                0x000000000800e24c                MX_USART1_UART_Init
 .text.MX_USART2_UART_Init
                0x000000000800e298       0x4c H0BR4\H0BR4_uart.o
                0x000000000800e298                MX_USART2_UART_Init
 .text.MX_USART3_UART_Init
                0x000000000800e2e4       0x4c H0BR4\H0BR4_uart.o
                0x000000000800e2e4                MX_USART3_UART_Init
 .text.MX_USART4_UART_Init
                0x000000000800e330       0x34 H0BR4\H0BR4_uart.o
                0x000000000800e330                MX_USART4_UART_Init
 .text.MX_USART5_UART_Init
                0x000000000800e364       0x34 H0BR4\H0BR4_uart.o
                0x000000000800e364                MX_USART5_UART_Init
 .text.MX_USART6_UART_Init
                0x000000000800e398       0x34 H0BR4\H0BR4_uart.o
                0x000000000800e398                MX_USART6_UART_Init
 .text.HAL_UART_MspInit
                0x000000000800e3cc      0x384 H0BR4\H0BR4_uart.o
                0x000000000800e3cc                HAL_UART_MspInit
 .text.writePxMutex
                0x000000000800e750       0x6c H0BR4\H0BR4_uart.o
                0x000000000800e750                writePxMutex
 .text.writePxITMutex
                0x000000000800e7bc       0x40 H0BR4\H0BR4_uart.o
                0x000000000800e7bc                writePxITMutex
 .text.UpdateBaudrate
                0x000000000800e7fc       0x24 H0BR4\H0BR4_uart.o
                0x000000000800e7fc                UpdateBaudrate
 .text.GetUart  0x000000000800e820       0x18 H0BR4\H0BR4_uart.o
                0x000000000800e820                GetUart
 .text.SwapUartPins
                0x000000000800e838       0x7c H0BR4\H0BR4_uart.o
                0x000000000800e838                SwapUartPins
 .text.ReadPortsDir
                0x000000000800e8b4       0x58 H0BR4\H0BR4_uart.o
                0x000000000800e8b4                ReadPortsDir
 .text.ReadPortsDirMSG
                0x000000000800e90c       0x40 H0BR4\H0BR4_uart.o
                0x000000000800e90c                ReadPortsDirMSG
 .text.UpdateMyPortsDir
                0x000000000800e94c       0xc8 H0BR4\H0BR4_uart.o
                0x000000000800e94c                UpdateMyPortsDir
 .text.Reset_Handler
                0x000000000800ea14       0x90 H0BR4\startup_stm32g0b1ceuxn.o
                0x000000000800ea14                Reset_Handler
 .text.Default_Handler
                0x000000000800eaa4        0x2 H0BR4\startup_stm32g0b1ceuxn.o
                0x000000000800eaa4                I2C2_3_IRQHandler
                0x000000000800eaa4                TIM1_CC_IRQHandler
                0x000000000800eaa4                ADC1_COMP_IRQHandler
                0x000000000800eaa4                NMI_Handler
                0x000000000800eaa4                I2C1_IRQHandler
                0x000000000800eaa4                TIM7_LPTIM2_IRQHandler
                0x000000000800eaa4                TIM17_FDCAN_IT1_IRQHandler
                0x000000000800eaa4                DMA1_Ch4_7_DMA2_Ch1_5_DMAMUX1_OVR_IRQHandler
                0x000000000800eaa4                RCC_CRS_IRQHandler
                0x000000000800eaa4                RTC_TAMP_IRQHandler
                0x000000000800eaa4                SPI1_IRQHandler
                0x000000000800eaa4                USB_UCPD1_2_IRQHandler
                0x000000000800eaa4                EXTI2_3_IRQHandler
                0x000000000800eaa4                PVD_VDDIO2_IRQHandler
                0x000000000800eaa4                EXTI4_15_IRQHandler
                0x000000000800eaa4                DMA1_Channel1_IRQHandler
                0x000000000800eaa4                Default_Handler
                0x000000000800eaa4                CEC_IRQHandler
                0x000000000800eaa4                TIM14_IRQHandler
                0x000000000800eaa4                TIM15_IRQHandler
                0x000000000800eaa4                TIM3_TIM4_IRQHandler
                0x000000000800eaa4                EXTI0_1_IRQHandler
                0x000000000800eaa4                SPI2_3_IRQHandler
                0x000000000800eaa4                TIM6_DAC_LPTIM1_IRQHandler
                0x000000000800eaa4                WWDG_IRQHandler
                0x000000000800eaa4                TIM2_IRQHandler
                0x000000000800eaa4                DMA1_Channel2_3_IRQHandler
                0x000000000800eaa4                FLASH_IRQHandler
                0x000000000800eaa4                TIM16_FDCAN_IT0_IRQHandler
                0x000000000800eaa4                TIM1_BRK_UP_TRG_COM_IRQHandler
 *fill*         0x000000000800eaa6        0x2 
 .text.SystemInit
                0x000000000800eaa8        0x4 Thirdparty\CMSIS\STM32G0xx\Device\ST\STM32G0xx\Source\Templates\system_stm32g0xx.o
                0x000000000800eaa8                SystemInit
 .text.LSM303AGR_MAG_R_WHO_AM_I
                0x000000000800eaac       0x14 Thirdparty\LSM303AGR\src\LSM303AGR_MAG.o
                0x000000000800eaac                LSM303AGR_MAG_R_WHO_AM_I
 .text.LSM303AGR_MAG_W_BDU
                0x000000000800eac0       0x40 Thirdparty\LSM303AGR\src\LSM303AGR_MAG.o
                0x000000000800eac0                LSM303AGR_MAG_W_BDU
 .text.LSM303AGR_MAG_W_MD
                0x000000000800eb00       0x40 Thirdparty\LSM303AGR\src\LSM303AGR_MAG.o
                0x000000000800eb00                LSM303AGR_MAG_W_MD
 .text.LSM303AGR_MAG_Get_Raw_Magnetic
                0x000000000800eb40       0x14 Thirdparty\LSM303AGR\src\LSM303AGR_MAG.o
                0x000000000800eb40                LSM303AGR_MAG_Get_Raw_Magnetic
 .text.LSM303AGR_MAG_W_ODR
                0x000000000800eb54       0x40 Thirdparty\LSM303AGR\src\LSM303AGR_MAG.o
                0x000000000800eb54                LSM303AGR_MAG_W_ODR
 .text.LSM303AGR_MAG_W_ST
                0x000000000800eb94       0x40 Thirdparty\LSM303AGR\src\LSM303AGR_MAG.o
                0x000000000800eb94                LSM303AGR_MAG_W_ST
 .text.LSM6DS3_ACC_GYRO_ReadReg
                0x000000000800ebd4       0x10 Thirdparty\LSM6DS3\src\LSM6DS3.o
                0x000000000800ebd4                LSM6DS3_ACC_GYRO_ReadReg
 .text.LSM6DS3_ACC_GYRO_R_WHO_AM_I
                0x000000000800ebe4       0x14 Thirdparty\LSM6DS3\src\LSM6DS3.o
                0x000000000800ebe4                LSM6DS3_ACC_GYRO_R_WHO_AM_I
 .text.LSM6DS3_ACC_GYRO_W_FS_XL
                0x000000000800ebf8       0x40 Thirdparty\LSM6DS3\src\LSM6DS3.o
                0x000000000800ebf8                LSM6DS3_ACC_GYRO_W_FS_XL
 .text.LSM6DS3_ACC_Get_Acceleration
                0x000000000800ec38      0x134 Thirdparty\LSM6DS3\src\LSM6DS3.o
                0x000000000800ec38                LSM6DS3_ACC_Get_Acceleration
 .text.LSM6DS3_ACC_GYRO_W_ODR_XL
                0x000000000800ed6c       0x40 Thirdparty\LSM6DS3\src\LSM6DS3.o
                0x000000000800ed6c                LSM6DS3_ACC_GYRO_W_ODR_XL
 .text.LSM6DS3_ACC_GYRO_W_FS_G
                0x000000000800edac       0x40 Thirdparty\LSM6DS3\src\LSM6DS3.o
                0x000000000800edac                LSM6DS3_ACC_GYRO_W_FS_G
 .text.LSM6DS3_ACC_GYRO_W_ODR_G
                0x000000000800edec       0x40 Thirdparty\LSM6DS3\src\LSM6DS3.o
                0x000000000800edec                LSM6DS3_ACC_GYRO_W_ODR_G
 .text.LSM6DS3_ACC_Get_AngularRate
                0x000000000800ee2c      0x170 Thirdparty\LSM6DS3\src\LSM6DS3.o
                0x000000000800ee2c                LSM6DS3_ACC_Get_AngularRate
 .text.LSM6DS3_ACC_GYRO_W_BW_XL
                0x000000000800ef9c       0x40 Thirdparty\LSM6DS3\src\LSM6DS3.o
                0x000000000800ef9c                LSM6DS3_ACC_GYRO_W_BW_XL
 .text.LSM6DS3_ACC_GYRO_W_DEC_FIFO_XL
                0x000000000800efdc       0x40 Thirdparty\LSM6DS3\src\LSM6DS3.o
                0x000000000800efdc                LSM6DS3_ACC_GYRO_W_DEC_FIFO_XL
 .text.LSM6DS3_ACC_GYRO_W_DEC_FIFO_XL_val
                0x000000000800f01c       0x68 Thirdparty\LSM6DS3\src\LSM6DS3.o
                0x000000000800f01c                LSM6DS3_ACC_GYRO_W_DEC_FIFO_XL_val
 .text.LSM6DS3_ACC_GYRO_W_DEC_FIFO_G
                0x000000000800f084       0x40 Thirdparty\LSM6DS3\src\LSM6DS3.o
                0x000000000800f084                LSM6DS3_ACC_GYRO_W_DEC_FIFO_G
 .text.LSM6DS3_ACC_GYRO_W_DEC_FIFO_G_val
                0x000000000800f0c4       0x68 Thirdparty\LSM6DS3\src\LSM6DS3.o
                0x000000000800f0c4                LSM6DS3_ACC_GYRO_W_DEC_FIFO_G_val
 .text.LSM6DS3_ACC_GYRO_W_FIFO_MODE
                0x000000000800f12c       0x40 Thirdparty\LSM6DS3\src\LSM6DS3.o
                0x000000000800f12c                LSM6DS3_ACC_GYRO_W_FIFO_MODE
 .text.LSM6DS3_ACC_GYRO_W_IF_Addr_Incr
                0x000000000800f16c       0x40 Thirdparty\LSM6DS3\src\LSM6DS3.o
                0x000000000800f16c                LSM6DS3_ACC_GYRO_W_IF_Addr_Incr
 .text.LSM6DS3_ACC_GYRO_W_BW_Fixed_By_ODR
                0x000000000800f1ac       0x40 Thirdparty\LSM6DS3\src\LSM6DS3.o
                0x000000000800f1ac                LSM6DS3_ACC_GYRO_W_BW_Fixed_By_ODR
 .text.LSM6DS3_ACC_GYRO_W_XEN_XL
                0x000000000800f1ec       0x40 Thirdparty\LSM6DS3\src\LSM6DS3.o
                0x000000000800f1ec                LSM6DS3_ACC_GYRO_W_XEN_XL
 .text.LSM6DS3_ACC_GYRO_W_YEN_XL
                0x000000000800f22c       0x40 Thirdparty\LSM6DS3\src\LSM6DS3.o
                0x000000000800f22c                LSM6DS3_ACC_GYRO_W_YEN_XL
 .text.LSM6DS3_ACC_GYRO_W_ZEN_XL
                0x000000000800f26c       0x40 Thirdparty\LSM6DS3\src\LSM6DS3.o
                0x000000000800f26c                LSM6DS3_ACC_GYRO_W_ZEN_XL
 .text.LSM6DS3_ACC_GYRO_W_XEN_G
                0x000000000800f2ac       0x40 Thirdparty\LSM6DS3\src\LSM6DS3.o
                0x000000000800f2ac                LSM6DS3_ACC_GYRO_W_XEN_G
 .text.LSM6DS3_ACC_GYRO_W_YEN_G
                0x000000000800f2ec       0x40 Thirdparty\LSM6DS3\src\LSM6DS3.o
                0x000000000800f2ec                LSM6DS3_ACC_GYRO_W_YEN_G
 .text.LSM6DS3_ACC_GYRO_W_ZEN_G
                0x000000000800f32c       0x40 Thirdparty\LSM6DS3\src\LSM6DS3.o
                0x000000000800f32c                LSM6DS3_ACC_GYRO_W_ZEN_G
 .text.osKernelStart
                0x000000000800f36c        0xc Thirdparty\Middleware\STM32G0xx\FreeRTOS\Source\CMSIS_RTOS\cmsis_os.o
                0x000000000800f36c                osKernelStart
 .text.osDelay  0x000000000800f378       0x10 Thirdparty\Middleware\STM32G0xx\FreeRTOS\Source\CMSIS_RTOS\cmsis_os.o
                0x000000000800f378                osDelay
 .text.osSemaphoreCreate
                0x000000000800f388       0x2c Thirdparty\Middleware\STM32G0xx\FreeRTOS\Source\CMSIS_RTOS\cmsis_os.o
                0x000000000800f388                osSemaphoreCreate
 .text.osSemaphoreWait
                0x000000000800f3b4       0x4c Thirdparty\Middleware\STM32G0xx\FreeRTOS\Source\CMSIS_RTOS\cmsis_os.o
                0x000000000800f3b4                osSemaphoreWait
 .text.osSemaphoreRelease
                0x000000000800f400       0x48 Thirdparty\Middleware\STM32G0xx\FreeRTOS\Source\CMSIS_RTOS\cmsis_os.o
                0x000000000800f400                osSemaphoreRelease
 .text.osSystickHandler
                0x000000000800f448       0x10 Thirdparty\Middleware\STM32G0xx\FreeRTOS\Source\CMSIS_RTOS\cmsis_os.o
                0x000000000800f448                osSystickHandler
 .text.prvHelpCommand
                0x000000000800f458      0x138 Thirdparty\Middleware\STM32G0xx\FreeRTOS\Source\FreeRTOS_CLI.o
 .text.FreeRTOS_CLIRegisterCommand
                0x000000000800f590       0x30 Thirdparty\Middleware\STM32G0xx\FreeRTOS\Source\FreeRTOS_CLI.o
                0x000000000800f590                FreeRTOS_CLIRegisterCommand
 .text.FreeRTOS_CLIProcessCommand
                0x000000000800f5c0      0x104 Thirdparty\Middleware\STM32G0xx\FreeRTOS\Source\FreeRTOS_CLI.o
                0x000000000800f5c0                FreeRTOS_CLIProcessCommand
 .text.FreeRTOS_CLIGetOutputBuffer
                0x000000000800f6c4        0x8 Thirdparty\Middleware\STM32G0xx\FreeRTOS\Source\FreeRTOS_CLI.o
                0x000000000800f6c4                FreeRTOS_CLIGetOutputBuffer
 .text.FreeRTOS_CLIGetParameter
                0x000000000800f6cc       0x58 Thirdparty\Middleware\STM32G0xx\FreeRTOS\Source\FreeRTOS_CLI.o
                0x000000000800f6cc                FreeRTOS_CLIGetParameter
 .text.vListInitialise
                0x000000000800f724       0x18 Thirdparty\Middleware\STM32G0xx\FreeRTOS\Source\list.o
                0x000000000800f724                vListInitialise
 .text.vListInitialiseItem
                0x000000000800f73c        0x8 Thirdparty\Middleware\STM32G0xx\FreeRTOS\Source\list.o
                0x000000000800f73c                vListInitialiseItem
 .text.vListInsertEnd
                0x000000000800f744       0x18 Thirdparty\Middleware\STM32G0xx\FreeRTOS\Source\list.o
                0x000000000800f744                vListInsertEnd
 .text.vListInsert
                0x000000000800f75c       0x30 Thirdparty\Middleware\STM32G0xx\FreeRTOS\Source\list.o
                0x000000000800f75c                vListInsert
 .text.uxListRemove
                0x000000000800f78c       0x24 Thirdparty\Middleware\STM32G0xx\FreeRTOS\Source\list.o
                0x000000000800f78c                uxListRemove
 .text.prvTaskExitError
                0x000000000800f7b0       0x14 Thirdparty\Middleware\STM32G0xx\FreeRTOS\Source\portable\GCC\ARM_CM0\port.o
 *fill*         0x000000000800f7c4        0xc 
 .text.vPortStartFirstTask
                0x000000000800f7d0       0x34 Thirdparty\Middleware\STM32G0xx\FreeRTOS\Source\portable\GCC\ARM_CM0\port.o
 .text.pxPortInitialiseStack
                0x000000000800f804       0x20 Thirdparty\Middleware\STM32G0xx\FreeRTOS\Source\portable\GCC\ARM_CM0\port.o
                0x000000000800f804                pxPortInitialiseStack
 .text.SVC_Handler
                0x000000000800f824        0x4 Thirdparty\Middleware\STM32G0xx\FreeRTOS\Source\portable\GCC\ARM_CM0\port.o
                0x000000000800f824                SVC_Handler
 .text.vPortYield
                0x000000000800f828       0x18 Thirdparty\Middleware\STM32G0xx\FreeRTOS\Source\portable\GCC\ARM_CM0\port.o
                0x000000000800f828                vPortYield
 .text.vPortEnterCritical
                0x000000000800f840       0x18 Thirdparty\Middleware\STM32G0xx\FreeRTOS\Source\portable\GCC\ARM_CM0\port.o
                0x000000000800f840                vPortEnterCritical
 .text.vPortExitCritical
                0x000000000800f858       0x14 Thirdparty\Middleware\STM32G0xx\FreeRTOS\Source\portable\GCC\ARM_CM0\port.o
                0x000000000800f858                vPortExitCritical
 .text.ulSetInterruptMaskFromISR
                0x000000000800f86c        0x8 Thirdparty\Middleware\STM32G0xx\FreeRTOS\Source\portable\GCC\ARM_CM0\port.o
                0x000000000800f86c                ulSetInterruptMaskFromISR
 .text.vClearInterruptMaskFromISR
                0x000000000800f874        0x8 Thirdparty\Middleware\STM32G0xx\FreeRTOS\Source\portable\GCC\ARM_CM0\port.o
                0x000000000800f874                vClearInterruptMaskFromISR
 *fill*         0x000000000800f87c        0x4 
 .text.PendSV_Handler
                0x000000000800f880       0x44 Thirdparty\Middleware\STM32G0xx\FreeRTOS\Source\portable\GCC\ARM_CM0\port.o
                0x000000000800f880                PendSV_Handler
 .text.xPortSysTickHandler
                0x000000000800f8c4       0x24 Thirdparty\Middleware\STM32G0xx\FreeRTOS\Source\portable\GCC\ARM_CM0\port.o
                0x000000000800f8c4                xPortSysTickHandler
 .text.vPortSetupTimerInterrupt
                0x000000000800f8e8       0x34 Thirdparty\Middleware\STM32G0xx\FreeRTOS\Source\portable\GCC\ARM_CM0\port.o
                0x000000000800f8e8                vPortSetupTimerInterrupt
 .text.xPortStartScheduler
                0x000000000800f91c       0x44 Thirdparty\Middleware\STM32G0xx\FreeRTOS\Source\portable\GCC\ARM_CM0\port.o
                0x000000000800f91c                xPortStartScheduler
 .text.prvInsertBlockIntoFreeList
                0x000000000800f960       0x4c Thirdparty\Middleware\STM32G0xx\FreeRTOS\Source\portable\MemMang\heap_4.o
 .text.pvPortMalloc
                0x000000000800f9ac       0xfc Thirdparty\Middleware\STM32G0xx\FreeRTOS\Source\portable\MemMang\heap_4.o
                0x000000000800f9ac                pvPortMalloc
 .text.vPortFree
                0x000000000800faa8       0x44 Thirdparty\Middleware\STM32G0xx\FreeRTOS\Source\portable\MemMang\heap_4.o
                0x000000000800faa8                vPortFree
 .text.prvCopyDataToQueue
                0x000000000800faec       0x78 Thirdparty\Middleware\STM32G0xx\FreeRTOS\Source\queue.o
 .text.prvUnlockQueue
                0x000000000800fb64       0x94 Thirdparty\Middleware\STM32G0xx\FreeRTOS\Source\queue.o
 .text.xQueueGenericCreate
                0x000000000800fbf8       0x68 Thirdparty\Middleware\STM32G0xx\FreeRTOS\Source\queue.o
                0x000000000800fbf8                xQueueGenericCreate
 .text.xQueueCreateCountingSemaphore
                0x000000000800fc60       0x5c Thirdparty\Middleware\STM32G0xx\FreeRTOS\Source\queue.o
                0x000000000800fc60                xQueueCreateCountingSemaphore
 .text.xQueueGenericSend
                0x000000000800fcbc      0x10c Thirdparty\Middleware\STM32G0xx\FreeRTOS\Source\queue.o
                0x000000000800fcbc                xQueueGenericSend
 .text.xQueueGenericSendFromISR
                0x000000000800fdc8       0x80 Thirdparty\Middleware\STM32G0xx\FreeRTOS\Source\queue.o
                0x000000000800fdc8                xQueueGenericSendFromISR
 .text.xQueueGiveFromISR
                0x000000000800fe48       0x54 Thirdparty\Middleware\STM32G0xx\FreeRTOS\Source\queue.o
                0x000000000800fe48                xQueueGiveFromISR
 .text.xQueueReceive
                0x000000000800fe9c      0x11c Thirdparty\Middleware\STM32G0xx\FreeRTOS\Source\queue.o
                0x000000000800fe9c                xQueueReceive
 .text.xQueueSemaphoreTake
                0x000000000800ffb8      0x150 Thirdparty\Middleware\STM32G0xx\FreeRTOS\Source\queue.o
                0x000000000800ffb8                xQueueSemaphoreTake
 .text.xQueueReceiveFromISR
                0x0000000008010108       0x84 Thirdparty\Middleware\STM32G0xx\FreeRTOS\Source\queue.o
                0x0000000008010108                xQueueReceiveFromISR
 .text.vQueueAddToRegistry
                0x000000000801018c       0x28 Thirdparty\Middleware\STM32G0xx\FreeRTOS\Source\queue.o
                0x000000000801018c                vQueueAddToRegistry
 .text.vQueueWaitForMessageRestricted
                0x00000000080101b4       0x48 Thirdparty\Middleware\STM32G0xx\FreeRTOS\Source\queue.o
                0x00000000080101b4                vQueueWaitForMessageRestricted
 .text.prvAddCurrentTaskToDelayedList
                0x00000000080101fc       0x58 Thirdparty\Middleware\STM32G0xx\FreeRTOS\Source\tasks.o
 .text.vTaskSwitchContext.part.0
                0x0000000008010254       0x8c Thirdparty\Middleware\STM32G0xx\FreeRTOS\Source\tasks.o
 .text.prvIdleTask
                0x00000000080102e0       0x4c Thirdparty\Middleware\STM32G0xx\FreeRTOS\Source\tasks.o
 .text.xTaskIncrementTick.part.0
                0x000000000801032c       0xf4 Thirdparty\Middleware\STM32G0xx\FreeRTOS\Source\tasks.o
 .text.xTaskCreate
                0x0000000008010420      0x1ac Thirdparty\Middleware\STM32G0xx\FreeRTOS\Source\tasks.o
                0x0000000008010420                xTaskCreate
 .text.eTaskGetState
                0x00000000080105cc       0x6c Thirdparty\Middleware\STM32G0xx\FreeRTOS\Source\tasks.o
                0x00000000080105cc                eTaskGetState
 .text.uxTaskPriorityGet
                0x0000000008010638       0x20 Thirdparty\Middleware\STM32G0xx\FreeRTOS\Source\tasks.o
                0x0000000008010638                uxTaskPriorityGet
 .text.vTaskPrioritySet
                0x0000000008010658       0xac Thirdparty\Middleware\STM32G0xx\FreeRTOS\Source\tasks.o
                0x0000000008010658                vTaskPrioritySet
 .text.vTaskStartScheduler
                0x0000000008010704       0x58 Thirdparty\Middleware\STM32G0xx\FreeRTOS\Source\tasks.o
                0x0000000008010704                vTaskStartScheduler
 .text.vTaskSuspendAll
                0x000000000801075c       0x10 Thirdparty\Middleware\STM32G0xx\FreeRTOS\Source\tasks.o
                0x000000000801075c                vTaskSuspendAll
 .text.xTaskResumeAll
                0x000000000801076c       0xec Thirdparty\Middleware\STM32G0xx\FreeRTOS\Source\tasks.o
                0x000000000801076c                xTaskResumeAll
 .text.vTaskDelay
                0x0000000008010858       0x28 Thirdparty\Middleware\STM32G0xx\FreeRTOS\Source\tasks.o
                0x0000000008010858                vTaskDelay
 .text.xTaskGetTickCount
                0x0000000008010880        0xc Thirdparty\Middleware\STM32G0xx\FreeRTOS\Source\tasks.o
                0x0000000008010880                xTaskGetTickCount
 .text.xTaskGetTickCountFromISR
                0x000000000801088c        0xc Thirdparty\Middleware\STM32G0xx\FreeRTOS\Source\tasks.o
                0x000000000801088c                xTaskGetTickCountFromISR
 .text.xTaskIncrementTick
                0x0000000008010898       0x20 Thirdparty\Middleware\STM32G0xx\FreeRTOS\Source\tasks.o
                0x0000000008010898                xTaskIncrementTick
 .text.vTaskSwitchContext
                0x00000000080108b8       0x20 Thirdparty\Middleware\STM32G0xx\FreeRTOS\Source\tasks.o
                0x00000000080108b8                vTaskSwitchContext
 .text.vTaskPlaceOnEventList
                0x00000000080108d8       0x1c Thirdparty\Middleware\STM32G0xx\FreeRTOS\Source\tasks.o
                0x00000000080108d8                vTaskPlaceOnEventList
 .text.vTaskPlaceOnEventListRestricted
                0x00000000080108f4       0x28 Thirdparty\Middleware\STM32G0xx\FreeRTOS\Source\tasks.o
                0x00000000080108f4                vTaskPlaceOnEventListRestricted
 .text.xTaskRemoveFromEventList
                0x000000000801091c       0x6c Thirdparty\Middleware\STM32G0xx\FreeRTOS\Source\tasks.o
                0x000000000801091c                xTaskRemoveFromEventList
 .text.vTaskInternalSetTimeOutState
                0x0000000008010988       0x10 Thirdparty\Middleware\STM32G0xx\FreeRTOS\Source\tasks.o
                0x0000000008010988                vTaskInternalSetTimeOutState
 .text.xTaskCheckForTimeOut
                0x0000000008010998       0x54 Thirdparty\Middleware\STM32G0xx\FreeRTOS\Source\tasks.o
                0x0000000008010998                xTaskCheckForTimeOut
 .text.vTaskMissedYield
                0x00000000080109ec        0xc Thirdparty\Middleware\STM32G0xx\FreeRTOS\Source\tasks.o
                0x00000000080109ec                vTaskMissedYield
 .text.vTaskGetInfo
                0x00000000080109f8       0x98 Thirdparty\Middleware\STM32G0xx\FreeRTOS\Source\tasks.o
                0x00000000080109f8                vTaskGetInfo
 .text.prvListTasksWithinSingleList.part.0
                0x0000000008010a90       0x60 Thirdparty\Middleware\STM32G0xx\FreeRTOS\Source\tasks.o
 .text.uxTaskGetSystemState
                0x0000000008010af0       0xec Thirdparty\Middleware\STM32G0xx\FreeRTOS\Source\tasks.o
                0x0000000008010af0                uxTaskGetSystemState
 .text.xTaskGetSchedulerState
                0x0000000008010bdc       0x18 Thirdparty\Middleware\STM32G0xx\FreeRTOS\Source\tasks.o
                0x0000000008010bdc                xTaskGetSchedulerState
 .text.xTaskPriorityInherit
                0x0000000008010bf4       0x80 Thirdparty\Middleware\STM32G0xx\FreeRTOS\Source\tasks.o
                0x0000000008010bf4                xTaskPriorityInherit
 .text.xTaskPriorityDisinherit
                0x0000000008010c74       0x54 Thirdparty\Middleware\STM32G0xx\FreeRTOS\Source\tasks.o
                0x0000000008010c74                xTaskPriorityDisinherit
 .text.vTaskPriorityDisinheritAfterTimeout
                0x0000000008010cc8       0x70 Thirdparty\Middleware\STM32G0xx\FreeRTOS\Source\tasks.o
                0x0000000008010cc8                vTaskPriorityDisinheritAfterTimeout
 .text.vTaskList
                0x0000000008010d38       0xc4 Thirdparty\Middleware\STM32G0xx\FreeRTOS\Source\tasks.o
                0x0000000008010d38                vTaskList
 .text.vTaskGetRunTimeStats
                0x0000000008010dfc       0xec Thirdparty\Middleware\STM32G0xx\FreeRTOS\Source\tasks.o
                0x0000000008010dfc                vTaskGetRunTimeStats
 .text.pvTaskIncrementMutexHeldCount
                0x0000000008010ee8       0x18 Thirdparty\Middleware\STM32G0xx\FreeRTOS\Source\tasks.o
                0x0000000008010ee8                pvTaskIncrementMutexHeldCount
 .text.ulTaskNotifyTake
                0x0000000008010f00       0x60 Thirdparty\Middleware\STM32G0xx\FreeRTOS\Source\tasks.o
                0x0000000008010f00                ulTaskNotifyTake
 .text.xTaskGenericNotify
                0x0000000008010f60       0x9c Thirdparty\Middleware\STM32G0xx\FreeRTOS\Source\tasks.o
                0x0000000008010f60                xTaskGenericNotify
 .text.prvCheckForValidListAndQueue
                0x0000000008010ffc       0x4c Thirdparty\Middleware\STM32G0xx\FreeRTOS\Source\timers.o
 .text.xTimerCreateTimerTask
                0x0000000008011048       0x3c Thirdparty\Middleware\STM32G0xx\FreeRTOS\Source\timers.o
                0x0000000008011048                xTimerCreateTimerTask
 .text.xTimerCreate
                0x0000000008011084       0x54 Thirdparty\Middleware\STM32G0xx\FreeRTOS\Source\timers.o
                0x0000000008011084                xTimerCreate
 .text.xTimerGenericCommand
                0x00000000080110d8       0x54 Thirdparty\Middleware\STM32G0xx\FreeRTOS\Source\timers.o
                0x00000000080110d8                xTimerGenericCommand
 .text.prvSwitchTimerLists
                0x000000000801112c       0x74 Thirdparty\Middleware\STM32G0xx\FreeRTOS\Source\timers.o
 .text.prvTimerTask
                0x00000000080111a0      0x20c Thirdparty\Middleware\STM32G0xx\FreeRTOS\Source\timers.o
 .text.pvTimerGetTimerID
                0x00000000080113ac       0x14 Thirdparty\Middleware\STM32G0xx\FreeRTOS\Source\timers.o
                0x00000000080113ac                pvTimerGetTimerID
 .text.HAL_InitTick
                0x00000000080113c0       0x48 Thirdparty\STM32G0xx_HAL_Driver\Src\stm32g0xx_hal.o
                0x00000000080113c0                HAL_InitTick
 .text.HAL_Init
                0x0000000008011408       0x28 Thirdparty\STM32G0xx_HAL_Driver\Src\stm32g0xx_hal.o
                0x0000000008011408                HAL_Init
 .text.HAL_IncTick
                0x0000000008011430       0x18 Thirdparty\STM32G0xx_HAL_Driver\Src\stm32g0xx_hal.o
                0x0000000008011430                HAL_IncTick
 .text.HAL_GetTick
                0x0000000008011448        0xc Thirdparty\STM32G0xx_HAL_Driver\Src\stm32g0xx_hal.o
                0x0000000008011448                HAL_GetTick
 .text.HAL_Delay
                0x0000000008011454       0x24 Thirdparty\STM32G0xx_HAL_Driver\Src\stm32g0xx_hal.o
                0x0000000008011454                HAL_Delay
 .text.HAL_GetREVID
                0x0000000008011478        0xc Thirdparty\STM32G0xx_HAL_Driver\Src\stm32g0xx_hal.o
                0x0000000008011478                HAL_GetREVID
 .text.HAL_GetDEVID
                0x0000000008011484       0x10 Thirdparty\STM32G0xx_HAL_Driver\Src\stm32g0xx_hal.o
                0x0000000008011484                HAL_GetDEVID
 .text.HAL_ADC_Init
                0x0000000008011494      0x244 Thirdparty\STM32G0xx_HAL_Driver\Src\stm32g0xx_hal_adc.o
                0x0000000008011494                HAL_ADC_Init
 .text.HAL_ADC_PollForConversion
                0x00000000080116d8       0xd0 Thirdparty\STM32G0xx_HAL_Driver\Src\stm32g0xx_hal_adc.o
                0x00000000080116d8                HAL_ADC_PollForConversion
 .text.HAL_ADC_GetValue
                0x00000000080117a8        0x8 Thirdparty\STM32G0xx_HAL_Driver\Src\stm32g0xx_hal_adc.o
                0x00000000080117a8                HAL_ADC_GetValue
 .text.HAL_ADC_ConfigChannel
                0x00000000080117b0      0x274 Thirdparty\STM32G0xx_HAL_Driver\Src\stm32g0xx_hal_adc.o
                0x00000000080117b0                HAL_ADC_ConfigChannel
 .text.ADC_ConversionStop
                0x0000000008011a24       0x74 Thirdparty\STM32G0xx_HAL_Driver\Src\stm32g0xx_hal_adc.o
                0x0000000008011a24                ADC_ConversionStop
 .text.ADC_Enable
                0x0000000008011a98       0xcc Thirdparty\STM32G0xx_HAL_Driver\Src\stm32g0xx_hal_adc.o
                0x0000000008011a98                ADC_Enable
 .text.HAL_ADC_Start
                0x0000000008011b64       0x5c Thirdparty\STM32G0xx_HAL_Driver\Src\stm32g0xx_hal_adc.o
                0x0000000008011b64                HAL_ADC_Start
 .text.ADC_Disable
                0x0000000008011bc0       0x88 Thirdparty\STM32G0xx_HAL_Driver\Src\stm32g0xx_hal_adc.o
                0x0000000008011bc0                ADC_Disable
 .text.HAL_ADC_Stop
                0x0000000008011c48       0x40 Thirdparty\STM32G0xx_HAL_Driver\Src\stm32g0xx_hal_adc.o
                0x0000000008011c48                HAL_ADC_Stop
 .text.HAL_NVIC_SetPriority
                0x0000000008011c88       0x64 Thirdparty\STM32G0xx_HAL_Driver\Src\stm32g0xx_hal_cortex.o
                0x0000000008011c88                HAL_NVIC_SetPriority
 .text.HAL_NVIC_EnableIRQ
                0x0000000008011cec       0x18 Thirdparty\STM32G0xx_HAL_Driver\Src\stm32g0xx_hal_cortex.o
                0x0000000008011cec                HAL_NVIC_EnableIRQ
 .text.HAL_NVIC_DisableIRQ
                0x0000000008011d04       0x20 Thirdparty\STM32G0xx_HAL_Driver\Src\stm32g0xx_hal_cortex.o
                0x0000000008011d04                HAL_NVIC_DisableIRQ
 .text.HAL_SYSTICK_Config
                0x0000000008011d24       0x34 Thirdparty\STM32G0xx_HAL_Driver\Src\stm32g0xx_hal_cortex.o
                0x0000000008011d24                HAL_SYSTICK_Config
 .text.CRC_Handle_8
                0x0000000008011d58       0x64 Thirdparty\STM32G0xx_HAL_Driver\Src\stm32g0xx_hal_crc.o
 .text.CRC_Handle_16
                0x0000000008011dbc       0x2c Thirdparty\STM32G0xx_HAL_Driver\Src\stm32g0xx_hal_crc.o
 .text.HAL_CRC_Init
                0x0000000008011de8       0x78 Thirdparty\STM32G0xx_HAL_Driver\Src\stm32g0xx_hal_crc.o
                0x0000000008011de8                HAL_CRC_Init
 .text.HAL_CRC_Accumulate
                0x0000000008011e60       0x40 Thirdparty\STM32G0xx_HAL_Driver\Src\stm32g0xx_hal_crc.o
                0x0000000008011e60                HAL_CRC_Accumulate
 .text.HAL_CRC_Calculate
                0x0000000008011ea0       0x4c Thirdparty\STM32G0xx_HAL_Driver\Src\stm32g0xx_hal_crc.o
                0x0000000008011ea0                HAL_CRC_Calculate
 .text.HAL_CRCEx_Polynomial_Set
                0x0000000008011eec       0x54 Thirdparty\STM32G0xx_HAL_Driver\Src\stm32g0xx_hal_crc_ex.o
                0x0000000008011eec                HAL_CRCEx_Polynomial_Set
 .text.DMA_CalcDMAMUXChannelBaseAndMask
                0x0000000008011f40       0x64 Thirdparty\STM32G0xx_HAL_Driver\Src\stm32g0xx_hal_dma.o
 .text.HAL_DMA_Init
                0x0000000008011fa4       0xf4 Thirdparty\STM32G0xx_HAL_Driver\Src\stm32g0xx_hal_dma.o
                0x0000000008011fa4                HAL_DMA_Init
 .text.HAL_DMA_Start_IT
                0x0000000008012098       0xb8 Thirdparty\STM32G0xx_HAL_Driver\Src\stm32g0xx_hal_dma.o
                0x0000000008012098                HAL_DMA_Start_IT
 .text.HAL_DMA_Abort
                0x0000000008012150       0x74 Thirdparty\STM32G0xx_HAL_Driver\Src\stm32g0xx_hal_dma.o
                0x0000000008012150                HAL_DMA_Abort
 .text.HAL_DMA_Abort_IT
                0x00000000080121c4       0x74 Thirdparty\STM32G0xx_HAL_Driver\Src\stm32g0xx_hal_dma.o
                0x00000000080121c4                HAL_DMA_Abort_IT
 .text.HAL_DMA_GetError
                0x0000000008012238        0x4 Thirdparty\STM32G0xx_HAL_Driver\Src\stm32g0xx_hal_dma.o
                0x0000000008012238                HAL_DMA_GetError
 .text.HAL_FLASH_Unlock
                0x000000000801223c       0x24 Thirdparty\STM32G0xx_HAL_Driver\Src\stm32g0xx_hal_flash.o
                0x000000000801223c                HAL_FLASH_Unlock
 .text.HAL_FLASH_Lock
                0x0000000008012260       0x18 Thirdparty\STM32G0xx_HAL_Driver\Src\stm32g0xx_hal_flash.o
                0x0000000008012260                HAL_FLASH_Lock
 .text.FLASH_WaitForLastOperation
                0x0000000008012278       0x6c Thirdparty\STM32G0xx_HAL_Driver\Src\stm32g0xx_hal_flash.o
                0x0000000008012278                FLASH_WaitForLastOperation
 .text.HAL_FLASH_Program
                0x00000000080122e4       0x9c Thirdparty\STM32G0xx_HAL_Driver\Src\stm32g0xx_hal_flash.o
                0x00000000080122e4                HAL_FLASH_Program
 .text.FLASH_PageErase
                0x0000000008012380      0x10c Thirdparty\STM32G0xx_HAL_Driver\Src\stm32g0xx_hal_flash_ex.o
                0x0000000008012380                FLASH_PageErase
 .text.HAL_FLASHEx_Erase
                0x000000000801248c       0xa8 Thirdparty\STM32G0xx_HAL_Driver\Src\stm32g0xx_hal_flash_ex.o
                0x000000000801248c                HAL_FLASHEx_Erase
 .text.HAL_GPIO_Init
                0x0000000008012534      0x220 Thirdparty\STM32G0xx_HAL_Driver\Src\stm32g0xx_hal_gpio.o
                0x0000000008012534                HAL_GPIO_Init
 .text.HAL_GPIO_DeInit
                0x0000000008012754      0x128 Thirdparty\STM32G0xx_HAL_Driver\Src\stm32g0xx_hal_gpio.o
                0x0000000008012754                HAL_GPIO_DeInit
 .text.HAL_GPIO_ReadPin
                0x000000000801287c        0xc Thirdparty\STM32G0xx_HAL_Driver\Src\stm32g0xx_hal_gpio.o
                0x000000000801287c                HAL_GPIO_ReadPin
 .text.HAL_GPIO_WritePin
                0x0000000008012888        0xc Thirdparty\STM32G0xx_HAL_Driver\Src\stm32g0xx_hal_gpio.o
                0x0000000008012888                HAL_GPIO_WritePin
 .text.HAL_GPIO_TogglePin
                0x0000000008012894       0x10 Thirdparty\STM32G0xx_HAL_Driver\Src\stm32g0xx_hal_gpio.o
                0x0000000008012894                HAL_GPIO_TogglePin
 .text.I2C_IsErrorOccurred
                0x00000000080128a4      0x110 Thirdparty\STM32G0xx_HAL_Driver\Src\stm32g0xx_hal_i2c.o
 .text.I2C_WaitOnTXISFlagUntilTimeout
                0x00000000080129b4       0x58 Thirdparty\STM32G0xx_HAL_Driver\Src\stm32g0xx_hal_i2c.o
 .text.I2C_WaitOnSTOPFlagUntilTimeout
                0x0000000008012a0c       0x54 Thirdparty\STM32G0xx_HAL_Driver\Src\stm32g0xx_hal_i2c.o
 .text.HAL_I2C_MspInit
                0x0000000008012a60        0x4 Thirdparty\STM32G0xx_HAL_Driver\Src\stm32g0xx_hal_i2c.o
                0x0000000008012a60                HAL_I2C_MspInit
 .text.HAL_I2C_Init
                0x0000000008012a64       0xb4 Thirdparty\STM32G0xx_HAL_Driver\Src\stm32g0xx_hal_i2c.o
                0x0000000008012a64                HAL_I2C_Init
 .text.HAL_I2C_Mem_Write
                0x0000000008012b18      0x274 Thirdparty\STM32G0xx_HAL_Driver\Src\stm32g0xx_hal_i2c.o
                0x0000000008012b18                HAL_I2C_Mem_Write
 .text.HAL_I2C_Mem_Read
                0x0000000008012d8c      0x284 Thirdparty\STM32G0xx_HAL_Driver\Src\stm32g0xx_hal_i2c.o
                0x0000000008012d8c                HAL_I2C_Mem_Read
 .text.HAL_I2CEx_ConfigAnalogFilter
                0x0000000008013010       0x50 Thirdparty\STM32G0xx_HAL_Driver\Src\stm32g0xx_hal_i2c_ex.o
                0x0000000008013010                HAL_I2CEx_ConfigAnalogFilter
 .text.HAL_I2CEx_ConfigDigitalFilter
                0x0000000008013060       0x4c Thirdparty\STM32G0xx_HAL_Driver\Src\stm32g0xx_hal_i2c_ex.o
                0x0000000008013060                HAL_I2CEx_ConfigDigitalFilter
 .text.HAL_MspInit
                0x00000000080130ac        0x4 Thirdparty\STM32G0xx_HAL_Driver\Src\stm32g0xx_hal_msp_template.o
                0x00000000080130ac                HAL_MspInit
 .text.HAL_PWREx_ControlVoltageScaling
                0x00000000080130b0       0x60 Thirdparty\STM32G0xx_HAL_Driver\Src\stm32g0xx_hal_pwr_ex.o
                0x00000000080130b0                HAL_PWREx_ControlVoltageScaling
 .text.HAL_RCC_GetSysClockFreq.part.0
                0x0000000008013110       0x74 Thirdparty\STM32G0xx_HAL_Driver\Src\stm32g0xx_hal_rcc.o
 .text.HAL_RCC_OscConfig
                0x0000000008013184      0x548 Thirdparty\STM32G0xx_HAL_Driver\Src\stm32g0xx_hal_rcc.o
                0x0000000008013184                HAL_RCC_OscConfig
 .text.HAL_RCC_ClockConfig
                0x00000000080136cc      0x1b4 Thirdparty\STM32G0xx_HAL_Driver\Src\stm32g0xx_hal_rcc.o
                0x00000000080136cc                HAL_RCC_ClockConfig
 .text.HAL_RCC_GetSysClockFreq
                0x0000000008013880       0x38 Thirdparty\STM32G0xx_HAL_Driver\Src\stm32g0xx_hal_rcc.o
                0x0000000008013880                HAL_RCC_GetSysClockFreq
 .text.HAL_RCC_GetPCLK1Freq
                0x00000000080138b8       0x28 Thirdparty\STM32G0xx_HAL_Driver\Src\stm32g0xx_hal_rcc.o
                0x00000000080138b8                HAL_RCC_GetPCLK1Freq
 .text.HAL_RCCEx_PeriphCLKConfig
                0x00000000080138e0      0x2dc Thirdparty\STM32G0xx_HAL_Driver\Src\stm32g0xx_hal_rcc_ex.o
                0x00000000080138e0                HAL_RCCEx_PeriphCLKConfig
 .text.HAL_RTC_MspInit
                0x0000000008013bbc        0x4 Thirdparty\STM32G0xx_HAL_Driver\Src\stm32g0xx_hal_rtc.o
                0x0000000008013bbc                HAL_RTC_MspInit
 .text.HAL_RTC_GetTime
                0x0000000008013bc0       0x64 Thirdparty\STM32G0xx_HAL_Driver\Src\stm32g0xx_hal_rtc.o
                0x0000000008013bc0                HAL_RTC_GetTime
 .text.HAL_RTC_GetDate
                0x0000000008013c24       0x5c Thirdparty\STM32G0xx_HAL_Driver\Src\stm32g0xx_hal_rtc.o
                0x0000000008013c24                HAL_RTC_GetDate
 .text.RTC_EnterInitMode
                0x0000000008013c80       0x50 Thirdparty\STM32G0xx_HAL_Driver\Src\stm32g0xx_hal_rtc.o
                0x0000000008013c80                RTC_EnterInitMode
 .text.RTC_ExitInitMode
                0x0000000008013cd0       0x9c Thirdparty\STM32G0xx_HAL_Driver\Src\stm32g0xx_hal_rtc.o
                0x0000000008013cd0                RTC_ExitInitMode
 .text.HAL_RTC_Init
                0x0000000008013d6c       0xbc Thirdparty\STM32G0xx_HAL_Driver\Src\stm32g0xx_hal_rtc.o
                0x0000000008013d6c                HAL_RTC_Init
 .text.HAL_RTC_SetTime
                0x0000000008013e28      0x108 Thirdparty\STM32G0xx_HAL_Driver\Src\stm32g0xx_hal_rtc.o
                0x0000000008013e28                HAL_RTC_SetTime
 .text.HAL_RTC_SetDate
                0x0000000008013f30       0xe8 Thirdparty\STM32G0xx_HAL_Driver\Src\stm32g0xx_hal_rtc.o
                0x0000000008013f30                HAL_RTC_SetDate
 .text.HAL_RTCEx_BKUPWrite
                0x0000000008014018       0x10 Thirdparty\STM32G0xx_HAL_Driver\Src\stm32g0xx_hal_rtc_ex.o
                0x0000000008014018                HAL_RTCEx_BKUPWrite
 .text.HAL_RTCEx_BKUPRead
                0x0000000008014028       0x10 Thirdparty\STM32G0xx_HAL_Driver\Src\stm32g0xx_hal_rtc_ex.o
                0x0000000008014028                HAL_RTCEx_BKUPRead
 .text.HAL_TIM_Base_MspInit
                0x0000000008014038        0x4 Thirdparty\STM32G0xx_HAL_Driver\Src\stm32g0xx_hal_tim.o
                0x0000000008014038                HAL_TIM_Base_MspInit
 .text.HAL_TIM_Base_Start
                0x000000000801403c       0x70 Thirdparty\STM32G0xx_HAL_Driver\Src\stm32g0xx_hal_tim.o
                0x000000000801403c                HAL_TIM_Base_Start
 .text.TIM_Base_SetConfig
                0x00000000080140ac       0xa8 Thirdparty\STM32G0xx_HAL_Driver\Src\stm32g0xx_hal_tim.o
                0x00000000080140ac                TIM_Base_SetConfig
 .text.HAL_TIM_Base_Init
                0x0000000008014154       0x60 Thirdparty\STM32G0xx_HAL_Driver\Src\stm32g0xx_hal_tim.o
                0x0000000008014154                HAL_TIM_Base_Init
 .text.UART_EndRxTransfer
                0x00000000080141b4       0x64 Thirdparty\STM32G0xx_HAL_Driver\Src\stm32g0xx_hal_uart.o
 .text.UART_TxISR_16BIT
                0x0000000008014218       0x60 Thirdparty\STM32G0xx_HAL_Driver\Src\stm32g0xx_hal_uart.o
 .text.UART_TxISR_8BIT_FIFOEN
                0x0000000008014278       0x78 Thirdparty\STM32G0xx_HAL_Driver\Src\stm32g0xx_hal_uart.o
 .text.UART_TxISR_16BIT_FIFOEN
                0x00000000080142f0       0x7c Thirdparty\STM32G0xx_HAL_Driver\Src\stm32g0xx_hal_uart.o
 .text.UART_TxISR_8BIT
                0x000000000801436c       0x5c Thirdparty\STM32G0xx_HAL_Driver\Src\stm32g0xx_hal_uart.o
 .text.HAL_UART_MspDeInit
                0x00000000080143c8        0x4 Thirdparty\STM32G0xx_HAL_Driver\Src\stm32g0xx_hal_uart.o
                0x00000000080143c8                HAL_UART_MspDeInit
 .text.HAL_UART_DeInit
                0x00000000080143cc       0x3c Thirdparty\STM32G0xx_HAL_Driver\Src\stm32g0xx_hal_uart.o
                0x00000000080143cc                HAL_UART_DeInit
 .text.HAL_UART_Transmit_IT
                0x0000000008014408       0xcc Thirdparty\STM32G0xx_HAL_Driver\Src\stm32g0xx_hal_uart.o
                0x0000000008014408                HAL_UART_Transmit_IT
 .text.HAL_UART_DMAStop
                0x00000000080144d4       0xe4 Thirdparty\STM32G0xx_HAL_Driver\Src\stm32g0xx_hal_uart.o
                0x00000000080144d4                HAL_UART_DMAStop
 .text.HAL_UART_RxHalfCpltCallback
                0x00000000080145b8        0x4 Thirdparty\STM32G0xx_HAL_Driver\Src\stm32g0xx_hal_uart.o
                0x00000000080145b8                HAL_UART_RxHalfCpltCallback
 .text.UART_DMAError
                0x00000000080145bc       0x84 Thirdparty\STM32G0xx_HAL_Driver\Src\stm32g0xx_hal_uart.o
 .text.UART_DMAAbortOnError