Archive member included to satisfy reference by file (symbol)

c:/st/stm32cubeide_1.5.1/stm32cubeide/plugins/com.st.stm32cube.ide.mcu.externaltools.gnu-tools-for-stm32.7-2018-q2-update.win32_1.5.0.202011040924/tools/bin/../lib/gcc/arm-none-eabi/7.3.1/../../../../arm-none-eabi/lib/thumb/v6-m\libc.a(lib_a-atof.o)
                              BOS\BOS_CLI.o (atof)
c:/st/stm32cubeide_1.5.1/stm32cubeide/plugins/com.st.stm32cube.ide.mcu.externaltools.gnu-tools-for-stm32.7-2018-q2-update.win32_1.5.0.202011040924/tools/bin/../lib/gcc/arm-none-eabi/7.3.1/../../../../arm-none-eabi/lib/thumb/v6-m\libc.a(lib_a-atoi.o)
                              BOS\BOS_CLI.o (atoi)
c:/st/stm32cubeide_1.5.1/stm32cubeide/plugins/com.st.stm32cube.ide.mcu.externaltools.gnu-tools-for-stm32.7-2018-q2-update.win32_1.5.0.202011040924/tools/bin/../lib/gcc/arm-none-eabi/7.3.1/../../../../arm-none-eabi/lib/thumb/v6-m\libc.a(lib_a-atol.o)
                              BOS\BOS.o (atol)
c:/st/stm32cubeide_1.5.1/stm32cubeide/plugins/com.st.stm32cube.ide.mcu.externaltools.gnu-tools-for-stm32.7-2018-q2-update.win32_1.5.0.202011040924/tools/bin/../lib/gcc/arm-none-eabi/7.3.1/../../../../arm-none-eabi/lib/thumb/v6-m\libc.a(lib_a-exit.o)
                              c:/st/stm32cubeide_1.5.1/stm32cubeide/plugins/com.st.stm32cube.ide.mcu.externaltools.gnu-tools-for-stm32.7-2018-q2-update.win32_1.5.0.202011040924/tools/bin/../lib/gcc/arm-none-eabi/7.3.1/../../../../arm-none-eabi/lib/thumb/v6-m/crt0.o (exit)
c:/st/stm32cubeide_1.5.1/stm32cubeide/plugins/com.st.stm32cube.ide.mcu.externaltools.gnu-tools-for-stm32.7-2018-q2-update.win32_1.5.0.202011040924/tools/bin/../lib/gcc/arm-none-eabi/7.3.1/../../../../arm-none-eabi/lib/thumb/v6-m\libc.a(lib_a-impure.o)
                              c:/st/stm32cubeide_1.5.1/stm32cubeide/plugins/com.st.stm32cube.ide.mcu.externaltools.gnu-tools-for-stm32.7-2018-q2-update.win32_1.5.0.202011040924/tools/bin/../lib/gcc/arm-none-eabi/7.3.1/../../../../arm-none-eabi/lib/thumb/v6-m\libc.a(lib_a-exit.o) (_global_impure_ptr)
c:/st/stm32cubeide_1.5.1/stm32cubeide/plugins/com.st.stm32cube.ide.mcu.externaltools.gnu-tools-for-stm32.7-2018-q2-update.win32_1.5.0.202011040924/tools/bin/../lib/gcc/arm-none-eabi/7.3.1/../../../../arm-none-eabi/lib/thumb/v6-m\libc.a(lib_a-init.o)
                              c:/st/stm32cubeide_1.5.1/stm32cubeide/plugins/com.st.stm32cube.ide.mcu.externaltools.gnu-tools-for-stm32.7-2018-q2-update.win32_1.5.0.202011040924/tools/bin/../lib/gcc/arm-none-eabi/7.3.1/../../../../arm-none-eabi/lib/thumb/v6-m/crt0.o (__libc_init_array)
c:/st/stm32cubeide_1.5.1/stm32cubeide/plugins/com.st.stm32cube.ide.mcu.externaltools.gnu-tools-for-stm32.7-2018-q2-update.win32_1.5.0.202011040924/tools/bin/../lib/gcc/arm-none-eabi/7.3.1/../../../../arm-none-eabi/lib/thumb/v6-m\libc.a(lib_a-locale.o)
                              BOS\BOS_CLI.o (__locale_ctype_ptr)
c:/st/stm32cubeide_1.5.1/stm32cubeide/plugins/com.st.stm32cube.ide.mcu.externaltools.gnu-tools-for-stm32.7-2018-q2-update.win32_1.5.0.202011040924/tools/bin/../lib/gcc/arm-none-eabi/7.3.1/../../../../arm-none-eabi/lib/thumb/v6-m\libc.a(lib_a-malloc.o)
                              BOS\BOS.o (malloc)
c:/st/stm32cubeide_1.5.1/stm32cubeide/plugins/com.st.stm32cube.ide.mcu.externaltools.gnu-tools-for-stm32.7-2018-q2-update.win32_1.5.0.202011040924/tools/bin/../lib/gcc/arm-none-eabi/7.3.1/../../../../arm-none-eabi/lib/thumb/v6-m\libc.a(lib_a-mallocr.o)
                              c:/st/stm32cubeide_1.5.1/stm32cubeide/plugins/com.st.stm32cube.ide.mcu.externaltools.gnu-tools-for-stm32.7-2018-q2-update.win32_1.5.0.202011040924/tools/bin/../lib/gcc/arm-none-eabi/7.3.1/../../../../arm-none-eabi/lib/thumb/v6-m\libc.a(lib_a-malloc.o) (_malloc_r)
c:/st/stm32cubeide_1.5.1/stm32cubeide/plugins/com.st.stm32cube.ide.mcu.externaltools.gnu-tools-for-stm32.7-2018-q2-update.win32_1.5.0.202011040924/tools/bin/../lib/gcc/arm-none-eabi/7.3.1/../../../../arm-none-eabi/lib/thumb/v6-m\libc.a(lib_a-mbtowc_r.o)
                              c:/st/stm32cubeide_1.5.1/stm32cubeide/plugins/com.st.stm32cube.ide.mcu.externaltools.gnu-tools-for-stm32.7-2018-q2-update.win32_1.5.0.202011040924/tools/bin/../lib/gcc/arm-none-eabi/7.3.1/../../../../arm-none-eabi/lib/thumb/v6-m\libc.a(lib_a-locale.o) (__ascii_mbtowc)
c:/st/stm32cubeide_1.5.1/stm32cubeide/plugins/com.st.stm32cube.ide.mcu.externaltools.gnu-tools-for-stm32.7-2018-q2-update.win32_1.5.0.202011040924/tools/bin/../lib/gcc/arm-none-eabi/7.3.1/../../../../arm-none-eabi/lib/thumb/v6-m\libc.a(lib_a-memcmp.o)
                              Thirdparty\Middleware\FreeRTOS\Source\tasks.o (memcmp)
c:/st/stm32cubeide_1.5.1/stm32cubeide/plugins/com.st.stm32cube.ide.mcu.externaltools.gnu-tools-for-stm32.7-2018-q2-update.win32_1.5.0.202011040924/tools/bin/../lib/gcc/arm-none-eabi/7.3.1/../../../../arm-none-eabi/lib/thumb/v6-m\libc.a(lib_a-memcpy-stub.o)
                              BOS\BOS.o (memcpy)
[...]
Memory Configuration

Name             Origin             Length             Attributes
RAM              0x0000000020000000 0x0000000000008000 xrw
FLASH            0x0000000008000000 0x0000000000040000 xr
*default*        0x0000000000000000 0xffffffffffffffff

Linker script and memory map

LOAD c:/st/stm32cubeide_1.5.1/stm32cubeide/plugins/com.st.stm32cube.ide.mcu.externaltools.gnu-tools-for-stm32.7-2018-q2-update.win32_1.5.0.202011040924/tools/bin/../lib/gcc/arm-none-eabi/7.3.1/thumb/v6-m/crti.o
LOAD c:/st/stm32cubeide_1.5.1/stm32cubeide/plugins/com.st.stm32cube.ide.mcu.externaltools.gnu-tools-for-stm32.7-2018-q2-update.win32_1.5.0.202011040924/tools/bin/../lib/gcc/arm-none-eabi/7.3.1/thumb/v6-m/crtbegin.o
LOAD c:/st/stm32cubeide_1.5.1/stm32cubeide/plugins/com.st.stm32cube.ide.mcu.externaltools.gnu-tools-for-stm32.7-2018-q2-update.win32_1.5.0.202011040924/tools/bin/../lib/gcc/arm-none-eabi/7.3.1/../../../../arm-none-eabi/lib/thumb/v6-m/crt0.o
LOAD BOS\BOS.o
LOAD BOS\BOS_CLI.o
LOAD BOS\BOS_CLIcommands.o
LOAD BOS\BOS_dma.o
LOAD BOS\BOS_eeprom.o
LOAD BOS\BOS_freertos.o
LOAD BOS\BOS_inputs.o
LOAD BOS\BOS_messaging.o
LOAD BOS\BOS_msgparser.o
LOAD H0BR4\H0BR4.o
LOAD H0BR4\H0BR4_dma.o
LOAD H0BR4\H0BR4_gpio.o
LOAD H0BR4\H0BR4_i2c.o
LOAD H0BR4\H0BR4_it.o
LOAD H0BR4\H0BR4_rtc.o
LOAD H0BR4\H0BR4_timers.o
LOAD H0BR4\H0BR4_uart.o
LOAD H0BR4\startup_stm32f091xc.o
LOAD Thirdparty\CMSIS\Device\ST\STM32F0xx\Source\Templates\system_stm32f0xx.o
LOAD Thirdparty\LSM303AGR\src\LSM303AGR_ACC.o
LOAD Thirdparty\LSM303AGR\src\LSM303AGR_MAG.o
LOAD Thirdparty\LSM6DS3\src\LSM6DS3.o
LOAD Thirdparty\Middleware\FreeRTOS\Source\CMSIS_RTOS\cmsis_os.o
LOAD Thirdparty\Middleware\FreeRTOS\Source\FreeRTOS_CLI.o
LOAD Thirdparty\Middleware\FreeRTOS\Source\croutine.o
LOAD Thirdparty\Middleware\FreeRTOS\Source\event_groups.o
LOAD Thirdparty\Middleware\FreeRTOS\Source\list.o
LOAD Thirdparty\Middleware\FreeRTOS\Source\portable\GCC\ARM_CM0\port.o
LOAD Thirdparty\Middleware\FreeRTOS\Source\portable\MemMang\heap_4.o
LOAD Thirdparty\Middleware\FreeRTOS\Source\queue.o
LOAD Thirdparty\Middleware\FreeRTOS\Source\tasks.o
LOAD Thirdparty\Middleware\FreeRTOS\Source\timers.o
LOAD Thirdparty\STM32F0xx_HAL_Driver\Src\stm32f0xx_hal.o
LOAD Thirdparty\STM32F0xx_HAL_Driver\Src\stm32f0xx_hal_adc.o
LOAD Thirdparty\STM32F0xx_HAL_Driver\Src\stm32f0xx_hal_adc_ex.o
LOAD Thirdparty\STM32F0xx_HAL_Driver\Src\stm32f0xx_hal_can.o
LOAD Thirdparty\STM32F0xx_HAL_Driver\Src\stm32f0xx_hal_cec.o
LOAD Thirdparty\STM32F0xx_HAL_Driver\Src\stm32f0xx_hal_comp.o
LOAD Thirdparty\STM32F0xx_HAL_Driver\Src\stm32f0xx_hal_cortex.o
LOAD Thirdparty\STM32F0xx_HAL_Driver\Src\stm32f0xx_hal_crc.o
LOAD Thirdparty\STM32F0xx_HAL_Driver\Src\stm32f0xx_hal_crc_ex.o
LOAD Thirdparty\STM32F0xx_HAL_Driver\Src\stm32f0xx_hal_dac.o
LOAD Thirdparty\STM32F0xx_HAL_Driver\Src\stm32f0xx_hal_dac_ex.o
LOAD Thirdparty\STM32F0xx_HAL_Driver\Src\stm32f0xx_hal_dma.o
LOAD Thirdparty\STM32F0xx_HAL_Driver\Src\stm32f0xx_hal_flash.o
LOAD Thirdparty\STM32F0xx_HAL_Driver\Src\stm32f0xx_hal_flash_ex.o
LOAD Thirdparty\STM32F0xx_HAL_Driver\Src\stm32f0xx_hal_gpio.o
LOAD Thirdparty\STM32F0xx_HAL_Driver\Src\stm32f0xx_hal_i2c.o
LOAD Thirdparty\STM32F0xx_HAL_Driver\Src\stm32f0xx_hal_i2c_ex.o
LOAD Thirdparty\STM32F0xx_HAL_Driver\Src\stm32f0xx_hal_i2s.o
LOAD Thirdparty\STM32F0xx_HAL_Driver\Src\stm32f0xx_hal_irda.o
LOAD Thirdparty\STM32F0xx_HAL_Driver\Src\stm32f0xx_hal_iwdg.o
LOAD Thirdparty\STM32F0xx_HAL_Driver\Src\stm32f0xx_hal_msp_template.o
LOAD Thirdparty\STM32F0xx_HAL_Driver\Src\stm32f0xx_hal_pcd.o
LOAD Thirdparty\STM32F0xx_HAL_Driver\Src\stm32f0xx_hal_pcd_ex.o
LOAD Thirdparty\STM32F0xx_HAL_Driver\Src\stm32f0xx_hal_pwr.o
LOAD Thirdparty\STM32F0xx_HAL_Driver\Src\stm32f0xx_hal_pwr_ex.o
LOAD Thirdparty\STM32F0xx_HAL_Driver\Src\stm32f0xx_hal_rcc.o
LOAD Thirdparty\STM32F0xx_HAL_Driver\Src\stm32f0xx_hal_rcc_ex.o
LOAD Thirdparty\STM32F0xx_HAL_Driver\Src\stm32f0xx_hal_rtc.o
LOAD Thirdparty\STM32F0xx_HAL_Driver\Src\stm32f0xx_hal_rtc_ex.o
LOAD Thirdparty\STM32F0xx_HAL_Driver\Src\stm32f0xx_hal_smartcard.o
LOAD Thirdparty\STM32F0xx_HAL_Driver\Src\stm32f0xx_hal_smartcard_ex.o
LOAD Thirdparty\STM32F0xx_HAL_Driver\Src\stm32f0xx_hal_smbus.o
LOAD Thirdparty\STM32F0xx_HAL_Driver\Src\stm32f0xx_hal_spi.o
LOAD Thirdparty\STM32F0xx_HAL_Driver\Src\stm32f0xx_hal_spi_ex.o
LOAD Thirdparty\STM32F0xx_HAL_Driver\Src\stm32f0xx_hal_tim.o
LOAD Thirdparty\STM32F0xx_HAL_Driver\Src\stm32f0xx_hal_tim_ex.o
LOAD Thirdparty\STM32F0xx_HAL_Driver\Src\stm32f0xx_hal_tsc.o
LOAD Thirdparty\STM32F0xx_HAL_Driver\Src\stm32f0xx_hal_uart.o
LOAD Thirdparty\STM32F0xx_HAL_Driver\Src\stm32f0xx_hal_uart_ex.o
LOAD Thirdparty\STM32F0xx_HAL_Driver\Src\stm32f0xx_hal_usart.o
LOAD Thirdparty\STM32F0xx_HAL_Driver\Src\stm32f0xx_hal_wwdg.o
LOAD User\main.o
START GROUP
LOAD c:/st/stm32cubeide_1.5.1/stm32cubeide/plugins/com.st.stm32cube.ide.mcu.externaltools.gnu-tools-for-stm32.7-2018-q2-update.win32_1.5.0.202011040924/tools/bin/../lib/gcc/arm-none-eabi/7.3.1/../../../../arm-none-eabi/lib/thumb/v6-m\libc.a
LOAD c:/st/stm32cubeide_1.5.1/stm32cubeide/plugins/com.st.stm32cube.ide.mcu.externaltools.gnu-tools-for-stm32.7-2018-q2-update.win32_1.5.0.202011040924/tools/bin/../lib/gcc/arm-none-eabi/7.3.1/../../../../arm-none-eabi/lib/thumb/v6-m\libm.a
END GROUP
START GROUP
LOAD c:/st/stm32cubeide_1.5.1/stm32cubeide/plugins/com.st.stm32cube.ide.mcu.externaltools.gnu-tools-for-stm32.7-2018-q2-update.win32_1.5.0.202011040924/tools/bin/../lib/gcc/arm-none-eabi/7.3.1/thumb/v6-m\libgcc.a
LOAD c:/st/stm32cubeide_1.5.1/stm32cubeide/plugins/com.st.stm32cube.ide.mcu.externaltools.gnu-tools-for-stm32.7-2018-q2-update.win32_1.5.0.202011040924/tools/bin/../lib/gcc/arm-none-eabi/7.3.1/../../../../arm-none-eabi/lib/thumb/v6-m\libc.a
END GROUP
START GROUP
LOAD c:/st/stm32cubeide_1.5.1/stm32cubeide/plugins/com.st.stm32cube.ide.mcu.externaltools.gnu-tools-for-stm32.7-2018-q2-update.win32_1.5.0.202011040924/tools/bin/../lib/gcc/arm-none-eabi/7.3.1/thumb/v6-m\libgcc.a
LOAD c:/st/stm32cubeide_1.5.1/stm32cubeide/plugins/com.st.stm32cube.ide.mcu.externaltools.gnu-tools-for-stm32.7-2018-q2-update.win32_1.5.0.202011040924/tools/bin/../lib/gcc/arm-none-eabi/7.3.1/../../../../arm-none-eabi/lib/thumb/v6-m\libc.a
LOAD c:/st/stm32cubeide_1.5.1/stm32cubeide/plugins/com.st.stm32cube.ide.mcu.externaltools.gnu-tools-for-stm32.7-2018-q2-update.win32_1.5.0.202011040924/tools/bin/../lib/gcc/arm-none-eabi/7.3.1/../../../../arm-none-eabi/lib/thumb/v6-m\libnosys.a
END GROUP
LOAD c:/st/stm32cubeide_1.5.1/stm32cubeide/plugins/com.st.stm32cube.ide.mcu.externaltools.gnu-tools-for-stm32.7-2018-q2-update.win32_1.5.0.202011040924/tools/bin/../lib/gcc/arm-none-eabi/7.3.1/thumb/v6-m/crtend.o
LOAD c:/st/stm32cubeide_1.5.1/stm32cubeide/plugins/com.st.stm32cube.ide.mcu.externaltools.gnu-tools-for-stm32.7-2018-q2-update.win32_1.5.0.202011040924/tools/bin/../lib/gcc/arm-none-eabi/7.3.1/thumb/v6-m/crtn.o
                0x0000000020008000                _estack = (ORIGIN (RAM) + LENGTH (RAM))
                0x0000000000000200                _Min_Heap_Size = 0x200
                0x0000000000000400                _Min_Stack_Size = 0x400

.isr_vector     0x0000000008000000       0xbc
                0x0000000008000000                . = ALIGN (0x4)
 *(.isr_vector)
 .isr_vector    0x0000000008000000       0xbc H0BR4\startup_stm32f091xc.o
                0x0000000008000000                g_pfnVectors
                0x00000000080000bc                . = ALIGN (0x4)

.text           0x00000000080000bc    0x19e2c
                0x00000000080000bc                . = ALIGN (0x4)
 *(.text)
 .text          0x00000000080000bc       0x48 c:/st/stm32cubeide_1.5.1/stm32cubeide/plugins/com.st.stm32cube.ide.mcu.externaltools.gnu-tools-for-stm32.7-2018-q2-update.win32_1.5.0.202011040924/tools/bin/../lib/gcc/arm-none-eabi/7.3.1/thumb/v6-m/crtbegin.o
 .text          0x0000000008000104       0x14 c:/st/stm32cubeide_1.5.1/stm32cubeide/plugins/com.st.stm32cube.ide.mcu.externaltools.gnu-tools-for-stm32.7-2018-q2-update.win32_1.5.0.202011040924/tools/bin/../lib/gcc/arm-none-eabi/7.3.1/../../../../arm-none-eabi/lib/thumb/v6-m\libc.a(lib_a-strcmp.o)
                0x0000000008000104                strcmp
 .text          0x0000000008000118        0xe c:/st/stm32cubeide_1.5.1/stm32cubeide/plugins/com.st.stm32cube.ide.mcu.externaltools.gnu-tools-for-stm32.7-2018-q2-update.win32_1.5.0.202011040924/tools/bin/../lib/gcc/arm-none-eabi/7.3.1/../../../../arm-none-eabi/lib/thumb/v6-m\libc.a(lib_a-strlen.o)
                0x0000000008000118                strlen
 *fill*         0x0000000008000126        0x2 
 .text          0x0000000008000128       0x14 c:/st/stm32cubeide_1.5.1/stm32cubeide/plugins/com.st.stm32cube.ide.mcu.externaltools.gnu-tools-for-stm32.7-2018-q2-update.win32_1.5.0.202011040924/tools/bin/../lib/gcc/arm-none-eabi/7.3.1/thumb/v6-m\libgcc.a(_thumb1_case_uqi.o)
                0x0000000008000128                __gnu_thumb1_case_uqi
 .text          0x000000000800013c       0x14 c:/st/stm32cubeide_1.5.1/stm32cubeide/plugins/com.st.stm32cube.ide.mcu.externaltools.gnu-tools-for-stm32.7-2018-q2-update.win32_1.5.0.202011040924/tools/bin/../lib/gcc/arm-none-eabi/7.3.1/thumb/v6-m\libgcc.a(_thumb1_case_shi.o)
                0x000000000800013c                __gnu_thumb1_case_shi
 .text          0x0000000008000150      0x114 c:/st/stm32cubeide_1.5.1/stm32cubeide/plugins/com.st.stm32cube.ide.mcu.externaltools.gnu-tools-for-stm32.7-2018-q2-update.win32_1.5.0.202011040924/tools/bin/../lib/gcc/arm-none-eabi/7.3.1/thumb/v6-m\libgcc.a(_udivsi3.o)
                0x0000000008000150                __aeabi_uidiv
                0x0000000008000150                __udivsi3
                0x000000000800025c                __aeabi_uidivmod
 .text          0x0000000008000264      0x1d4 c:/st/stm32cubeide_1.5.1/stm32cubeide/plugins/com.st.stm32cube.ide.mcu.externaltools.gnu-tools-for-stm32.7-2018-q2-update.win32_1.5.0.202011040924/tools/bin/../lib/gcc/arm-none-eabi/7.3.1/thumb/v6-m\libgcc.a(_divsi3.o)
                0x0000000008000264                __divsi3
                0x0000000008000264                __aeabi_idiv
                0x0000000008000430                __aeabi_idivmod
 .text          0x0000000008000438        0x4 c:/st/stm32cubeide_1.5.1/stm32cubeide/plugins/com.st.stm32cube.ide.mcu.externaltools.gnu-tools-for-stm32.7-2018-q2-update.win32_1.5.0.202011040924/tools/bin/../lib/gcc/arm-none-eabi/7.3.1/thumb/v6-m\libgcc.a(_dvmd_tls.o)
                0x0000000008000438                __aeabi_idiv0
                0x0000000008000438                __aeabi_ldiv0
 .text          0x000000000800043c       0x7c c:/st/stm32cubeide_1.5.1/stm32cubeide/plugins/com.st.stm32cube.ide.mcu.externaltools.gnu-tools-for-stm32.7-2018-q2-update.win32_1.5.0.202011040924/tools/bin/../lib/gcc/arm-none-eabi/7.3.1/thumb/v6-m\libgcc.a(_arm_cmpdf2.o)
                0x000000000800043c                __aeabi_cdrcmple
                0x000000000800044c                __aeabi_cdcmple
                0x000000000800044c                __aeabi_cdcmpeq
                0x000000000800045c                __aeabi_dcmpeq
                0x0000000008000468                __aeabi_dcmplt
                0x000000000800047c                __aeabi_dcmple
                0x0000000008000490                __aeabi_dcmpgt
                0x00000000080004a4                __aeabi_dcmpge
 .text          0x00000000080004b8       0x74 c:/st/stm32cubeide_1.5.1/stm32cubeide/plugins/com.st.stm32cube.ide.mcu.externaltools.gnu-tools-for-stm32.7-2018-q2-update.win32_1.5.0.202011040924/tools/bin/../lib/gcc/arm-none-eabi/7.3.1/thumb/v6-m\libgcc.a(_arm_cmpsf2.o)
                0x00000000080004b8                __aeabi_cfrcmple
                0x00000000080004c0                __aeabi_cfcmpeq
                0x00000000080004c0                __aeabi_cfcmple
                0x00000000080004d0                __aeabi_fcmpeq
                0x00000000080004dc                __aeabi_fcmplt
                0x00000000080004f0                __aeabi_fcmple
                0x0000000008000504                __aeabi_fcmpgt
                0x0000000008000518                __aeabi_fcmpge
 .text          0x000000000800052c       0x48 c:/st/stm32cubeide_1.5.1/stm32cubeide/plugins/com.st.stm32cube.ide.mcu.externaltools.gnu-tools-for-stm32.7-2018-q2-update.win32_1.5.0.202011040924/tools/bin/../lib/gcc/arm-none-eabi/7.3.1/thumb/v6-m\libgcc.a(_aeabi_ldivmod.o)
                0x000000000800052c                __aeabi_ldivmod
 .text          0x0000000008000574       0x40 c:/st/stm32cubeide_1.5.1/stm32cubeide/plugins/com.st.stm32cube.ide.mcu.externaltools.gnu-tools-for-stm32.7-2018-q2-update.win32_1.5.0.202011040924/tools/bin/../lib/gcc/arm-none-eabi/7.3.1/thumb/v6-m\libgcc.a(_aeabi_uldivmod.o)
                0x0000000008000574                __aeabi_uldivmod
 .text          0x00000000080005b4       0x54 c:/st/stm32cubeide_1.5.1/stm32cubeide/plugins/com.st.stm32cube.ide.mcu.externaltools.gnu-tools-for-stm32.7-2018-q2-update.win32_1.5.0.202011040924/tools/bin/../lib/gcc/arm-none-eabi/7.3.1/thumb/v6-m\libgcc.a(_muldi3.o)
                0x00000000080005b4                __muldi3
                0x00000000080005b4                __aeabi_lmul
 .text          0x0000000008000608       0x30 c:/st/stm32cubeide_1.5.1/stm32cubeide/plugins/com.st.stm32cube.ide.mcu.externaltools.gnu-tools-for-stm32.7-2018-q2-update.win32_1.5.0.202011040924/tools/bin/../lib/gcc/arm-none-eabi/7.3.1/thumb/v6-m\libgcc.a(_fixunssfsi.o)
                0x0000000008000608                __fixunssfsi
                0x0000000008000608                __aeabi_f2uiz
 .text          0x0000000008000638       0x3c c:/st/stm32cubeide_1.5.1/stm32cubeide/plugins/com.st.stm32cube.ide.mcu.externaltools.gnu-tools-for-stm32.7-2018-q2-update.win32_1.5.0.202011040924/tools/bin/../lib/gcc/arm-none-eabi/7.3.1/thumb/v6-m\libgcc.a(_fixunsdfsi.o)
                0x0000000008000638                __aeabi_d2uiz
                0x0000000008000638                __fixunsdfsi
 .text          0x0000000008000674      0x184 c:/st/stm32cubeide_1.5.1/stm32cubeide/plugins/com.st.stm32cube.ide.mcu.externaltools.gnu-tools-for-stm32.7-2018-q2-update.win32_1.5.0.202011040924/tools/bin/../lib/gcc/arm-none-eabi/7.3.1/thumb/v6-m\libgcc.a(_udivmoddi4.o)
                0x0000000008000674                __udivmoddi4
 .text          0x00000000080007f8       0x38 c:/st/stm32cubeide_1.5.1/stm32cubeide/plugins/com.st.stm32cube.ide.mcu.externaltools.gnu-tools-for-stm32.7-2018-q2-update.win32_1.5.0.202011040924/tools/bin/../lib/gcc/arm-none-eabi/7.3.1/thumb/v6-m\libgcc.a(bpabi.o)
                0x00000000080007f8                __gnu_ldivmod_helper
 .text          0x0000000008000830      0x334 c:/st/stm32cubeide_1.5.1/stm32cubeide/plugins/com.st.stm32cube.ide.mcu.externaltools.gnu-tools-for-stm32.7-2018-q2-update.win32_1.5.0.202011040924/tools/bin/../lib/gcc/arm-none-eabi/7.3.1/thumb/v6-m\libgcc.a(addsf3.o)
                0x0000000008000830                __aeabi_fadd
 .text          0x0000000008000b64      0x224 c:/st/stm32cubeide_1.5.1/stm32cubeide/plugins/com.st.stm32cube.ide.mcu.externaltools.gnu-tools-for-stm32.7-2018-q2-update.win32_1.5.0.202011040924/tools/bin/../lib/gcc/arm-none-eabi/7.3.1/thumb/v6-m\libgcc.a(divsf3.o)
                0x0000000008000b64                __aeabi_fdiv
 .text          0x0000000008000d88       0x50 c:/st/stm32cubeide_1.5.1/stm32cubeide/plugins/com.st.stm32cube.ide.mcu.externaltools.gnu-tools-for-stm32.7-2018-q2-update.win32_1.5.0.202011040924/tools/bin/../lib/gcc/arm-none-eabi/7.3.1/thumb/v6-m\libgcc.a(eqsf2.o)
                0x0000000008000d88                __eqsf2
                0x0000000008000d88                __nesf2
 .text          0x0000000008000dd8       0x9c c:/st/stm32cubeide_1.5.1/stm32cubeide/plugins/com.st.stm32cube.ide.mcu.externaltools.gnu-tools-for-stm32.7-2018-q2-update.win32_1.5.0.202011040924/tools/bin/../lib/gcc/arm-none-eabi/7.3.1/thumb/v6-m\libgcc.a(gesf2.o)
                0x0000000008000dd8                __gesf2
                0x0000000008000dd8                __gtsf2
 .text          0x0000000008000e74       0xa0 c:/st/stm32cubeide_1.5.1/stm32cubeide/plugins/com.st.stm32cube.ide.mcu.externaltools.gnu-tools-for-stm32.7-2018-q2-update.win32_1.5.0.202011040924/tools/bin/../lib/gcc/arm-none-eabi/7.3.1/thumb/v6-m\libgcc.a(lesf2.o)
                0x0000000008000e74                __ltsf2
                0x0000000008000e74                __lesf2
 .text          0x0000000008000f14      0x264 c:/st/stm32cubeide_1.5.1/stm32cubeide/plugins/com.st.stm32cube.ide.mcu.externaltools.gnu-tools-for-stm32.7-2018-q2-update.win32_1.5.0.202011040924/tools/bin/../lib/gcc/arm-none-eabi/7.3.1/thumb/v6-m\libgcc.a(mulsf3.o)
                0x0000000008000f14                __aeabi_fmul
 .text          0x0000000008001178      0x388 c:/st/stm32cubeide_1.5.1/stm32cubeide/plugins/com.st.stm32cube.ide.mcu.externaltools.gnu-tools-for-stm32.7-2018-q2-update.win32_1.5.0.202011040924/tools/bin/../lib/gcc/arm-none-eabi/7.3.1/thumb/v6-m\libgcc.a(subsf3.o)
                0x0000000008001178                __aeabi_fsub
 .text          0x0000000008001500       0x40 c:/st/stm32cubeide_1.5.1/stm32cubeide/plugins/com.st.stm32cube.ide.mcu.externaltools.gnu-tools-for-stm32.7-2018-q2-update.win32_1.5.0.202011040924/tools/bin/../lib/gcc/arm-none-eabi/7.3.1/thumb/v6-m\libgcc.a(fixsfsi.o)
                0x0000000008001500                __aeabi_f2iz
 .text          0x0000000008001540       0x94 c:/st/stm32cubeide_1.5.1/stm32cubeide/plugins/com.st.stm32cube.ide.mcu.externaltools.gnu-tools-for-stm32.7-2018-q2-update.win32_1.5.0.202011040924/tools/bin/../lib/gcc/arm-none-eabi/7.3.1/thumb/v6-m\libgcc.a(floatsisf.o)
                0x0000000008001540                __aeabi_i2f
 .text          0x00000000080015d4       0x80 c:/st/stm32cubeide_1.5.1/stm32cubeide/plugins/com.st.stm32cube.ide.mcu.externaltools.gnu-tools-for-stm32.7-2018-q2-update.win32_1.5.0.202011040924/tools/bin/../lib/gcc/arm-none-eabi/7.3.1/thumb/v6-m\libgcc.a(floatunsisf.o)
                0x00000000080015d4                __aeabi_ui2f
 .text          0x0000000008001654      0x638 c:/st/stm32cubeide_1.5.1/stm32cubeide/plugins/com.st.stm32cube.ide.mcu.externaltools.gnu-tools-for-stm32.7-2018-q2-update.win32_1.5.0.202011040924/tools/bin/../lib/gcc/arm-none-eabi/7.3.1/thumb/v6-m\libgcc.a(adddf3.o)
                0x0000000008001654                __aeabi_dadd
 .text          0x0000000008001c8c      0x604 c:/st/stm32cubeide_1.5.1/stm32cubeide/plugins/com.st.stm32cube.ide.mcu.externaltools.gnu-tools-for-stm32.7-2018-q2-update.win32_1.5.0.202011040924/tools/bin/../lib/gcc/arm-none-eabi/7.3.1/thumb/v6-m\libgcc.a(divdf3.o)
                0x0000000008001c8c                __aeabi_ddiv
 .text          0x0000000008002290       0x78 c:/st/stm32cubeide_1.5.1/stm32cubeide/plugins/com.st.stm32cube.ide.mcu.externaltools.gnu-tools-for-stm32.7-2018-q2-update.win32_1.5.0.202011040924/tools/bin/../lib/gcc/arm-none-eabi/7.3.1/thumb/v6-m\libgcc.a(eqdf2.o)
                0x0000000008002290                __nedf2
                0x0000000008002290                __eqdf2
 .text          0x0000000008002308       0xc8 c:/st/stm32cubeide_1.5.1/stm32cubeide/plugins/com.st.stm32cube.ide.mcu.externaltools.gnu-tools-for-stm32.7-2018-q2-update.win32_1.5.0.202011040924/tools/bin/../lib/gcc/arm-none-eabi/7.3.1/thumb/v6-m\libgcc.a(gedf2.o)
                0x0000000008002308                __gedf2
                0x0000000008002308                __gtdf2
 .text          0x00000000080023d0       0xd0 c:/st/stm32cubeide_1.5.1/stm32cubeide/plugins/com.st.stm32cube.ide.mcu.externaltools.gnu-tools-for-stm32.7-2018-q2-update.win32_1.5.0.202011040924/tools/bin/../lib/gcc/arm-none-eabi/7.3.1/thumb/v6-m\libgcc.a(ledf2.o)
                0x00000000080023d0                __ledf2
                0x00000000080023d0                __ltdf2
 .text          0x00000000080024a0      0x4e4 c:/st/stm32cubeide_1.5.1/stm32cubeide/plugins/com.st.stm32cube.ide.mcu.externaltools.gnu-tools-for-stm32.7-2018-q2-update.win32_1.5.0.202011040924/tools/bin/../lib/gcc/arm-none-eabi/7.3.1/thumb/v6-m\libgcc.a(muldf3.o)
                0x00000000080024a0                __aeabi_dmul
 .text          0x0000000008002984      0x690 c:/st/stm32cubeide_1.5.1/stm32cubeide/plugins/com.st.stm32cube.ide.mcu.externaltools.gnu-tools-for-stm32.7-2018-q2-update.win32_1.5.0.202011040924/tools/bin/../lib/gcc/arm-none-eabi/7.3.1/thumb/v6-m\libgcc.a(subdf3.o)
                0x0000000008002984                __aeabi_dsub
 .text          0x0000000008003014       0x38 c:/st/stm32cubeide_1.5.1/stm32cubeide/plugins/com.st.stm32cube.ide.mcu.externaltools.gnu-tools-for-stm32.7-2018-q2-update.win32_1.5.0.202011040924/tools/bin/../lib/gcc/arm-none-eabi/7.3.1/thumb/v6-m\libgcc.a(unorddf2.o)
                0x0000000008003014                __aeabi_dcmpun
 .text          0x000000000800304c       0x6c c:/st/stm32cubeide_1.5.1/stm32cubeide/plugins/com.st.stm32cube.ide.mcu.externaltools.gnu-tools-for-stm32.7-2018-q2-update.win32_1.5.0.202011040924/tools/bin/../lib/gcc/arm-none-eabi/7.3.1/thumb/v6-m\libgcc.a(fixdfsi.o)
                0x000000000800304c                __aeabi_d2iz
 .text          0x00000000080030b8       0x74 c:/st/stm32cubeide_1.5.1/stm32cubeide/plugins/com.st.stm32cube.ide.mcu.externaltools.gnu-tools-for-stm32.7-2018-q2-update.win32_1.5.0.202011040924/tools/bin/../lib/gcc/arm-none-eabi/7.3.1/thumb/v6-m\libgcc.a(floatsidf.o)
                0x00000000080030b8                __aeabi_i2d
 .text          0x000000000800312c       0x64 c:/st/stm32cubeide_1.5.1/stm32cubeide/plugins/com.st.stm32cube.ide.mcu.externaltools.gnu-tools-for-stm32.7-2018-q2-update.win32_1.5.0.202011040924/tools/bin/../lib/gcc/arm-none-eabi/7.3.1/thumb/v6-m\libgcc.a(floatunsidf.o)
                0x000000000800312c                __aeabi_ui2d
 .text          0x0000000008003190       0xa4 c:/st/stm32cubeide_1.5.1/stm32cubeide/plugins/com.st.stm32cube.ide.mcu.externaltools.gnu-tools-for-stm32.7-2018-q2-update.win32_1.5.0.202011040924/tools/bin/../lib/gcc/arm-none-eabi/7.3.1/thumb/v6-m\libgcc.a(extendsfdf2.o)
                0x0000000008003190                __aeabi_f2d
 .text          0x0000000008003234      0x108 c:/st/stm32cubeide_1.5.1/stm32cubeide/plugins/com.st.stm32cube.ide.mcu.externaltools.gnu-tools-for-stm32.7-2018-q2-update.win32_1.5.0.202011040924/tools/bin/../lib/gcc/arm-none-eabi/7.3.1/thumb/v6-m\libgcc.a(truncdfsf2.o)
                0x0000000008003234                __aeabi_d2f
 .text          0x000000000800333c       0x3c c:/st/stm32cubeide_1.5.1/stm32cubeide/plugins/com.st.stm32cube.ide.mcu.externaltools.gnu-tools-for-stm32.7-2018-q2-update.win32_1.5.0.202011040924/tools/bin/../lib/gcc/arm-none-eabi/7.3.1/thumb/v6-m\libgcc.a(_clzsi2.o)
                0x000000000800333c                __clzsi2
 .text          0x0000000008003378       0x18 c:/st/stm32cubeide_1.5.1/stm32cubeide/plugins/com.st.stm32cube.ide.mcu.externaltools.gnu-tools-for-stm32.7-2018-q2-update.win32_1.5.0.202011040924/tools/bin/../lib/gcc/arm-none-eabi/7.3.1/thumb/v6-m\libgcc.a(_clzdi2.o)
                0x0000000008003378                __clzdi2
 .text          0x0000000008003390      0x1b0 c:/st/stm32cubeide_1.5.1/stm32cubeide/plugins/com.st.stm32cube.ide.mcu.externaltools.gnu-tools-for-stm32.7-2018-q2-update.win32_1.5.0.202011040924/tools/bin/../lib/gcc/arm-none-eabi/7.3.1/thumb/v6-m\libgcc.a(_divdi3.o)
                0x0000000008003390                __divdi3
 *(.text*)
 .text.LoadROtopology
                0x0000000008003540       0xa8 BOS\BOS.o
                0x0000000008003540                LoadROtopology
 .text.LoadEEportsDir
                0x00000000080035e8       0x48 BOS\BOS.o
                0x00000000080035e8                LoadEEportsDir
 .text.LoadEEalias
                0x0000000008003630       0x84 BOS\BOS.o
                0x0000000008003630                LoadEEalias
 .text.LoadEEgroup
                0x00000000080036b4       0xa8 BOS\BOS.o
                0x00000000080036b4                LoadEEgroup
 .text.LoadEEstreams
                0x000000000800375c      0x14c BOS\BOS.o
                0x000000000800375c                LoadEEstreams
 .text.LoadEEparams
                0x00000000080038a8      0x150 BOS\BOS.o
                0x00000000080038a8                LoadEEparams
 .text.LoadEEbuttons
                0x00000000080039f8       0xec BOS\BOS.o
                0x00000000080039f8                LoadEEbuttons
 .text.LoadROsnippets
                0x0000000008003ae4      0x10c BOS\BOS.o
                0x0000000008003ae4                LoadROsnippets
 .text.LoadEEvars
                0x0000000008003bf0       0x24 BOS\BOS.o
                0x0000000008003bf0                LoadEEvars
 .text.SaveEEportsDir
                0x0000000008003c14       0x54 BOS\BOS.o
                0x0000000008003c14                SaveEEportsDir
 .text.SaveEEalias
                0x0000000008003c68       0x84 BOS\BOS.o
                0x0000000008003c68                SaveEEalias
 .text.SaveEEstreams
                0x0000000008003cec       0x8c BOS\BOS.o
                0x0000000008003cec                SaveEEstreams
 .text.SaveEEparams
                0x0000000008003d78       0x70 BOS\BOS.o
                0x0000000008003d78                SaveEEparams
 .text.ClearEEportsDir
                0x0000000008003de8       0x60 BOS\BOS.o
                0x0000000008003de8                ClearEEportsDir
 .text.EE_FormatForFactoryReset
                0x0000000008003e48       0x24 BOS\BOS.o
                0x0000000008003e48                EE_FormatForFactoryReset
 .text.IsLowerCLIbaud
                0x0000000008003e6c       0x9c BOS\BOS.o
                0x0000000008003e6c                IsLowerCLIbaud
 .text.SetupPortForRemoteBootloaderUpdate
                0x0000000008003f08       0x2a BOS\BOS.o
                0x0000000008003f08                SetupPortForRemoteBootloaderUpdate
 *fill*         0x0000000008003f32        0x2 
 .text.IsModuleParameter
                0x0000000008003f34       0x2c BOS\BOS.o
                0x0000000008003f34                IsModuleParameter
 .text.IsMathOperator
                0x0000000008003f60       0x8c BOS\BOS.o
                0x0000000008003f60                IsMathOperator
 .text.ExploreNeighbors
                0x0000000008003fec       0x54 BOS\BOS.o
                0x0000000008003fec                ExploreNeighbors
 .text.FindBroadcastRoutes
                0x0000000008004040      0x13c BOS\BOS.o
                0x0000000008004040                FindBroadcastRoutes
 .text.minArr   0x000000000800417c       0x3c BOS\BOS.o
                0x000000000800417c                minArr
 .text.QnotEmpty
                0x00000000080041b8       0x24 BOS\BOS.o
                0x00000000080041b8                QnotEmpty
 .text.FindRoute
                0x00000000080041dc      0x1a0 BOS\BOS.o
                0x00000000080041dc                FindRoute
 .text.remoteBootloaderUpdate
                0x000000000800437c      0x104 BOS\BOS.o
                0x000000000800437c                remoteBootloaderUpdate
 .text.DisplayTopology
                0x0000000008004480      0x1a0 BOS\BOS.o
                0x0000000008004480                DisplayTopology
 .text.DisplayPortsDir
                0x0000000008004620       0xe8 BOS\BOS.o
                0x0000000008004620                DisplayPortsDir
 .text.DisplayModuleStatus
                0x0000000008004708      0x2c0 BOS\BOS.o
                0x0000000008004708                DisplayModuleStatus
 .text.GetID    0x00000000080049c8       0xc8 BOS\BOS.o
                0x00000000080049c8                GetID
 .text.NameModule
                0x0000000008004a90       0xd0 BOS\BOS.o
                0x0000000008004a90                NameModule
 .text.AddModuleToGroup
                0x0000000008004b60      0x110 BOS\BOS.o
                0x0000000008004b60                AddModuleToGroup
 .text.ReadPortsDir
                0x0000000008004c70       0xac BOS\BOS.o
                0x0000000008004c70                ReadPortsDir
 .text.UpdateMyPortsDir
                0x0000000008004d1c       0x5c BOS\BOS.o
                0x0000000008004d1c                UpdateMyPortsDir
 .text.BOS_Init
                0x0000000008004d78      0x124 BOS\BOS.o
                0x0000000008004d78                BOS_Init
 .text.Module_Init
                0x0000000008004e9c       0x18 BOS\BOS.o
                0x0000000008004e9c                Module_Init
 .text.GetDateString
                0x0000000008004eb4       0x44 BOS\BOS.o
                0x0000000008004eb4                GetDateString
 .text.Bridge   0x0000000008004ef8       0x28 BOS\BOS.o
                0x0000000008004ef8                Bridge
 .text.Unbridge
                0x0000000008004f20       0x7c BOS\BOS.o
                0x0000000008004f20                Unbridge
 .text.StringToLowerCase
                0x0000000008004f9c       0x2e BOS\BOS_CLI.o
                0x0000000008004f9c                StringToLowerCase
 *fill*         0x0000000008004fca        0x2 
 .text.ParseSnippetCondition
                0x0000000008004fcc      0x458 BOS\BOS_CLI.o
                0x0000000008004fcc                ParseSnippetCondition
 .text.AddSnippet
                0x0000000008005424       0xf4 BOS\BOS_CLI.o
                0x0000000008005424                AddSnippet
 .text.CLI_CommandParser
                0x0000000008005518      0x424 BOS\BOS_CLI.o
                0x0000000008005518                CLI_CommandParser
 .text.prvCLITask
                0x000000000800593c      0x1e0 BOS\BOS_CLI.o
                0x000000000800593c                prvCLITask
 .text.ParseSnippetCommand
                0x0000000008005b1c       0x84 BOS\BOS_CLI.o
                0x0000000008005b1c                ParseSnippetCommand
 .text.CheckSnippetCondition
                0x0000000008005ba0      0x11c BOS\BOS_CLI.o
                0x0000000008005ba0                CheckSnippetCondition
 .text.ExecuteSnippet
                0x0000000008005cbc       0x90 BOS\BOS_CLI.o
                0x0000000008005cbc                ExecuteSnippet
 .text.exploreCommand
                0x0000000008005d4c        0x4 BOS\BOS_CLIcommands.o
 .text.setBaudrateCommand
                0x0000000008005d50       0x80 BOS\BOS_CLIcommands.o
 .text.flashsizeCommand
                0x0000000008005dd0       0x20 BOS\BOS_CLIcommands.o
 .text.GetReadPrecentageCommand
                0x0000000008005df0       0x60 BOS\BOS_CLIcommands.o
 .text.ReadVrefCommand
                0x0000000008005e50       0x40 BOS\BOS_CLIcommands.o
 .text.ReadTempCommand
                0x0000000008005e90       0x40 BOS\BOS_CLIcommands.o
 .text.ADCReadCommand
                0x0000000008005ed0       0xb8 BOS\BOS_CLIcommands.o
 .text.testportCommand
                0x0000000008005f88      0x1c4 BOS\BOS_CLIcommands.o
 .text.unbridgeCommand
                0x000000000800614c       0xb4 BOS\BOS_CLIcommands.o
 .text.bridgeCommand
                0x0000000008006200       0xb4 BOS\BOS_CLIcommands.o
 .text.delSnipCommand
                0x00000000080062b4       0xd8 BOS\BOS_CLIcommands.o
 .text.pauseSnipCommand
                0x000000000800638c       0x70 BOS\BOS_CLIcommands.o
 .text.actSnipCommand
                0x00000000080063fc       0x70 BOS\BOS_CLIcommands.o
 .text.snipCommand
                0x000000000800646c      0x244 BOS\BOS_CLIcommands.o
 .text.idcodeCommand
                0x00000000080066b0       0xa8 BOS\BOS_CLIcommands.o
 .text.uuidCommand
                0x0000000008006758       0x6c BOS\BOS_CLIcommands.o
 .text.timeCommand
                0x00000000080067c4       0x94 BOS\BOS_CLIcommands.o
 .text.dateCommand
                0x0000000008006858       0x24 BOS\BOS_CLIcommands.o
 .text.getCommand
                0x000000000800687c      0x258 BOS\BOS_CLIcommands.o
 .text.defaultCommand
                0x0000000008006ad4       0xbc BOS\BOS_CLIcommands.o
 .text.setCommand
                0x0000000008006b90      0x800 BOS\BOS_CLIcommands.o
 .text.removebuttonCommand
                0x0000000008007390       0x54 BOS\BOS_CLIcommands.o
 .text.addbuttonCommand
                0x00000000080073e4       0xc8 BOS\BOS_CLIcommands.o
 .text.scastCommand
                0x00000000080074ac      0x17c BOS\BOS_CLIcommands.o
 .text.infoCommand
                0x0000000008007628       0xbc BOS\BOS_CLIcommands.o
 .text.statusCommand
                0x00000000080076e4       0x14 BOS\BOS_CLIcommands.o
 .text.groupCommand
                0x00000000080076f8      0x1b4 BOS\BOS_CLIcommands.o
 .text.nameCommand
                0x00000000080078ac       0x9c BOS\BOS_CLIcommands.o
 .text.bootloaderUpdateCommand
                0x0000000008007948      0x184 BOS\BOS_CLIcommands.o
 .text.pingCommand
                0x0000000008007acc       0x6c BOS\BOS_CLIcommands.o
 .text.prvRunTimeStatsCommand
                0x0000000008007b38       0x24 BOS\BOS_CLIcommands.o
 .text.prvTaskStatsCommand
                0x0000000008007b5c       0x24 BOS\BOS_CLIcommands.o
 .text.resetCommand
                0x0000000008007b80       0x24 BOS\BOS_CLIcommands.o
 .text.RegisterUserCLICommands
                0x0000000008007ba4        0x2 BOS\BOS_CLIcommands.o
                0x0000000008007ba4                RegisterUserCLICommands
 *fill*         0x0000000008007ba6        0x2 
 .text.vRegisterCLICommands
                0x0000000008007ba8      0x160 BOS\BOS_CLIcommands.o
                0x0000000008007ba8                vRegisterCLICommands
 .text.StopMsgDMA
                0x0000000008007d08       0x24 BOS\BOS_dma.o
                0x0000000008007d08                StopMsgDMA
 .text.StopStreamDMA
                0x0000000008007d2c       0x34 BOS\BOS_dma.o
                0x0000000008007d2c                StopStreamDMA
 .text.SwitchMsgDMAToStream
                0x0000000008007d60       0x28 BOS\BOS_dma.o
                0x0000000008007d60                SwitchMsgDMAToStream
 .text.SwitchStreamDMAToMsg
                0x0000000008007d88       0x64 BOS\BOS_dma.o
                0x0000000008007d88                SwitchStreamDMAToMsg
 .text.StartDMAstream
                0x0000000008007dec       0x50 BOS\BOS_dma.o
                0x0000000008007dec                StartDMAstream
 .text.DMA_IRQHandler
                0x0000000008007e3c       0x64 BOS\BOS_dma.o
                0x0000000008007e3c                DMA_IRQHandler
 .text.ResetUartORE
                0x0000000008007ea0       0x38 BOS\BOS_dma.o
                0x0000000008007ea0                ResetUartORE
 .text.EE_VerifyPageFullWriteVariable
                0x0000000008007ed8       0xd8 BOS\BOS_eeprom.o
 .text.EE_ReadVariable
                0x0000000008007fb0       0x60 BOS\BOS_eeprom.o
                0x0000000008007fb0                EE_ReadVariable
 .text.EE_WriteVariable
                0x0000000008008010      0x150 BOS\BOS_eeprom.o
                0x0000000008008010                EE_WriteVariable
 .text.EE_Format
                0x0000000008008160       0xc8 BOS\BOS_eeprom.o
                0x0000000008008160                EE_Format
 .text.EE_Init  0x0000000008008228      0x394 BOS\BOS_eeprom.o
                0x0000000008008228                EE_Init
 .text.StartDefaultTask
                0x00000000080085bc       0xc4 BOS\BOS_freertos.o
                0x00000000080085bc                StartDefaultTask
 .text.MX_FREERTOS_Init
                0x0000000008008680      0x1f4 BOS\BOS_freertos.o
                0x0000000008008680                MX_FREERTOS_Init
 .text.vMainConfigureTimerForRunTimeStats
                0x0000000008008874       0x20 BOS\BOS_freertos.o
                0x0000000008008874                vMainConfigureTimerForRunTimeStats
 .text.ulMainGetRunTimeCounterValue
                0x0000000008008894       0x50 BOS\BOS_freertos.o
                0x0000000008008894                ulMainGetRunTimeCounterValue
 .text.buttonPressedCallback
                0x00000000080088e4        0x2 BOS\BOS_inputs.o
                0x00000000080088e4                buttonPressedCallback
 *fill*         0x00000000080088e6        0x2 
 .text.CheckForTimedButtonPress
                0x00000000080088e8       0x7c BOS\BOS_inputs.o
                0x00000000080088e8                CheckForTimedButtonPress
 .text.CheckForTimedButtonRelease
                0x0000000008008964       0x7c BOS\BOS_inputs.o
                0x0000000008008964                CheckForTimedButtonRelease
 .text.AddPortButton
                0x00000000080089e0      0x124 BOS\BOS_inputs.o
                0x00000000080089e0                AddPortButton
 .text.RemovePortButton
                0x0000000008008b04      0x110 BOS\BOS_inputs.o
                0x0000000008008b04                RemovePortButton
 .text.SetButtonEvents
                0x0000000008008c14      0x2b4 BOS\BOS_inputs.o
                0x0000000008008c14                SetButtonEvents
 .text.HAL_ADC_MspInit
                0x0000000008008ec8       0x60 BOS\BOS_inputs.o
                0x0000000008008ec8                HAL_ADC_MspInit
 .text.Get_channel
                0x0000000008008f28       0x48 BOS\BOS_inputs.o
                0x0000000008008f28                Get_channel
 .text.Error_Handler
                0x0000000008008f70        0xa BOS\BOS_inputs.o
                0x0000000008008f70                Error_Handler
 *fill*         0x0000000008008f7a        0x2 
 .text.MX_ADC_Init
                0x0000000008008f7c       0x54 BOS\BOS_inputs.o
                0x0000000008008f7c                MX_ADC_Init
 .text.ReadTempAndVref
                0x0000000008008fd0      0x17c BOS\BOS_inputs.o
                0x0000000008008fd0                ReadTempAndVref
 .text.GetReadPrecentage
                0x000000000800914c      0x140 BOS\BOS_inputs.o
                0x000000000800914c                GetReadPrecentage
 .text.Get_Rank
                0x000000000800928c       0x54 BOS\BOS_inputs.o
                0x000000000800928c                Get_Rank
 .text.ADCSelectChannel
                0x00000000080092e0       0x5c BOS\BOS_inputs.o
                0x00000000080092e0                ADCSelectChannel
 .text.ReadADCChannel
                0x000000000800933c       0xc0 BOS\BOS_inputs.o
                0x000000000800933c                ReadADCChannel
 .text.buttonReleasedCallback
                0x00000000080093fc        0x2 BOS\BOS_inputs.o
                0x00000000080093fc                buttonReleasedCallback
 .text.buttonClickedCallback
                0x00000000080093fe        0x2 BOS\BOS_inputs.o
                0x00000000080093fe                buttonClickedCallback
 .text.buttonDblClickedCallback
                0x0000000008009400        0x2 BOS\BOS_inputs.o
                0x0000000008009400                buttonDblClickedCallback
 .text.buttonPressedForXCallback
                0x0000000008009402        0x2 BOS\BOS_inputs.o
                0x0000000008009402                buttonPressedForXCallback
 .text.buttonReleasedForYCallback
                0x0000000008009404        0x2 BOS\BOS_inputs.o
                0x0000000008009404                buttonReleasedForYCallback
 *fill*         0x0000000008009406        0x2 
 .text.CheckAttachedButtons
                0x0000000008009408      0x444 BOS\BOS_inputs.o
                0x0000000008009408                CheckAttachedButtons
 .text.StreamTimerCallback
                0x000000000800984c       0x16 BOS\BOS_messaging.o
                0x000000000800984c                StreamTimerCallback
 *fill*         0x0000000008009862        0x2 
 .text.SetupDMAStreams
                0x0000000008009864      0x1b8 BOS\BOS_messaging.o
                0x0000000008009864                SetupDMAStreams
 .text.NotifyMessagingTask
                0x0000000008009a1c       0x8c BOS\BOS_messaging.o
                0x0000000008009a1c                NotifyMessagingTask
 .text.SendMessageFromPort
                0x0000000008009aa8      0x380 BOS\BOS_messaging.o
                0x0000000008009aa8                SendMessageFromPort
 .text.ForwardReceivedMessage
                0x0000000008009e28       0x40 BOS\BOS_messaging.o
                0x0000000008009e28                ForwardReceivedMessage
 .text.BroadcastReceivedMessage
                0x0000000008009e68       0x40 BOS\BOS_messaging.o
                0x0000000008009e68                BroadcastReceivedMessage
 .text.BroadcastMessage
                0x0000000008009ea8       0x50 BOS\BOS_messaging.o
                0x0000000008009ea8                BroadcastMessage
 .text.SendMessageToModule
                0x0000000008009ef8       0x4c BOS\BOS_messaging.o
                0x0000000008009ef8                SendMessageToModule
 .text.StartScastDMAStream
                0x0000000008009f44      0x19c BOS\BOS_messaging.o
                0x0000000008009f44                StartScastDMAStream
 .text.BackEndTask
                0x000000000800a0e0      0x39c BOS\BOS_msgparser.o
                0x000000000800a0e0                BackEndTask
 .text.User_MessagingParser
                0x000000000800a47c        0x4 BOS\BOS_msgparser.o
                0x000000000800a47c                User_MessagingParser
 .text.PxMessagingTask
                0x000000000800a480     0x1720 BOS\BOS_msgparser.o
                0x000000000800a480                PxMessagingTask
 .text.LSM303SampleMagRaw
                0x000000000800bba0       0x40 H0BR4\H0BR4.o
 .text.LSM303SampleMagMGauss
                0x000000000800bbe0       0x6c H0BR4\H0BR4.o
 .text.SampleMagMGaussToString
                0x000000000800bc4c       0x40 H0BR4\H0BR4.o
                0x000000000800bc4c                SampleMagMGaussToString
 .text.SampleMagMGaussToBuf
                0x000000000800bc8c       0x30 H0BR4\H0BR4.o
                0x000000000800bc8c                SampleMagMGaussToBuf
 .text.SampleMagMGaussToPort
                0x000000000800bcbc       0xac H0BR4\H0BR4.o
                0x000000000800bcbc                SampleMagMGaussToPort
 .text.LSM6DS3SampleTempCelsius
                0x000000000800bd68       0x48 H0BR4\H0BR4.o
 .text.SampleTempCToString
                0x000000000800bdb0       0x34 H0BR4\H0BR4.o
                0x000000000800bdb0                SampleTempCToString
 .text.SampleTempCToPort
                0x000000000800bde4       0x70 H0BR4\H0BR4.o
                0x000000000800bde4                SampleTempCToPort
 .text.StreamMemsToPort
                0x000000000800be54       0x8c H0BR4\H0BR4.o
 .text.StreamMemsToCLI
                0x000000000800bee0      0x12c H0BR4\H0BR4.o
 .text.StopStreamCommand
                0x000000000800c00c       0x20 H0BR4\H0BR4.o
 .text.SystemClock_Config
                0x000000000800c02c       0xb0 H0BR4\H0BR4.o
                0x000000000800c02c                SystemClock_Config
 .text.Module_Peripheral_Init
                0x000000000800c0dc      0x144 H0BR4\H0BR4.o
                0x000000000800c0dc                Module_Peripheral_Init
 .text.RegisterModuleCLICommands
                0x000000000800c220       0x24 H0BR4\H0BR4.o
                0x000000000800c220                RegisterModuleCLICommands
 .text.ExecuteMonitor
                0x000000000800c244        0x2 H0BR4\H0BR4.o
                0x000000000800c244                ExecuteMonitor
 *fill*         0x000000000800c246        0x2 
 .text.GetPort  0x000000000800c248       0x60 H0BR4\H0BR4.o
                0x000000000800c248                GetPort
 .text.SampleGyroDPS
                0x000000000800c2a8       0x64 H0BR4\H0BR4.o
                0x000000000800c2a8                SampleGyroDPS
 .text.SampleGyroDPSToString
                0x000000000800c30c       0x54 H0BR4\H0BR4.o
                0x000000000800c30c                SampleGyroDPSToString
 .text.SampleGyroDPSToBuf
                0x000000000800c360        0xe H0BR4\H0BR4.o
                0x000000000800c360                SampleGyroDPSToBuf
 *fill*         0x000000000800c36e        0x2 
 .text.SampleGyroDPSToPort
                0x000000000800c370       0xac H0BR4\H0BR4.o
                0x000000000800c370                SampleGyroDPSToPort
 .text.SampleAccG
                0x000000000800c41c       0x64 H0BR4\H0BR4.o
                0x000000000800c41c                SampleAccG
 .text.SampleAccGToString
                0x000000000800c480       0x54 H0BR4\H0BR4.o
                0x000000000800c480                SampleAccGToString
 .text.SampleSensorCommand
                0x000000000800c4d4       0xc8 H0BR4\H0BR4.o
 .text.SampleAccGToBuf
                0x000000000800c59c        0xe H0BR4\H0BR4.o
                0x000000000800c59c                SampleAccGToBuf
 *fill*         0x000000000800c5aa        0x2 
 .text.SampleAccGToPort
                0x000000000800c5ac       0xac H0BR4\H0BR4.o
                0x000000000800c5ac                SampleAccGToPort
 .text.StreamGyroDPSToPort
                0x000000000800c658       0x14 H0BR4\H0BR4.o
                0x000000000800c658                StreamGyroDPSToPort
 .text.StreamGyroDPSToCLI
                0x000000000800c66c       0x10 H0BR4\H0BR4.o
                0x000000000800c66c                StreamGyroDPSToCLI
 .text.StreamAccGToPort
                0x000000000800c67c       0x14 H0BR4\H0BR4.o
                0x000000000800c67c                StreamAccGToPort
 .text.StreamAccGToCLI
                0x000000000800c690       0x10 H0BR4\H0BR4.o
                0x000000000800c690                StreamAccGToCLI
 .text.StreamMagMGaussToPort
                0x000000000800c6a0       0x14 H0BR4\H0BR4.o
                0x000000000800c6a0                StreamMagMGaussToPort
 .text.StreamMagMGaussToCLI
                0x000000000800c6b4       0x10 H0BR4\H0BR4.o
                0x000000000800c6b4                StreamMagMGaussToCLI
 .text.StreamTempCToPort
                0x000000000800c6c4       0x14 H0BR4\H0BR4.o
                0x000000000800c6c4                StreamTempCToPort
 .text.Module_MessagingTask
                0x000000000800c6d8      0x204 H0BR4\H0BR4.o
                0x000000000800c6d8                Module_MessagingTask
 .text.StreamTempCToCLI
                0x000000000800c8dc       0x10 H0BR4\H0BR4.o
                0x000000000800c8dc                StreamTempCToCLI
 .text.StreamSensorCommand
                0x000000000800c8ec      0x1b8 H0BR4\H0BR4.o
 .text.SaveToRO
                0x000000000800caa4      0x210 H0BR4\H0BR4.o
                0x000000000800caa4                SaveToRO
 .text.ClearROtopology
                0x000000000800ccb4       0x2c H0BR4\H0BR4.o
                0x000000000800ccb4                ClearROtopology
 .text.DMA_MSG_RX_CH_Init
                0x000000000800cce0       0x22 H0BR4\H0BR4_dma.o
                0x000000000800cce0                DMA_MSG_RX_CH_Init
 .text.DMA_MSG_TX_CH_Init
                0x000000000800cd02       0x22 H0BR4\H0BR4_dma.o
                0x000000000800cd02                DMA_MSG_TX_CH_Init
 .text.DMA_Init
                0x000000000800cd24       0xb8 H0BR4\H0BR4_dma.o
                0x000000000800cd24                DMA_Init
 .text.DMA_STREAM_CH_Init
                0x000000000800cddc       0x20 H0BR4\H0BR4_dma.o
                0x000000000800cddc                DMA_STREAM_CH_Init
 .text.SetupDMAInterrupts
                0x000000000800cdfc       0xb8 H0BR4\H0BR4_dma.o
                0x000000000800cdfc                SetupDMAInterrupts
 .text.UnSetupDMAInterrupts
                0x000000000800ceb4       0xa0 H0BR4\H0BR4_dma.o
                0x000000000800ceb4                UnSetupDMAInterrupts
 .text.DMA_MSG_TX_UnSetup
                0x000000000800cf54       0x14 H0BR4\H0BR4_dma.o
                0x000000000800cf54                DMA_MSG_TX_UnSetup
 .text.RemapAndLinkDMAtoUARTRx
                0x000000000800cf68      0x65c H0BR4\H0BR4_dma.o
                0x000000000800cf68                RemapAndLinkDMAtoUARTRx
 .text.DMA_MSG_RX_Setup
                0x000000000800d5c4       0x30 H0BR4\H0BR4_dma.o
                0x000000000800d5c4                DMA_MSG_RX_Setup
 .text.SetupMessagingRxDMAs
                0x000000000800d5f4       0xa4 H0BR4\H0BR4_dma.o
                0x000000000800d5f4                SetupMessagingRxDMAs
 .text.DMA_STREAM_Setup
                0x000000000800d698       0x40 H0BR4\H0BR4_dma.o
                0x000000000800d698                DMA_STREAM_Setup
 .text.RemapAndLinkDMAtoUARTTx
                0x000000000800d6d8      0x65c H0BR4\H0BR4_dma.o
                0x000000000800d6d8                RemapAndLinkDMAtoUARTTx
 .text.DMA_MSG_TX_Setup
                0x000000000800dd34       0x44 H0BR4\H0BR4_dma.o
                0x000000000800dd34                DMA_MSG_TX_Setup
 .text.CRC_Init
                0x000000000800dd78       0x28 H0BR4\H0BR4_dma.o
                0x000000000800dd78                CRC_Init
 .text.HAL_CRC_MspInit
                0x000000000800dda0       0x1c H0BR4\H0BR4_dma.o
                0x000000000800dda0                HAL_CRC_MspInit
 .text.CalculateCRC8
                0x000000000800ddbc       0x40 H0BR4\H0BR4_dma.o
                0x000000000800ddbc                CalculateCRC8
 .text.IND_LED_Init
                0x000000000800ddfc       0x24 H0BR4\H0BR4_gpio.o
                0x000000000800ddfc                IND_LED_Init
 .text.MEMS_GPIO_Init
                0x000000000800de20       0x64 H0BR4\H0BR4_gpio.o
                0x000000000800de20                MEMS_GPIO_Init
 .text.GPIO_Init
                0x000000000800de84       0x70 H0BR4\H0BR4_gpio.o
                0x000000000800de84                GPIO_Init
 .text.GetPortGPIOs
                0x000000000800def4       0xd8 H0BR4\H0BR4_gpio.o
                0x000000000800def4                GetPortGPIOs
 .text.IsFactoryReset
                0x000000000800dfcc       0xf4 H0BR4\H0BR4_gpio.o
                0x000000000800dfcc                IsFactoryReset
 .text.MX_I2C2_Init
                0x000000000800e0c0       0x44 H0BR4\H0BR4_i2c.o
                0x000000000800e0c0                MX_I2C2_Init
 .text.MX_I2C_Init
                0x000000000800e104       0x6c H0BR4\H0BR4_i2c.o
                0x000000000800e104                MX_I2C_Init
 .text.LSM6DS3_I2C_Write
                0x000000000800e170       0x22 H0BR4\H0BR4_i2c.o
                0x000000000800e170                LSM6DS3_I2C_Write
 .text.LSM6DS3_I2C_Read
                0x000000000800e192       0x22 H0BR4\H0BR4_i2c.o
                0x000000000800e192                LSM6DS3_I2C_Read
 .text.LSM303AGR_MAG_I2C_Write
                0x000000000800e1b4       0x22 H0BR4\H0BR4_i2c.o
                0x000000000800e1b4                LSM303AGR_MAG_I2C_Write
 .text.LSM303AGR_MAG_I2C_Read
                0x000000000800e1d6       0x22 H0BR4\H0BR4_i2c.o
                0x000000000800e1d6                LSM303AGR_MAG_I2C_Read
 .text.SysTick_Handler
                0x000000000800e1f8        0xc H0BR4\H0BR4_it.o
                0x000000000800e1f8                SysTick_Handler
 .text.HardFault_Handler
                0x000000000800e204        0x2 H0BR4\H0BR4_it.o
                0x000000000800e204                HardFault_Handler
 *fill*         0x000000000800e206        0x2 
 .text.USART1_IRQHandler
                0x000000000800e208       0x10 H0BR4\H0BR4_it.o
                0x000000000800e208                USART1_IRQHandler
 .text.USART2_IRQHandler
                0x000000000800e218       0x10 H0BR4\H0BR4_it.o
                0x000000000800e218                USART2_IRQHandler
 .text.USART3_8_IRQHandler
                0x000000000800e228       0x2c H0BR4\H0BR4_it.o
                0x000000000800e228                USART3_8_IRQHandler
 .text.DMA1_Ch1_IRQHandler
                0x000000000800e254        0xa H0BR4\H0BR4_it.o
                0x000000000800e254                DMA1_Ch1_IRQHandler
 *fill*         0x000000000800e25e        0x2 
 .text.DMA1_Ch2_3_DMA2_Ch1_2_IRQHandler
                0x000000000800e260       0x40 H0BR4\H0BR4_it.o
                0x000000000800e260                DMA1_Ch2_3_DMA2_Ch1_2_IRQHandler
 .text.DMA1_Ch4_7_DMA2_Ch3_5_IRQHandler
                0x000000000800e2a0       0x64 H0BR4\H0BR4_it.o
                0x000000000800e2a0                DMA1_Ch4_7_DMA2_Ch3_5_IRQHandler
 .text.HAL_UART_TxCpltCallback
                0x000000000800e304       0x30 H0BR4\H0BR4_it.o
                0x000000000800e304                HAL_UART_TxCpltCallback
 .text.HAL_UART_ErrorCallback
                0x000000000800e334       0x4c H0BR4\H0BR4_it.o
                0x000000000800e334                HAL_UART_ErrorCallback
 .text.HAL_UART_RxCpltCallback
                0x000000000800e380       0x68 H0BR4\H0BR4_it.o
                0x000000000800e380                HAL_UART_RxCpltCallback
 .text.vApplicationStackOverflowHook
                0x000000000800e3e8        0x4 H0BR4\H0BR4_it.o
                0x000000000800e3e8                vApplicationStackOverflowHook
 .text.vApplicationMallocFailedHook
                0x000000000800e3ec        0x4 H0BR4\H0BR4_it.o
                0x000000000800e3ec                vApplicationMallocFailedHook
 .text.RTC_CalendarConfig
                0x000000000800e3f0       0xf4 H0BR4\H0BR4_rtc.o
                0x000000000800e3f0                RTC_CalendarConfig
 .text.RTC_Init
                0x000000000800e4e4       0x8c H0BR4\H0BR4_rtc.o
                0x000000000800e4e4                RTC_Init
 .text.BOS_CalendarConfig
                0x000000000800e570       0xb4 H0BR4\H0BR4_rtc.o
                0x000000000800e570                BOS_CalendarConfig
 .text.GetTimeDate
                0x000000000800e624       0x68 H0BR4\H0BR4_rtc.o
                0x000000000800e624                GetTimeDate
 .text.TIM_USEC_Init
                0x000000000800e68c       0x64 H0BR4\H0BR4_timers.o
                0x000000000800e68c                TIM_USEC_Init
 .text.TIM_MSEC_Init
                0x000000000800e6f0       0x60 H0BR4\H0BR4_timers.o
                0x000000000800e6f0                TIM_MSEC_Init
 .text.StartMicroDelay
                0x000000000800e750       0x24 H0BR4\H0BR4_timers.o
                0x000000000800e750                StartMicroDelay
 .text.StartMilliDelay
                0x000000000800e774       0x24 H0BR4\H0BR4_timers.o
                0x000000000800e774                StartMilliDelay
 .text.MX_USART1_UART_Init
                0x000000000800e798       0x30 H0BR4\H0BR4_uart.o
                0x000000000800e798                MX_USART1_UART_Init
 .text.MX_USART2_UART_Init
                0x000000000800e7c8       0x30 H0BR4\H0BR4_uart.o
                0x000000000800e7c8                MX_USART2_UART_Init
 .text.MX_USART3_UART_Init
                0x000000000800e7f8       0x30 H0BR4\H0BR4_uart.o
                0x000000000800e7f8                MX_USART3_UART_Init
 .text.MX_USART4_UART_Init
                0x000000000800e828       0x30 H0BR4\H0BR4_uart.o
                0x000000000800e828                MX_USART4_UART_Init
 .text.MX_USART5_UART_Init
                0x000000000800e858       0x30 H0BR4\H0BR4_uart.o
                0x000000000800e858                MX_USART5_UART_Init
 .text.MX_USART6_UART_Init
                0x000000000800e888       0x30 H0BR4\H0BR4_uart.o
                0x000000000800e888                MX_USART6_UART_Init
 .text.HAL_UART_MspInit
                0x000000000800e8b8      0x270 H0BR4\H0BR4_uart.o
                0x000000000800e8b8                HAL_UART_MspInit
 .text.GetUart  0x000000000800eb28       0x44 H0BR4\H0BR4_uart.o
                0x000000000800eb28                GetUart
 .text.writePxMutex
                0x000000000800eb6c       0x50 H0BR4\H0BR4_uart.o
                0x000000000800eb6c                writePxMutex
 .text.writePxITMutex
                0x000000000800ebbc       0x44 H0BR4\H0BR4_uart.o
                0x000000000800ebbc                writePxITMutex
 .text.writePxDMAMutex
                0x000000000800ec00       0x48 H0BR4\H0BR4_uart.o
                0x000000000800ec00                writePxDMAMutex
 .text.UpdateBaudrate
                0x000000000800ec48       0x12 H0BR4\H0BR4_uart.o
                0x000000000800ec48                UpdateBaudrate
 *fill*         0x000000000800ec5a        0x2 
 .text.SwapUartPins
                0x000000000800ec5c       0x70 H0BR4\H0BR4_uart.o
                0x000000000800ec5c                SwapUartPins
 .text.Reset_Handler
                0x000000000800eccc       0x8c H0BR4\startup_stm32f091xc.o
                0x000000000800eccc                Reset_Handler
 .text.Default_Handler
                0x000000000800ed58        0x2 H0BR4\startup_stm32f091xc.o
                0x000000000800ed58                TIM1_CC_IRQHandler
                0x000000000800ed58                TSC_IRQHandler
                0x000000000800ed58                ADC1_COMP_IRQHandler
                0x000000000800ed58                NMI_Handler
                0x000000000800ed58                I2C1_IRQHandler
                0x000000000800ed58                RCC_CRS_IRQHandler
                0x000000000800ed58                SPI1_IRQHandler
                0x000000000800ed58                TIM6_DAC_IRQHandler
                0x000000000800ed58                EXTI2_3_IRQHandler
                0x000000000800ed58                I2C2_IRQHandler
                0x000000000800ed58                TIM17_IRQHandler
                0x000000000800ed58                CEC_CAN_IRQHandler
                0x000000000800ed58                RTC_IRQHandler
                0x000000000800ed58                PVD_VDDIO2_IRQHandler
                0x000000000800ed58                TIM16_IRQHandler
                0x000000000800ed58                TIM3_IRQHandler
                0x000000000800ed58                EXTI4_15_IRQHandler
                0x000000000800ed58                Default_Handler
                0x000000000800ed58                TIM14_IRQHandler
                0x000000000800ed58                TIM7_IRQHandler
                0x000000000800ed58                TIM15_IRQHandler
                0x000000000800ed58                EXTI0_1_IRQHandler
                0x000000000800ed58                SPI2_IRQHandler
                0x000000000800ed58                WWDG_IRQHandler
                0x000000000800ed58                TIM2_IRQHandler
                0x000000000800ed58                FLASH_IRQHandler
                0x000000000800ed58                TIM1_BRK_UP_TRG_COM_IRQHandler
 *fill*         0x000000000800ed5a        0x2 
 .text.SystemInit
                0x000000000800ed5c       0x60 Thirdparty\CMSIS\Device\ST\STM32F0xx\Source\Templates\system_stm32f0xx.o
                0x000000000800ed5c                SystemInit
 .text.LSM303AGR_MAG_WriteReg
                0x000000000800edbc        0xe Thirdparty\LSM303AGR\src\LSM303AGR_MAG.o
                0x000000000800edbc                LSM303AGR_MAG_WriteReg
 .text.LSM303AGR_MAG_ReadReg
                0x000000000800edca        0xe Thirdparty\LSM303AGR\src\LSM303AGR_MAG.o
                0x000000000800edca                LSM303AGR_MAG_ReadReg
 .text.LSM303AGR_MAG_R_WHO_AM_I
                0x000000000800edd8       0x14 Thirdparty\LSM303AGR\src\LSM303AGR_MAG.o
                0x000000000800edd8                LSM303AGR_MAG_R_WHO_AM_I
 .text.LSM303AGR_MAG_W_BDU
                0x000000000800edec       0x3c Thirdparty\LSM303AGR\src\LSM303AGR_MAG.o
                0x000000000800edec                LSM303AGR_MAG_W_BDU
 .text.LSM303AGR_MAG_W_MD
                0x000000000800ee28       0x3c Thirdparty\LSM303AGR\src\LSM303AGR_MAG.o
                0x000000000800ee28                LSM303AGR_MAG_W_MD
 .text.LSM303AGR_MAG_Get_Raw_Magnetic
                0x000000000800ee64       0x14 Thirdparty\LSM303AGR\src\LSM303AGR_MAG.o
                0x000000000800ee64                LSM303AGR_MAG_Get_Raw_Magnetic
 .text.LSM303AGR_MAG_W_ODR
                0x000000000800ee78       0x3c Thirdparty\LSM303AGR\src\LSM303AGR_MAG.o
                0x000000000800ee78                LSM303AGR_MAG_W_ODR
 .text.LSM303AGR_MAG_W_ST
                0x000000000800eeb4       0x3c Thirdparty\LSM303AGR\src\LSM303AGR_MAG.o
                0x000000000800eeb4                LSM303AGR_MAG_W_ST
 .text.LSM6DS3_ACC_GYRO_WriteReg
                0x000000000800eef0        0xe Thirdparty\LSM6DS3\src\LSM6DS3.o
                0x000000000800eef0                LSM6DS3_ACC_GYRO_WriteReg
 .text.LSM6DS3_ACC_GYRO_ReadReg
                0x000000000800eefe        0xe Thirdparty\LSM6DS3\src\LSM6DS3.o
                0x000000000800eefe                LSM6DS3_ACC_GYRO_ReadReg
 .text.LSM6DS3_ACC_GYRO_R_WHO_AM_I
                0x000000000800ef0c       0x14 Thirdparty\LSM6DS3\src\LSM6DS3.o
                0x000000000800ef0c                LSM6DS3_ACC_GYRO_R_WHO_AM_I
 .text.LSM6DS3_ACC_GYRO_W_FS_XL
                0x000000000800ef20       0x3c Thirdparty\LSM6DS3\src\LSM6DS3.o
                0x000000000800ef20                LSM6DS3_ACC_GYRO_W_FS_XL
 .text.LSM6DS3_ACC_GYRO_R_FS_XL
                0x000000000800ef5c       0x1e Thirdparty\LSM6DS3\src\LSM6DS3.o
                0x000000000800ef5c                LSM6DS3_ACC_GYRO_R_FS_XL
 .text.LSM6DS3_ACC_GYRO_GetRawAccData
                0x000000000800ef7a       0x38 Thirdparty\LSM6DS3\src\LSM6DS3.o
                0x000000000800ef7a                LSM6DS3_ACC_GYRO_GetRawAccData
 .text.LSM6DS3_ACC_GYRO_W_ODR_XL
                0x000000000800efb2       0x3c Thirdparty\LSM6DS3\src\LSM6DS3.o
                0x000000000800efb2                LSM6DS3_ACC_GYRO_W_ODR_XL
 .text.LSM6DS3_ACC_GYRO_W_FS_G
                0x000000000800efee       0x3c Thirdparty\LSM6DS3\src\LSM6DS3.o
                0x000000000800efee                LSM6DS3_ACC_GYRO_W_FS_G
 .text.LSM6DS3_ACC_GYRO_R_FS_G
                0x000000000800f02a       0x1e Thirdparty\LSM6DS3\src\LSM6DS3.o
                0x000000000800f02a                LSM6DS3_ACC_GYRO_R_FS_G
 .text.LSM6DS3_ACC_GYRO_W_ODR_G
                0x000000000800f048       0x3c Thirdparty\LSM6DS3\src\LSM6DS3.o
                0x000000000800f048                LSM6DS3_ACC_GYRO_W_ODR_G
 .text.LSM6DS3_ACC_GYRO_GetRawGyroData
                0x000000000800f084       0x38 Thirdparty\LSM6DS3\src\LSM6DS3.o
                0x000000000800f084                LSM6DS3_ACC_GYRO_GetRawGyroData
 .text.LSM6DS3_ACC_GYRO_W_BW_XL
                0x000000000800f0bc       0x3c Thirdparty\LSM6DS3\src\LSM6DS3.o
                0x000000000800f0bc                LSM6DS3_ACC_GYRO_W_BW_XL
 .text.LSM6DS3_ACC_GYRO_R_FS_125
                0x000000000800f0f8       0x1e Thirdparty\LSM6DS3\src\LSM6DS3.o
                0x000000000800f0f8                LSM6DS3_ACC_GYRO_R_FS_125
 .text.LSM6DS3_ACC_GYRO_W_FIFO_MODE
                0x000000000800f116       0x3c Thirdparty\LSM6DS3\src\LSM6DS3.o
                0x000000000800f116                LSM6DS3_ACC_GYRO_W_FIFO_MODE
 .text.LSM6DS3_ACC_GYRO_W_IF_Addr_Incr
                0x000000000800f152       0x3c Thirdparty\LSM6DS3\src\LSM6DS3.o
                0x000000000800f152                LSM6DS3_ACC_GYRO_W_IF_Addr_Incr
 .text.LSM6DS3_ACC_GYRO_W_BW_Fixed_By_ODR
                0x000000000800f18e       0x3c Thirdparty\LSM6DS3\src\LSM6DS3.o
                0x000000000800f18e                LSM6DS3_ACC_GYRO_W_BW_Fixed_By_ODR
 .text.LSM6DS3_ACC_GYRO_W_XEN_XL
                0x000000000800f1ca       0x3c Thirdparty\LSM6DS3\src\LSM6DS3.o
                0x000000000800f1ca                LSM6DS3_ACC_GYRO_W_XEN_XL
 .text.LSM6DS3_ACC_GYRO_W_YEN_XL
                0x000000000800f206       0x3c Thirdparty\LSM6DS3\src\LSM6DS3.o
                0x000000000800f206                LSM6DS3_ACC_GYRO_W_YEN_XL
 .text.LSM6DS3_ACC_GYRO_W_ZEN_XL
                0x000000000800f242       0x3c Thirdparty\LSM6DS3\src\LSM6DS3.o
                0x000000000800f242                LSM6DS3_ACC_GYRO_W_ZEN_XL
 .text.LSM6DS3_ACC_GYRO_W_XEN_G
                0x000000000800f27e       0x3c Thirdparty\LSM6DS3\src\LSM6DS3.o
                0x000000000800f27e                LSM6DS3_ACC_GYRO_W_XEN_G
 .text.LSM6DS3_ACC_GYRO_W_YEN_G
                0x000000000800f2ba       0x3c Thirdparty\LSM6DS3\src\LSM6DS3.o
                0x000000000800f2ba                LSM6DS3_ACC_GYRO_W_YEN_G
 .text.LSM6DS3_ACC_GYRO_W_ZEN_G
                0x000000000800f2f6       0x3c Thirdparty\LSM6DS3\src\LSM6DS3.o
                0x000000000800f2f6                LSM6DS3_ACC_GYRO_W_ZEN_G
 .text.LSM6DS3_ACC_GYRO_Get_GetFIFOData
                0x000000000800f332       0x28 Thirdparty\LSM6DS3\src\LSM6DS3.o
                0x000000000800f332                LSM6DS3_ACC_GYRO_Get_GetFIFOData
 .text.LSM6DS3_ACC_Get_Acceleration
                0x000000000800f35a       0xee Thirdparty\LSM6DS3\src\LSM6DS3.o
                0x000000000800f35a                LSM6DS3_ACC_Get_Acceleration
 .text.LSM6DS3_ACC_Get_AngularRate
                0x000000000800f448      0x124 Thirdparty\LSM6DS3\src\LSM6DS3.o
                0x000000000800f448                LSM6DS3_ACC_Get_AngularRate
 .text.osKernelStart
                0x000000000800f56c        0xa Thirdparty\Middleware\FreeRTOS\Source\CMSIS_RTOS\cmsis_os.o
                0x000000000800f56c                osKernelStart
 .text.osDelay  0x000000000800f576       0x10 Thirdparty\Middleware\FreeRTOS\Source\CMSIS_RTOS\cmsis_os.o
                0x000000000800f576                osDelay
 .text.osSemaphoreCreate
                0x000000000800f586       0x2c Thirdparty\Middleware\FreeRTOS\Source\CMSIS_RTOS\cmsis_os.o
                0x000000000800f586                osSemaphoreCreate
 *fill*         0x000000000800f5b2        0x2 
 .text.osSemaphoreWait
                0x000000000800f5b4       0x58 Thirdparty\Middleware\FreeRTOS\Source\CMSIS_RTOS\cmsis_os.o
                0x000000000800f5b4                osSemaphoreWait
 .text.osSemaphoreRelease
                0x000000000800f60c       0x50 Thirdparty\Middleware\FreeRTOS\Source\CMSIS_RTOS\cmsis_os.o
                0x000000000800f60c                osSemaphoreRelease
 .text.osSystickHandler
                0x000000000800f65c       0x10 Thirdparty\Middleware\FreeRTOS\Source\CMSIS_RTOS\cmsis_os.o
                0x000000000800f65c                osSystickHandler
 .text.FreeRTOS_CLIRegisterCommand
                0x000000000800f66c       0x38 Thirdparty\Middleware\FreeRTOS\Source\FreeRTOS_CLI.o
                0x000000000800f66c                FreeRTOS_CLIRegisterCommand
 .text.FreeRTOS_CLIProcessCommand
                0x000000000800f6a4       0xfc Thirdparty\Middleware\FreeRTOS\Source\FreeRTOS_CLI.o
                0x000000000800f6a4                FreeRTOS_CLIProcessCommand
 .text.FreeRTOS_CLIGetOutputBuffer
                0x000000000800f7a0        0x8 Thirdparty\Middleware\FreeRTOS\Source\FreeRTOS_CLI.o
                0x000000000800f7a0                FreeRTOS_CLIGetOutputBuffer
 .text.FreeRTOS_CLIGetParameter
                0x000000000800f7a8       0x72 Thirdparty\Middleware\FreeRTOS\Source\FreeRTOS_CLI.o
                0x000000000800f7a8                FreeRTOS_CLIGetParameter
 *fill*         0x000000000800f81a        0x2 
 .text.prvHelpCommand
                0x000000000800f81c      0x100 Thirdparty\Middleware\FreeRTOS\Source\FreeRTOS_CLI.o
 .text.vListInitialise
                0x000000000800f91c       0x16 Thirdparty\Middleware\FreeRTOS\Source\list.o
                0x000000000800f91c                vListInitialise
 .text.vListInitialiseItem
                0x000000000800f932        0x6 Thirdparty\Middleware\FreeRTOS\Source\list.o
                0x000000000800f932                vListInitialiseItem
 .text.vListInsertEnd
                0x000000000800f938       0x18 Thirdparty\Middleware\FreeRTOS\Source\list.o
                0x000000000800f938                vListInsertEnd
 .text.vListInsert
                0x000000000800f950       0x2e Thirdparty\Middleware\FreeRTOS\Source\list.o
                0x000000000800f950                vListInsert
 .text.uxListRemove
                0x000000000800f97e       0x26 Thirdparty\Middleware\FreeRTOS\Source\list.o
                0x000000000800f97e                uxListRemove
 .text.prvTaskExitError
                0x000000000800f9a4       0x14 Thirdparty\Middleware\FreeRTOS\Source\portable\GCC\ARM_CM0\port.o
 .text.vPortStartFirstTask
                0x000000000800f9b8       0x20 Thirdparty\Middleware\FreeRTOS\Source\portable\GCC\ARM_CM0\port.o
 .text.pxPortInitialiseStack
                0x000000000800f9d8       0x20 Thirdparty\Middleware\FreeRTOS\Source\portable\GCC\ARM_CM0\port.o
                0x000000000800f9d8                pxPortInitialiseStack
 .text.SVC_Handler
                0x000000000800f9f8        0x2 Thirdparty\Middleware\FreeRTOS\Source\portable\GCC\ARM_CM0\port.o
                0x000000000800f9f8                SVC_Handler
 *fill*         0x000000000800f9fa        0x2 
 .text.xPortStartScheduler
                0x000000000800f9fc       0x54 Thirdparty\Middleware\FreeRTOS\Source\portable\GCC\ARM_CM0\port.o
                0x000000000800f9fc                xPortStartScheduler
 .text.vPortYield
                0x000000000800fa50       0x18 Thirdparty\Middleware\FreeRTOS\Source\portable\GCC\ARM_CM0\port.o
                0x000000000800fa50                vPortYield
 .text.vPortEnterCritical
                0x000000000800fa68       0x18 Thirdparty\Middleware\FreeRTOS\Source\portable\GCC\ARM_CM0\port.o
                0x000000000800fa68                vPortEnterCritical
 .text.vPortExitCritical
                0x000000000800fa80       0x20 Thirdparty\Middleware\FreeRTOS\Source\portable\GCC\ARM_CM0\port.o
                0x000000000800fa80                vPortExitCritical
 .text.ulSetInterruptMaskFromISR
                0x000000000800faa0        0xa Thirdparty\Middleware\FreeRTOS\Source\portable\GCC\ARM_CM0\port.o
                0x000000000800faa0                ulSetInterruptMaskFromISR
 .text.vClearInterruptMaskFromISR
                0x000000000800faaa        0x6 Thirdparty\Middleware\FreeRTOS\Source\portable\GCC\ARM_CM0\port.o
                0x000000000800faaa                vClearInterruptMaskFromISR
 .text.PendSV_Handler
                0x000000000800fab0       0x44 Thirdparty\Middleware\FreeRTOS\Source\portable\GCC\ARM_CM0\port.o
                0x000000000800fab0                PendSV_Handler
 .text.xPortSysTickHandler
                0x000000000800faf4       0x24 Thirdparty\Middleware\FreeRTOS\Source\portable\GCC\ARM_CM0\port.o
                0x000000000800faf4                xPortSysTickHandler
 .text.prvInsertBlockIntoFreeList
                0x000000000800fb18       0x54 Thirdparty\Middleware\FreeRTOS\Source\portable\MemMang\heap_4.o
 .text.pvPortMalloc
                0x000000000800fb6c      0x12c Thirdparty\Middleware\FreeRTOS\Source\portable\MemMang\heap_4.o
                0x000000000800fb6c                pvPortMalloc
 .text.vPortFree
                0x000000000800fc98       0x54 Thirdparty\Middleware\FreeRTOS\Source\portable\MemMang\heap_4.o
                0x000000000800fc98                vPortFree
 .text.prvCopyDataToQueue
                0x000000000800fcec       0x7c Thirdparty\Middleware\FreeRTOS\Source\queue.o
 .text.prvCopyDataFromQueue
                0x000000000800fd68       0x24 Thirdparty\Middleware\FreeRTOS\Source\queue.o
 .text.prvUnlockQueue
                0x000000000800fd8c       0x86 Thirdparty\Middleware\FreeRTOS\Source\queue.o
 .text.xQueueGenericReset
                0x000000000800fe12       0x68 Thirdparty\Middleware\FreeRTOS\Source\queue.o
                0x000000000800fe12                xQueueGenericReset
 .text.xQueueGenericCreate
                0x000000000800fe7a       0x4e Thirdparty\Middleware\FreeRTOS\Source\queue.o
                0x000000000800fe7a                xQueueGenericCreate
 .text.xQueueCreateCountingSemaphore
                0x000000000800fec8       0x28 Thirdparty\Middleware\FreeRTOS\Source\queue.o
                0x000000000800fec8                xQueueCreateCountingSemaphore
 .text.xQueueGenericSend
                0x000000000800fef0      0x12e Thirdparty\Middleware\FreeRTOS\Source\queue.o
                0x000000000800fef0                xQueueGenericSend
 .text.xQueueGenericSendFromISR
                0x000000000801001e       0x8e Thirdparty\Middleware\FreeRTOS\Source\queue.o
                0x000000000801001e                xQueueGenericSendFromISR
 .text.xQueueGiveFromISR
                0x00000000080100ac       0x76 Thirdparty\Middleware\FreeRTOS\Source\queue.o
                0x00000000080100ac                xQueueGiveFromISR
 .text.xQueueGenericReceive
                0x0000000008010122      0x152 Thirdparty\Middleware\FreeRTOS\Source\queue.o
                0x0000000008010122                xQueueGenericReceive
 .text.xQueueReceiveFromISR
                0x0000000008010274       0x76 Thirdparty\Middleware\FreeRTOS\Source\queue.o
                0x0000000008010274                xQueueReceiveFromISR
 *fill*         0x00000000080102ea        0x2 
 .text.vQueueAddToRegistry
                0x00000000080102ec       0x30 Thirdparty\Middleware\FreeRTOS\Source\queue.o
                0x00000000080102ec                vQueueAddToRegistry
 .text.vQueueWaitForMessageRestricted
                0x000000000801031c       0x40 Thirdparty\Middleware\FreeRTOS\Source\queue.o
                0x000000000801031c                vQueueWaitForMessageRestricted
 .text.prvListTaskWithinSingleList
                0x000000000801035c       0xa8 Thirdparty\Middleware\FreeRTOS\Source\tasks.o
 .text.prvResetNextTaskUnblockTime
                0x0000000008010404       0x2c Thirdparty\Middleware\FreeRTOS\Source\tasks.o
 .text.prvAddCurrentTaskToDelayedList
                0x0000000008010430       0x54 Thirdparty\Middleware\FreeRTOS\Source\tasks.o
 .text.prvWriteNameToBuffer
                0x0000000008010484       0x2e Thirdparty\Middleware\FreeRTOS\Source\tasks.o
 *fill*         0x00000000080104b2        0x2 
 .text.xTaskGenericCreate
                0x00000000080104b4      0x1e8 Thirdparty\Middleware\FreeRTOS\Source\tasks.o
                0x00000000080104b4                xTaskGenericCreate
 .text.uxTaskPriorityGet
                0x000000000801069c       0x20 Thirdparty\Middleware\FreeRTOS\Source\tasks.o
                0x000000000801069c                uxTaskPriorityGet
 .text.vTaskPrioritySet
                0x00000000080106bc       0xa8 Thirdparty\Middleware\FreeRTOS\Source\tasks.o
                0x00000000080106bc                vTaskPrioritySet
 .text.vTaskStartScheduler
                0x0000000008010764       0x58 Thirdparty\Middleware\FreeRTOS\Source\tasks.o
                0x0000000008010764                vTaskStartScheduler
 .text.vTaskSuspendAll
                0x00000000080107bc       0x10 Thirdparty\Middleware\FreeRTOS\Source\tasks.o
                0x00000000080107bc                vTaskSuspendAll
 .text.xTaskGetTickCount
                0x00000000080107cc        0xc Thirdparty\Middleware\FreeRTOS\Source\tasks.o
                0x00000000080107cc                xTaskGetTickCount
 .text.xTaskGetTickCountFromISR
                0x00000000080107d8        0xc Thirdparty\Middleware\FreeRTOS\Source\tasks.o
                0x00000000080107d8                xTaskGetTickCountFromISR
 .text.xTaskIncrementTick
                0x00000000080107e4      0x118 Thirdparty\Middleware\FreeRTOS\Source\tasks.o
                0x00000000080107e4                xTaskIncrementTick
 .text.xTaskResumeAll
                0x00000000080108fc       0xe0 Thirdparty\Middleware\FreeRTOS\Source\tasks.o
                0x00000000080108fc                xTaskResumeAll
 .text.vTaskDelay
                0x00000000080109dc       0x48 Thirdparty\Middleware\FreeRTOS\Source\tasks.o
                0x00000000080109dc                vTaskDelay
 .text.prvIdleTask
                0x0000000008010a24       0x6c Thirdparty\Middleware\FreeRTOS\Source\tasks.o
 .text.uxTaskGetSystemState
                0x0000000008010a90       0xa4 Thirdparty\Middleware\FreeRTOS\Source\tasks.o
                0x0000000008010a90                uxTaskGetSystemState
 .text.vTaskSwitchContext
                0x0000000008010b34      0x108 Thirdparty\Middleware\FreeRTOS\Source\tasks.o
                0x0000000008010b34                vTaskSwitchContext
 .text.vTaskPlaceOnEventList
                0x0000000008010c3c       0x48 Thirdparty\Middleware\FreeRTOS\Source\tasks.o
                0x0000000008010c3c                vTaskPlaceOnEventList
 .text.vTaskPlaceOnEventListRestricted
                0x0000000008010c84       0x34 Thirdparty\Middleware\FreeRTOS\Source\tasks.o
                0x0000000008010c84                vTaskPlaceOnEventListRestricted
 .text.xTaskRemoveFromEventList
                0x0000000008010cb8       0x80 Thirdparty\Middleware\FreeRTOS\Source\tasks.o
                0x0000000008010cb8                xTaskRemoveFromEventList
 .text.vTaskSetTimeOutState
                0x0000000008010d38       0x20 Thirdparty\Middleware\FreeRTOS\Source\tasks.o
                0x0000000008010d38                vTaskSetTimeOutState
 .text.xTaskCheckForTimeOut
                0x0000000008010d58       0x64 Thirdparty\Middleware\FreeRTOS\Source\tasks.o
                0x0000000008010d58                xTaskCheckForTimeOut
 .text.vTaskMissedYield
                0x0000000008010dbc        0xc Thirdparty\Middleware\FreeRTOS\Source\tasks.o
                0x0000000008010dbc                vTaskMissedYield
 .text.xTaskGetSchedulerState
                0x0000000008010dc8       0x20 Thirdparty\Middleware\FreeRTOS\Source\tasks.o
                0x0000000008010dc8                xTaskGetSchedulerState
 .text.vTaskPriorityInherit
                0x0000000008010de8       0x7c Thirdparty\Middleware\FreeRTOS\Source\tasks.o
                0x0000000008010de8                vTaskPriorityInherit
 .text.xTaskPriorityDisinherit
                0x0000000008010e64       0x74 Thirdparty\Middleware\FreeRTOS\Source\tasks.o
                0x0000000008010e64                xTaskPriorityDisinherit
 .text.vTaskList
                0x0000000008010ed8       0xc0 Thirdparty\Middleware\FreeRTOS\Source\tasks.o
                0x0000000008010ed8                vTaskList
 .text.vTaskGetRunTimeStats
                0x0000000008010f98       0xb0 Thirdparty\Middleware\FreeRTOS\Source\tasks.o
                0x0000000008010f98                vTaskGetRunTimeStats
 .text.pvTaskIncrementMutexHeldCount
                0x0000000008011048       0x1c Thirdparty\Middleware\FreeRTOS\Source\tasks.o
                0x0000000008011048                pvTaskIncrementMutexHeldCount
 .text.ulTaskNotifyTake
                0x0000000008011064       0x98 Thirdparty\Middleware\FreeRTOS\Source\tasks.o
                0x0000000008011064                ulTaskNotifyTake
 .text.xTaskGenericNotify
                0x00000000080110fc       0xb8 Thirdparty\Middleware\FreeRTOS\Source\tasks.o
                0x00000000080110fc                xTaskGenericNotify
 .text.prvInsertTimerInActiveList
                0x00000000080111b4       0x44 Thirdparty\Middleware\FreeRTOS\Source\timers.o
 .text.prvCheckForValidListAndQueue
                0x00000000080111f8       0x64 Thirdparty\Middleware\FreeRTOS\Source\timers.o
 .text.xTimerCreateTimerTask
                0x000000000801125c       0x40 Thirdparty\Middleware\FreeRTOS\Source\timers.o
                0x000000000801125c                xTimerCreateTimerTask
 .text.xTimerCreate
                0x000000000801129c       0x40 Thirdparty\Middleware\FreeRTOS\Source\timers.o
                0x000000000801129c                xTimerCreate
 .text.xTimerGenericCommand
                0x00000000080112dc       0x58 Thirdparty\Middleware\FreeRTOS\Source\timers.o
                0x00000000080112dc                xTimerGenericCommand
 .text.prvSampleTimeNow
                0x0000000008011334       0xb0 Thirdparty\Middleware\FreeRTOS\Source\timers.o
 .text.prvTimerTask
                0x00000000080113e4      0x170 Thirdparty\Middleware\FreeRTOS\Source\timers.o
 .text.pvTimerGetTimerID
                0x0000000008011554       0x18 Thirdparty\Middleware\FreeRTOS\Source\timers.o
                0x0000000008011554                pvTimerGetTimerID
 .text.HAL_InitTick
                0x000000000801156c       0x24 Thirdparty\STM32F0xx_HAL_Driver\Src\stm32f0xx_hal.o
                0x000000000801156c                HAL_InitTick
 .text.HAL_Init
                0x0000000008011590       0x20 Thirdparty\STM32F0xx_HAL_Driver\Src\stm32f0xx_hal.o
                0x0000000008011590                HAL_Init
 .text.HAL_IncTick
                0x00000000080115b0       0x10 Thirdparty\STM32F0xx_HAL_Driver\Src\stm32f0xx_hal.o
                0x00000000080115b0                HAL_IncTick
 .text.HAL_GetTick
                0x00000000080115c0        0xc Thirdparty\STM32F0xx_HAL_Driver\Src\stm32f0xx_hal.o
                0x00000000080115c0                HAL_GetTick
 .text.HAL_Delay
                0x00000000080115cc       0x1c Thirdparty\STM32F0xx_HAL_Driver\Src\stm32f0xx_hal.o
                0x00000000080115cc                HAL_Delay
 .text.HAL_GetREVID
                0x00000000080115e8        0xc Thirdparty\STM32F0xx_HAL_Driver\Src\stm32f0xx_hal.o
                0x00000000080115e8                HAL_GetREVID
 .text.HAL_GetDEVID
                0x00000000080115f4       0x10 Thirdparty\STM32F0xx_HAL_Driver\Src\stm32f0xx_hal.o
                0x00000000080115f4                HAL_GetDEVID
 .text.ADC_ConversionStop
                0x0000000008011604       0x54 Thirdparty\STM32F0xx_HAL_Driver\Src\stm32f0xx_hal_adc.o
 .text.ADC_Disable
                0x0000000008011658       0x7e Thirdparty\STM32F0xx_HAL_Driver\Src\stm32f0xx_hal_adc.o
 *fill*         0x00000000080116d6        0x2 
 .text.ADC_Enable
                0x00000000080116d8       0xa8 Thirdparty\STM32F0xx_HAL_Driver\Src\stm32f0xx_hal_adc.o
 .text.HAL_ADC_Init
                0x0000000008011780      0x150 Thirdparty\STM32F0xx_HAL_Driver\Src\stm32f0xx_hal_adc.o
                0x0000000008011780                HAL_ADC_Init
 .text.HAL_ADC_Start
                0x00000000080118d0       0x60 Thirdparty\STM32F0xx_HAL_Driver\Src\stm32f0xx_hal_adc.o
                0x00000000080118d0                HAL_ADC_Start
 .text.HAL_ADC_Stop
                0x0000000008011930       0x44 Thirdparty\STM32F0xx_HAL_Driver\Src\stm32f0xx_hal_adc.o
                0x0000000008011930                HAL_ADC_Stop
 .text.HAL_ADC_PollForConversion
                0x0000000008011974       0xc0 Thirdparty\STM32F0xx_HAL_Driver\Src\stm32f0xx_hal_adc.o
                0x0000000008011974                HAL_ADC_PollForConversion
 .text.HAL_ADC_GetValue
                0x0000000008011a34        0xc Thirdparty\STM32F0xx_HAL_Driver\Src\stm32f0xx_hal_adc.o
                0x0000000008011a34                HAL_ADC_GetValue
 .text.HAL_ADC_ConfigChannel
                0x0000000008011a40      0x148 Thirdparty\STM32F0xx_HAL_Driver\Src\stm32f0xx_hal_adc.o
                0x0000000008011a40                HAL_ADC_ConfigChannel
 .text.HAL_ADCEx_Calibration_Start
                0x0000000008011b88       0x9c Thirdparty\STM32F0xx_HAL_Driver\Src\stm32f0xx_hal_adc_ex.o
                0x0000000008011b88                HAL_ADCEx_Calibration_Start
 .text.HAL_NVIC_SetPriority
                0x0000000008011c24       0x68 Thirdparty\STM32F0xx_HAL_Driver\Src\stm32f0xx_hal_cortex.o
                0x0000000008011c24                HAL_NVIC_SetPriority
 .text.HAL_NVIC_EnableIRQ
                0x0000000008011c8c       0x14 Thirdparty\STM32F0xx_HAL_Driver\Src\stm32f0xx_hal_cortex.o
                0x0000000008011c8c                HAL_NVIC_EnableIRQ
 .text.HAL_NVIC_DisableIRQ
                0x0000000008011ca0       0x14 Thirdparty\STM32F0xx_HAL_Driver\Src\stm32f0xx_hal_cortex.o
                0x0000000008011ca0                HAL_NVIC_DisableIRQ
 .text.HAL_SYSTICK_Config
                0x0000000008011cb4       0x38 Thirdparty\STM32F0xx_HAL_Driver\Src\stm32f0xx_hal_cortex.o
                0x0000000008011cb4                HAL_SYSTICK_Config
 .text.HAL_SYSTICK_CLKSourceConfig
                0x0000000008011cec       0x20 Thirdparty\STM32F0xx_HAL_Driver\Src\stm32f0xx_hal_cortex.o
                0x0000000008011cec                HAL_SYSTICK_CLKSourceConfig
 .text.CRC_Handle_8
                0x0000000008011d0c       0x7a Thirdparty\STM32F0xx_HAL_Driver\Src\stm32f0xx_hal_crc.o
 .text.CRC_Handle_16
                0x0000000008011d86       0x32 Thirdparty\STM32F0xx_HAL_Driver\Src\stm32f0xx_hal_crc.o
 .text.HAL_CRC_Init
                0x0000000008011db8       0x62 Thirdparty\STM32F0xx_HAL_Driver\Src\stm32f0xx_hal_crc.o
                0x0000000008011db8                HAL_CRC_Init
 .text.HAL_CRC_Accumulate
                0x0000000008011e1a       0x58 Thirdparty\STM32F0xx_HAL_Driver\Src\stm32f0xx_hal_crc.o
                0x0000000008011e1a                HAL_CRC_Accumulate
 .text.HAL_CRC_Calculate
                0x0000000008011e72       0x62 Thirdparty\STM32F0xx_HAL_Driver\Src\stm32f0xx_hal_crc.o
                0x0000000008011e72                HAL_CRC_Calculate
 .text.HAL_CRCEx_Polynomial_Set
                0x0000000008011ed4       0x5c Thirdparty\STM32F0xx_HAL_Driver\Src\stm32f0xx_hal_crc_ex.o
                0x0000000008011ed4                HAL_CRCEx_Polynomial_Set
 .text.HAL_CRCEx_Init
                0x0000000008011f30       0x30 Thirdparty\STM32F0xx_HAL_Driver\Src\stm32f0xx_hal_crc_ex.o
                0x0000000008011f30                HAL_CRCEx_Init
 .text.HAL_DMA_Init
                0x0000000008011f60       0x54 Thirdparty\STM32F0xx_HAL_Driver\Src\stm32f0xx_hal_dma.o
                0x0000000008011f60                HAL_DMA_Init
 .text.HAL_DMA_Start_IT
                0x0000000008011fb4       0x6a Thirdparty\STM32F0xx_HAL_Driver\Src\stm32f0xx_hal_dma.o
                0x0000000008011fb4                HAL_DMA_Start_IT
 .text.HAL_DMA_Abort
                0x000000000801201e       0x52 Thirdparty\STM32F0xx_HAL_Driver\Src\stm32f0xx_hal_dma.o
                0x000000000801201e                HAL_DMA_Abort
 .text.HAL_DMA_IRQHandler
                0x0000000008012070      0x8ac Thirdparty\STM32F0xx_HAL_Driver\Src\stm32f0xx_hal_dma.o
                0x0000000008012070                HAL_DMA_IRQHandler
 .text.FLASH_SetErrorCode
                0x000000000801291c       0x34 Thirdparty\STM32F0xx_HAL_Driver\Src\stm32f0xx_hal_flash.o
 .text.HAL_FLASH_Unlock
                0x0000000008012950       0x24 Thirdparty\STM32F0xx_HAL_Driver\Src\stm32f0xx_hal_flash.o
                0x0000000008012950                HAL_FLASH_Unlock
 .text.HAL_FLASH_Lock
                0x0000000008012974       0x14 Thirdparty\STM32F0xx_HAL_Driver\Src\stm32f0xx_hal_flash.o
                0x0000000008012974                HAL_FLASH_Lock
 .text.FLASH_WaitForLastOperation
                0x0000000008012988       0x5c Thirdparty\STM32F0xx_HAL_Driver\Src\stm32f0xx_hal_flash.o
                0x0000000008012988                FLASH_WaitForLastOperation
 .text.HAL_FLASH_Program
                0x00000000080129e4       0xcc Thirdparty\STM32F0xx_HAL_Driver\Src\stm32f0xx_hal_flash.o
                0x00000000080129e4                HAL_FLASH_Program
 .text.FLASH_MassErase
                0x0000000008012ab0       0x24 Thirdparty\STM32F0xx_HAL_Driver\Src\stm32f0xx_hal_flash_ex.o
 .text.FLASH_PageErase
                0x0000000008012ad4       0x24 Thirdparty\STM32F0xx_HAL_Driver\Src\stm32f0xx_hal_flash_ex.o
                0x0000000008012ad4                FLASH_PageErase
 .text.HAL_FLASHEx_Erase
                0x0000000008012af8       0xc0 Thirdparty\STM32F0xx_HAL_Driver\Src\stm32f0xx_hal_flash_ex.o
                0x0000000008012af8                HAL_FLASHEx_Erase
 .text.HAL_GPIO_Init
                0x0000000008012bb8      0x1c0 Thirdparty\STM32F0xx_HAL_Driver\Src\stm32f0xx_hal_gpio.o
                0x0000000008012bb8                HAL_GPIO_Init
 .text.HAL_GPIO_DeInit
                0x0000000008012d78      0x11c Thirdparty\STM32F0xx_HAL_Driver\Src\stm32f0xx_hal_gpio.o
                0x0000000008012d78                HAL_GPIO_DeInit
 .text.HAL_GPIO_ReadPin
                0x0000000008012e94        0xc Thirdparty\STM32F0xx_HAL_Driver\Src\stm32f0xx_hal_gpio.o
                0x0000000008012e94                HAL_GPIO_ReadPin
 .text.HAL_GPIO_WritePin
                0x0000000008012ea0        0xc Thirdparty\STM32F0xx_HAL_Driver\Src\stm32f0xx_hal_gpio.o
                0x0000000008012ea0                HAL_GPIO_WritePin
 .text.HAL_GPIO_TogglePin
                0x0000000008012eac        0x8 Thirdparty\STM32F0xx_HAL_Driver\Src\stm32f0xx_hal_gpio.o
                0x0000000008012eac                HAL_GPIO_TogglePin
 .text.I2C_TransferConfig
                0x0000000008012eb4       0x24 Thirdparty\STM32F0xx_HAL_Driver\Src\stm32f0xx_hal_i2c.o
 .text.I2C_IsAcknowledgeFailed
                0x0000000008012ed8       0x98 Thirdparty\STM32F0xx_HAL_Driver\Src\stm32f0xx_hal_i2c.o
 .text.I2C_WaitOnTXISFlagUntilTimeout
                0x0000000008012f70       0x54 Thirdparty\STM32F0xx_HAL_Driver\Src\stm32f0xx_hal_i2c.o
 .text.I2C_WaitOnFlagUntilTimeout
                0x0000000008012fc4       0x88 Thirdparty\STM32F0xx_HAL_Driver\Src\stm32f0xx_hal_i2c.o
 .text.I2C_RequestMemoryWrite
                0x000000000801304c       0x86 Thirdparty\STM32F0xx_HAL_Driver\Src\stm32f0xx_hal_i2c.o
 .text.I2C_RequestMemoryRead
                0x00000000080130d2       0x82 Thirdparty\STM32F0xx_HAL_Driver\Src\stm32f0xx_hal_i2c.o
 .text.I2C_WaitOnSTOPFlagUntilTimeout
                0x0000000008013154       0x50 Thirdparty\STM32F0xx_HAL_Driver\Src\stm32f0xx_hal_i2c.o
 .text.HAL_I2C_MspInit
                0x00000000080131a4        0x2 Thirdparty\STM32F0xx_HAL_Driver\Src\stm32f0xx_hal_i2c.o
                0x00000000080131a4                HAL_I2C_MspInit
 *fill*         0x00000000080131a6        0x2 
 .text.HAL_I2C_Init
                0x00000000080131a8       0xbc Thirdparty\STM32F0xx_HAL_Driver\Src\stm32f0xx_hal_i2c.o
                0x00000000080131a8                HAL_I2C_Init
 .text.HAL_I2C_Mem_Write
                0x0000000008013264      0x170 Thirdparty\STM32F0xx_HAL_Driver\Src\stm32f0xx_hal_i2c.o
                0x0000000008013264                HAL_I2C_Mem_Write
 .text.HAL_I2C_Mem_Read
                0x00000000080133d4      0x16c Thirdparty\STM32F0xx_HAL_Driver\Src\stm32f0xx_hal_i2c.o
                0x00000000080133d4                HAL_I2C_Mem_Read
 .text.HAL_I2CEx_ConfigAnalogFilter
                0x0000000008013540       0x88 Thirdparty\STM32F0xx_HAL_Driver\Src\stm32f0xx_hal_i2c_ex.o
                0x0000000008013540                HAL_I2CEx_ConfigAnalogFilter
 .text.HAL_I2CEx_ConfigDigitalFilter
                0x00000000080135c8       0x84 Thirdparty\STM32F0xx_HAL_Driver\Src\stm32f0xx_hal_i2c_ex.o
                0x00000000080135c8                HAL_I2CEx_ConfigDigitalFilter
 .text.HAL_MspInit
                0x000000000801364c        0x2 Thirdparty\STM32F0xx_HAL_Driver\Src\stm32f0xx_hal_msp_template.o
                0x000000000801364c                HAL_MspInit
 *fill*         0x000000000801364e        0x2 
 .text.HAL_PWR_EnableBkUpAccess
                0x0000000008013650       0x14 Thirdparty\STM32F0xx_HAL_Driver\Src\stm32f0xx_hal_pwr.o
                0x0000000008013650                HAL_PWR_EnableBkUpAccess
 .text.HAL_RCC_OscConfig
                0x0000000008013664      0x584 Thirdparty\STM32F0xx_HAL_Driver\Src\stm32f0xx_hal_rcc.o
                0x0000000008013664                HAL_RCC_OscConfig
 .text.HAL_RCC_ClockConfig
                0x0000000008013be8      0x274 Thirdparty\STM32F0xx_HAL_Driver\Src\stm32f0xx_hal_rcc.o
                0x0000000008013be8                HAL_RCC_ClockConfig
 .text.HAL_RCC_GetSysClockFreq
                0x0000000008013e5c       0xa0 Thirdparty\STM32F0xx_HAL_Driver\Src\stm32f0xx_hal_rcc.o
                0x0000000008013e5c                HAL_RCC_GetSysClockFreq
 .text.HAL_RCC_GetHCLKFreq
                0x0000000008013efc       0x28 Thirdparty\STM32F0xx_HAL_Driver\Src\stm32f0xx_hal_rcc.o
                0x0000000008013efc                HAL_RCC_GetHCLKFreq
 .text.HAL_RCC_GetPCLK1Freq
                0x0000000008013f24       0x20 Thirdparty\STM32F0xx_HAL_Driver\Src\stm32f0xx_hal_rcc.o
                0x0000000008013f24                HAL_RCC_GetPCLK1Freq
 .text.HAL_RCCEx_PeriphCLKConfig
                0x0000000008013f44      0x13c Thirdparty\STM32F0xx_HAL_Driver\Src\stm32f0xx_hal_rcc_ex.o
                0x0000000008013f44                HAL_RCCEx_PeriphCLKConfig
 .text.HAL_RTC_MspInit
                0x0000000008014080        0x2 Thirdparty\STM32F0xx_HAL_Driver\Src\stm32f0xx_hal_rtc.o
                0x0000000008014080                HAL_RTC_MspInit
 .text.HAL_RTC_WaitForSynchro
                0x0000000008014082       0x34 Thirdparty\STM32F0xx_HAL_Driver\Src\stm32f0xx_hal_rtc.o
                0x0000000008014082                HAL_RTC_WaitForSynchro
 .text.RTC_EnterInitMode
                0x00000000080140b6       0x3c Thirdparty\STM32F0xx_HAL_Driver\Src\stm32f0xx_hal_rtc.o
                0x00000000080140b6                RTC_EnterInitMode
 *fill*         0x00000000080140f2        0x2 
 .text.HAL_RTC_Init
                0x00000000080140f4       0xa0 Thirdparty\STM32F0xx_HAL_Driver\Src\stm32f0xx_hal_rtc.o
                0x00000000080140f4                HAL_RTC_Init
 .text.RTC_ByteToBcd2
                0x0000000008014194       0x1c Thirdparty\STM32F0xx_HAL_Driver\Src\stm32f0xx_hal_rtc.o
                0x0000000008014194                RTC_ByteToBcd2
 .text.HAL_RTC_SetTime
                0x00000000080141b0      0x10c Thirdparty\STM32F0xx_HAL_Driver\Src\stm32f0xx_hal_rtc.o
                0x00000000080141b0                HAL_RTC_SetTime
 .text.HAL_RTC_SetDate
                0x00000000080142bc       0xe4 Thirdparty\STM32F0xx_HAL_Driver\Src\stm32f0xx_hal_rtc.o
                0x00000000080142bc                HAL_RTC_SetDate
 .text.RTC_Bcd2ToByte
                0x00000000080143a0       0x14 Thirdparty\STM32F0xx_HAL_Driver\Src\stm32f0xx_hal_rtc.o
                0x00000000080143a0                RTC_Bcd2ToByte
 .text.HAL_RTC_GetTime
                0x00000000080143b4       0x4c Thirdparty\STM32F0xx_HAL_Driver\Src\stm32f0xx_hal_rtc.o
                0x00000000080143b4                HAL_RTC_GetTime
 .text.HAL_RTC_GetDate
                0x0000000008014400       0x44 Thirdparty\STM32F0xx_HAL_Driver\Src\stm32f0xx_hal_rtc.o
                0x0000000008014400                HAL_RTC_GetDate
 .text.HAL_RTCEx_BKUPWrite
                0x0000000008014444        0xc Thirdparty\STM32F0xx_HAL_Driver\Src\stm32f0xx_hal_rtc_ex.o
                0x0000000008014444                HAL_RTCEx_BKUPWrite
 .text.HAL_RTCEx_BKUPRead
                0x0000000008014450        0xc Thirdparty\STM32F0xx_HAL_Driver\Src\stm32f0xx_hal_rtc_ex.o
                0x0000000008014450                HAL_RTCEx_BKUPRead
 .text.HAL_TIM_Base_MspInit
                0x000000000801445c        0x2 Thirdparty\STM32F0xx_HAL_Driver\Src\stm32f0xx_hal_tim.o