core_cm0.h:676:22:NVIC_SystemReset	0	static,ignoring_inline_asm
BOS.c:5471:22:exploreCommand	0	static
BOS.c:5511:22:resetCommand	8	static,ignoring_inline_asm
BOS.c:6325:22:setBaudrateCommand	24	static,ignoring_inline_asm
BOS.c:6446:22:flashsizeCommand	8	static,ignoring_inline_asm
BOS.c:5352:22:pingCommand	16	static,ignoring_inline_asm
BOS.c:2256:6:StreamTimerCallback	8	static
BOS.c:6467:22:snipCommand	72	static,ignoring_inline_asm
BOS.c:6402:22:idcodeCommand	8	static,ignoring_inline_asm
BOS.c:6375:22:uuidCommand	16	static,ignoring_inline_asm
BOS.c:6108:22:getCommand	32	static,ignoring_inline_asm
BOS.c:5330:22:prvRunTimeStatsCommand	8	static,ignoring_inline_asm
BOS.c:5309:22:prvTaskStatsCommand	8	static,ignoring_inline_asm
BOS.c:1386:6:TIM_USEC_Init	32	static
BOS.c:1413:6:TIM_MSEC_Init	32	static
BOS.c:1438:9:minArr	20	static
BOS.c:1460:9:QnotEmpty	0	static
BOS.c:1520:6:NotifyMessagingTask	8	static
BOS.c:1588:9:SaveToRO	72	static
BOS.c:6634:22:delSnipCommand	40	static,ignoring_inline_asm
BOS.c:6598:22:pauseSnipCommand	16	static,ignoring_inline_asm
BOS.c:6562:22:actSnipCommand	16	static,ignoring_inline_asm
BOS.c:1686:9:ClearROtopology	8	static
BOS.c:1699:9:LoadROsnippets	40	static
BOS.c:1750:9:LoadROtopology	20	static
BOS.c:1788:12:SaveEEportsDir	32	static
BOS.c:1808:12:ClearEEportsDir	32	static
BOS.c:1830:12:LoadEEportsDir	24	static
BOS.c:1849:12:SaveEEalias	32	static
BOS.c:1874:12:SaveEEgroup	32	static
BOS.c:1910:12:LoadEEalias	48	static
BOS.c:1934:12:LoadEEgroup	40	static
BOS.c:2029:12:SaveEEstreams	40	static
BOS.c:2050:12:LoadEEparams	16	static
BOS.c:2130:12:SaveEEparams	8	static
BOS.c:2371:6:EE_FormatForFactoryReset	8	static
BOS.c:2642:12:CheckForTimedButtonPress	8	static
BOS.c:2670:12:CheckForTimedButtonRelease	8	static
BOS.c:2698:6:ResetAttachedButtonStates	0	static
BOS.c:2805:13:buttonPressedCallback	0	static
BOS.c:2814:13:buttonReleasedCallback	0	static
BOS.c:2823:13:buttonClickedCallback	0	static
BOS.c:2832:13:buttonDblClickedCallback	0	static
BOS.c:2841:13:buttonPressedForXCallback	0	static
BOS.c:2850:13:buttonReleasedForYCallback	0	static
BOS.c:2859:19:User_MessagingParser	0	static
BOS.c:2872:13:RegisterUserCLICommands	0	static
BOS.c:3055:12:RTC_CalendarConfig	80	static
BOS.c:3003:12:RTC_Init	8	static
BOS.c:3181:9:IsModuleParameter	16	static
BOS.c:3195:9:IsMathOperator	16	static
BOS.c:3233:6:SystemClock_Config	128	static
BOS.c:3371:6:vRegisterCLICommands	8	static
BOS.c:3421:21:GetUart	0	static
BOS.c:2204:12:SetupDMAStreams	40	static
BOS.c:1966:12:LoadEEstreams	32	static
BOS.c:2715:12:GetPortGPIOs	16	static
BOS.c:3164:6:SetupPortForRemoteBootloaderUpdate	8	static
BOS.c:6792:22:testportCommand	48	static,ignoring_inline_asm
BOS.c:4054:12:FindBroadcastRoutes	56	dynamic
BOS.c:3566:12:SendMessageFromPort	64	static
BOS.c:1499:12:BroadcastReceivedMessage	16	static
BOS.c:3474:12:BroadcastMessage	24	static
BOS.c:3495:12:SendMessageToGroup	32	static
BOS.c:4026:12:ExploreNeighbors	32	static
BOS.c:4115:6:StartMicroDelay	8	static
BOS.c:2394:6:CheckAttachedButtons	72	static
BOS.c:4135:6:StartMilliDelay	8	static
BOS.c:2272:9:IsFactoryReset	88	static
BOS.c:2327:9:IsLowerCLIbaud	72	static
BOS.c:4155:6:SwapUartPins	16	static
BOS.c:4203:9:FindRoute	96	static
BOS.c:1475:12:ForwardReceivedMessage	24	static
BOS.c:3522:12:SendMessageToModule	32	static
BOS.c:2889:12:WriteToRemote	32	static
BOS.c:6223:22:defaultCommand	24	static,ignoring_inline_asm
BOS.c:4291:6:DisplayTopology	48	static
BOS.c:4331:6:DisplayPortsDir	40	static
BOS.c:4356:6:DisplayModuleStatus	40	static
BOS.c:5661:22:statusCommand	8	static,ignoring_inline_asm
BOS.c:4444:9:GetID	24	static
BOS.c:4483:12:NameModule	32	static
BOS.c:5529:22:nameCommand	16	static,ignoring_inline_asm
BOS.c:4538:12:AddModuleToGroup	24	static
BOS.c:5575:22:groupCommand	88	static,ignoring_inline_asm
BOS.c:4614:12:ReadPortsDir	40	static
BOS.c:5680:22:infoCommand	32	static,ignoring_inline_asm
BOS.c:4644:12:UpdateMyPortsDir	24	static
BOS.c:4668:12:StartScastDMAStream	104	static
BOS.c:3110:6:remoteBootloaderUpdate	48	static
BOS.c:5379:22:bootloaderUpdateCommand	40	static,ignoring_inline_asm
BOS.c:535:6:PxMessagingTask	120	static
BOS.c:5715:22:scastCommand	136	static,ignoring_inline_asm
BOS.c:4755:12:AddPortButton	72	static
BOS.c:5791:22:addbuttonCommand	48	static,ignoring_inline_asm
BOS.c:4827:12:RemovePortButton	24	static
BOS.c:5841:22:removebuttonCommand	24	static,ignoring_inline_asm
BOS.c:4922:12:SetButtonEvents	56	static
BOS.c:2163:12:LoadEEbuttons	64	static
BOS.c:1556:6:LoadEEvars	8	static
BOS.c:5016:11:ReadRemoteVar	24	static
BOS.c:5051:11:ReadRemoteMemory	24	static
BOS.c:5085:11:ReadRemoteParam	32	static
BOS.c:5120:12:WriteRemote	16	static
BOS.c:5134:12:WriteRemoteForce	16	static
BOS.c:5143:9:AddBOSvar	20	static
BOS.c:5161:12:BOS_CalendarConfig	48	static
BOS.c:5216:6:GetTimeDate	48	static
BOS.c:3288:6:BOS_Init	16	static
BOS.c:6274:22:timeCommand	24	static,ignoring_inline_asm
BOS.c:5878:22:setCommand	80	static,ignoring_inline_asm
BOS.c:5239:7:GetDateString	16	static
BOS.c:6304:22:dateCommand	8	static,ignoring_inline_asm
BOS.c:5252:7:GetTimeString	16	static
BOS.c:5265:12:Bridge	24	static
BOS.c:6690:22:bridgeCommand	32	static,ignoring_inline_asm
BOS.c:5275:12:Unbridge	40	static
BOS.c:6743:22:unbridgeCommand	32	static,ignoring_inline_asm
BOS.c:5294:12:printfp	24	static
