BOS.c:193:9:minArr	20	static
BOS.c:215:9:QnotEmpty	0	static
BOS.c:266:9:LoadROsnippets	40	static
BOS.c:317:9:LoadROtopology	20	static
BOS.c:355:12:SaveEEportsDir	32	static
BOS.c:375:12:ClearEEportsDir	32	static
BOS.c:397:12:LoadEEportsDir	24	static
BOS.c:416:12:SaveEEalias	32	static
BOS.c:441:12:SaveEEgroup	32	static
BOS.c:477:12:LoadEEalias	48	static
BOS.c:501:12:LoadEEgroup	40	static
BOS.c:533:12:LoadEEstreams	32	static
BOS.c:596:12:SaveEEstreams	40	static
BOS.c:617:12:LoadEEparams	16	static
BOS.c:697:12:SaveEEparams	8	static
BOS.c:730:12:LoadEEbuttons	64	static
BOS.c:230:6:LoadEEvars	8	static
BOS.c:772:9:IsLowerCLIbaud	72	static
BOS.c:816:6:EE_FormatForFactoryReset	8	static
BOS.c:847:12:WriteToRemote	32	static
BOS.c:1015:6:SetupPortForRemoteBootloaderUpdate	8	static
BOS.c:1032:9:IsModuleParameter	16	static
BOS.c:1046:9:IsMathOperator	16	static
BOS.c:1422:12:ExploreNeighbors	32	static
BOS.c:1450:12:FindBroadcastRoutes	56	dynamic
BOS.c:1538:9:FindRoute	96	static
BOS.c:961:6:remoteBootloaderUpdate	48	static
BOS.c:1626:6:DisplayTopology	48	static
BOS.c:1666:6:DisplayPortsDir	40	static
BOS.c:1691:6:DisplayModuleStatus	40	static
BOS.c:1779:9:GetID	24	static
BOS.c:1818:12:NameModule	32	static
BOS.c:1873:12:AddModuleToGroup	24	static
BOS.c:1949:12:ReadPortsDir	40	static
BOS.c:1979:12:UpdateMyPortsDir	24	static
BOS.c:1075:6:BOS_Init	16	static,ignoring_inline_asm
BOS.c:2009:11:ReadRemoteVar	24	static
BOS.c:2044:11:ReadRemoteMemory	24	static
BOS.c:2078:11:ReadRemoteParam	32	static
BOS.c:2113:12:WriteRemote	16	static
BOS.c:2127:12:WriteRemoteForce	16	static
BOS.c:2136:9:AddBOSvar	20	static
BOS.c:2154:7:GetDateString	16	static
BOS.c:2167:7:GetTimeString	16	static
BOS.c:2180:12:Bridge	24	static
BOS.c:2190:12:Unbridge	40	static
BOS.c:2209:12:printfp	24	static
