core_cm0.h:676:22:NVIC_SystemReset	0	static,ignoring_inline_asm
BOS.c:5467:22:exploreCommand	0	static
BOS.c:5507:22:resetCommand	8	static,ignoring_inline_asm
BOS.c:6321:22:setBaudrateCommand	24	static,ignoring_inline_asm
BOS.c:6442:22:flashsizeCommand	8	static,ignoring_inline_asm
BOS.c:5348:22:pingCommand	16	static,ignoring_inline_asm
BOS.c:2256:6:StreamTimerCallback	8	static
BOS.c:6463:22:snipCommand	72	static,ignoring_inline_asm
BOS.c:6398:22:idcodeCommand	8	static,ignoring_inline_asm
BOS.c:6371:22:uuidCommand	16	static,ignoring_inline_asm
BOS.c:6104:22:getCommand	32	static,ignoring_inline_asm
BOS.c:5326:22:prvRunTimeStatsCommand	8	static,ignoring_inline_asm
BOS.c:5305:22:prvTaskStatsCommand	8	static,ignoring_inline_asm
BOS.c:1386:6:TIM_USEC_Init	32	static
BOS.c:1413:6:TIM_MSEC_Init	32	static
BOS.c:1438:9:minArr	20	static
BOS.c:1460:9:QnotEmpty	0	static
BOS.c:1520:6:NotifyMessagingTask	8	static
BOS.c:1588:9:SaveToRO	72	static
BOS.c:6630:22:delSnipCommand	40	static,ignoring_inline_asm
BOS.c:6594:22:pauseSnipCommand	16	static,ignoring_inline_asm
BOS.c:6558:22:actSnipCommand	16	static,ignoring_inline_asm
BOS.c:1686:9:ClearROtopology	8	static
BOS.c:1699:9:LoadROsnippets	40	static
BOS.c:1750:9:LoadROtopology	20	static
BOS.c:1788:12:SaveEEportsDir	32	static
BOS.c:1808:12:ClearEEportsDir	32	static
BOS.c:1830:12:LoadEEportsDir	24	static
BOS.c:1849:12:SaveEEalias	32	static
BOS.c:1874:12:SaveEEgroup	32	static
BOS.c:1910:12:LoadEEalias	48	static
BOS.c:1934:12:LoadEEgroup	40	static
BOS.c:2029:12:SaveEEstreams	40	static
BOS.c:2050:12:LoadEEparams	16	static
BOS.c:2130:12:SaveEEparams	8	static
BOS.c:2371:6:EE_FormatForFactoryReset	8	static
BOS.c:2642:12:CheckForTimedButtonPress	8	static
BOS.c:2670:12:CheckForTimedButtonRelease	8	static
BOS.c:2698:6:ResetAttachedButtonStates	0	static
BOS.c:2805:13:buttonPressedCallback	0	static
BOS.c:2814:13:buttonReleasedCallback	0	static
BOS.c:2823:13:buttonClickedCallback	0	static
BOS.c:2832:13:buttonDblClickedCallback	0	static
BOS.c:2841:13:buttonPressedForXCallback	0	static
BOS.c:2850:13:buttonReleasedForYCallback	0	static
BOS.c:2859:19:User_MessagingParser	0	static
BOS.c:2872:13:RegisterUserCLICommands	0	static
BOS.c:3051:12:RTC_CalendarConfig	80	static
BOS.c:2999:12:RTC_Init	8	static
BOS.c:3177:9:IsModuleParameter	16	static
BOS.c:3191:9:IsMathOperator	16	static
BOS.c:3229:6:SystemClock_Config	128	static
BOS.c:3367:6:vRegisterCLICommands	8	static
BOS.c:3417:21:GetUart	0	static
BOS.c:2204:12:SetupDMAStreams	40	static
BOS.c:1966:12:LoadEEstreams	32	static
BOS.c:2715:12:GetPortGPIOs	16	static
BOS.c:3160:6:SetupPortForRemoteBootloaderUpdate	8	static
BOS.c:6788:22:testportCommand	48	static,ignoring_inline_asm
BOS.c:4050:12:FindBroadcastRoutes	56	dynamic
BOS.c:3562:12:SendMessageFromPort	64	static
BOS.c:1499:12:BroadcastReceivedMessage	16	static
BOS.c:3470:12:BroadcastMessage	24	static
BOS.c:3491:12:SendMessageToGroup	32	static
BOS.c:4022:12:ExploreNeighbors	32	static
BOS.c:4111:6:StartMicroDelay	8	static
BOS.c:2394:6:CheckAttachedButtons	72	static
BOS.c:4131:6:StartMilliDelay	8	static
BOS.c:2272:9:IsFactoryReset	88	static
BOS.c:2327:9:IsLowerCLIbaud	72	static
BOS.c:4151:6:SwapUartPins	16	static
BOS.c:4199:9:FindRoute	96	static
BOS.c:1475:12:ForwardReceivedMessage	24	static
BOS.c:3518:12:SendMessageToModule	32	static
BOS.c:2887:12:WriteToRemote	32	static
BOS.c:6219:22:defaultCommand	24	static,ignoring_inline_asm
BOS.c:4287:6:DisplayTopology	48	static
BOS.c:4327:6:DisplayPortsDir	40	static
BOS.c:4352:6:DisplayModuleStatus	40	static
BOS.c:5657:22:statusCommand	8	static,ignoring_inline_asm
BOS.c:4440:9:GetID	24	static
BOS.c:4479:12:NameModule	32	static
BOS.c:5525:22:nameCommand	16	static,ignoring_inline_asm
BOS.c:4534:12:AddModuleToGroup	24	static
BOS.c:5571:22:groupCommand	88	static,ignoring_inline_asm
BOS.c:4610:12:ReadPortsDir	40	static
BOS.c:5676:22:infoCommand	32	static,ignoring_inline_asm
BOS.c:4640:12:UpdateMyPortsDir	24	static
BOS.c:4664:12:StartScastDMAStream	104	static
BOS.c:3106:6:remoteBootloaderUpdate	48	static
BOS.c:5375:22:bootloaderUpdateCommand	40	static,ignoring_inline_asm
BOS.c:535:6:PxMessagingTask	120	static
BOS.c:5711:22:scastCommand	136	static,ignoring_inline_asm
BOS.c:4751:12:AddPortButton	72	static
BOS.c:5787:22:addbuttonCommand	48	static,ignoring_inline_asm
BOS.c:4823:12:RemovePortButton	24	static
BOS.c:5837:22:removebuttonCommand	24	static,ignoring_inline_asm
BOS.c:4918:12:SetButtonEvents	56	static
BOS.c:2163:12:LoadEEbuttons	64	static
BOS.c:1556:6:LoadEEvars	8	static
BOS.c:5012:11:ReadRemoteVar	24	static
BOS.c:5047:11:ReadRemoteMemory	24	static
BOS.c:5081:11:ReadRemoteParam	32	static
BOS.c:5116:12:WriteRemote	16	static
BOS.c:5130:12:WriteRemoteForce	16	static
BOS.c:5139:9:AddBOSvar	20	static
BOS.c:5157:12:BOS_CalendarConfig	48	static
BOS.c:5212:6:GetTimeDate	48	static
BOS.c:3284:6:BOS_Init	16	static
BOS.c:6270:22:timeCommand	24	static,ignoring_inline_asm
BOS.c:5874:22:setCommand	80	static,ignoring_inline_asm
BOS.c:5235:7:GetDateString	16	static
BOS.c:6300:22:dateCommand	8	static,ignoring_inline_asm
BOS.c:5248:7:GetTimeString	16	static
BOS.c:5261:12:Bridge	24	static
BOS.c:6686:22:bridgeCommand	32	static,ignoring_inline_asm
BOS.c:5271:12:Unbridge	40	static
BOS.c:6739:22:unbridgeCommand	32	static,ignoring_inline_asm
BOS.c:5290:12:printfp	24	static
