H0BR4_uart.c:55:6:MX_USART1_UART_Init	8	static
H0BR4_uart.c:80:6:MX_USART2_UART_Init	8	static
H0BR4_uart.c:103:6:MX_USART3_UART_Init	8	static
H0BR4_uart.c:126:6:MX_USART4_UART_Init	8	static
H0BR4_uart.c:149:6:MX_USART5_UART_Init	8	static
H0BR4_uart.c:172:6:MX_USART6_UART_Init	8	static
H0BR4_uart.c:193:6:HAL_UART_MspInit	72	static
H0BR4_uart.c:462:21:GetUart	0	static
H0BR4_uart.c:357:19:readPxMutex	32	static
H0BR4_uart.c:377:19:writePxMutex	32	static
H0BR4_uart.c:397:19:readPxITMutex	32	static
H0BR4_uart.c:413:19:writePxITMutex	32	static
H0BR4_uart.c:429:19:writePxDMAMutex	32	static
H0BR4_uart.c:449:12:UpdateBaudrate	8	static
H0BR4_uart.c:515:6:SwapUartPins	16	static
