H0BR4.c:670:22:LSM303SampleMagRaw	24	static
H0BR4.c:688:22:LSM303SampleMagMGauss	32	static
H0BR4.c:1070:15:SampleMagMGaussToString	40	static
H0BR4.c:1082:15:SampleMagMGaussToBuf	32	static
H0BR4.c:1029:15:SampleMagMGaussToPort	32	static
H0BR4.c:415:22:LSM6DS3SampleTempCelsius	16	static
H0BR4.c:1094:15:SampleTempCelsius	8	static
H0BR4.c:1137:15:SampleTempCToString	32	static
H0BR4.c:1104:15:SampleTempCToPort	32	static
H0BR4.c:751:22:StreamMemsToPort	40	static
H0BR4.c:812:22:StreamMemsToBuf	32	static
H0BR4.c:781:22:StreamMemsToCLI	64	static
H0BR4.c:1385:22:StopStreamCommand	8	static
H0BR4.c:138:6:Module_Init	16	static
H0BR4.c:254:6:RegisterModuleCLICommands	8	static
H0BR4.c:265:9:GetPort	0	static
H0BR4.c:851:15:SampleGyroMDPS	40	static
H0BR4.c:856:15:SampleGyroRaw	24	static
H0BR4.c:916:15:SampleGyroDPS	40	static
H0BR4.c:904:15:SampleGyroDPSToString	56	static
H0BR4.c:931:15:SampleGyroDPSToBuf	8	static
H0BR4.c:862:15:SampleGyroDPSToPort	32	static
H0BR4.c:936:15:SampleAccMG	40	static
H0BR4.c:941:15:SampleAccRaw	24	static
H0BR4.c:999:15:SampleAccG	40	static
H0BR4.c:987:15:SampleAccGToString	56	static
H0BR4.c:1219:22:SampleSensorCommand	24	static
H0BR4.c:1014:15:SampleAccGToBuf	8	static
H0BR4.c:946:15:SampleAccGToPort	32	static
H0BR4.c:1019:15:SampleMagMGauss	8	static
H0BR4.c:1024:15:SampleMagRaw	8	static
H0BR4.c:1099:15:SampleTempFahrenheit	24	static
H0BR4.c:1149:15:StreamGyroDPSToPort	16	static
H0BR4.c:1154:15:StreamGyroDPSToCLI	8	static
H0BR4.c:1159:15:StreamGyroDPSToBuffer	16	static
H0BR4.c:1164:15:StreamAccGToPort	16	static
H0BR4.c:1169:15:StreamAccGToCLI	8	static
H0BR4.c:1174:15:StreamAccGToBuffer	16	static
H0BR4.c:1179:15:StreamMagMGaussToPort	16	static
H0BR4.c:1184:15:StreamMagMGaussToCLI	8	static
H0BR4.c:1189:15:StreamMagMGaussToBuffer	16	static
H0BR4.c:1194:15:StreamTempCToPort	16	static
H0BR4.c:165:15:Module_MessagingTask	32	static
H0BR4.c:1199:15:StreamTempCToCLI	8	static
H0BR4.c:1311:22:StreamSensorCommand	64	static
H0BR4.c:1204:15:StreamTempCToBuffer	16	static
H0BR4.c:1209:6:stopStreamMems	0	static
