H0BR4.c:736:22:LSM303SampleMagRaw	24	static
H0BR4.c:754:22:LSM303SampleMagMGauss	32	static
H0BR4.c:1137:15:SampleMagMGaussToString	40	static
H0BR4.c:1149:15:SampleMagMGaussToBuf	32	static
H0BR4.c:1096:15:SampleMagMGaussToPort	32	static
H0BR4.c:481:22:LSM6DS3SampleTempCelsius	16	static
H0BR4.c:1161:15:SampleTempCelsius	8	static
H0BR4.c:1204:15:SampleTempCToString	32	static
H0BR4.c:1171:15:SampleTempCToPort	32	static
H0BR4.c:817:22:StreamMemsToPort	40	static
H0BR4.c:879:22:StreamMemsToBuf	32	static
H0BR4.c:848:22:StreamMemsToCLI	64	static
H0BR4.c:1452:22:StopStreamCommand	8	static
H0BR4.c:155:6:SystemClock_Config	128	static
H0BR4.c:204:6:Module_Init	16	static
H0BR4.c:320:6:RegisterModuleCLICommands	8	static
H0BR4.c:331:9:GetPort	0	static
H0BR4.c:918:15:SampleGyroMDPS	40	static
H0BR4.c:923:15:SampleGyroRaw	24	static
H0BR4.c:983:15:SampleGyroDPS	40	static
H0BR4.c:971:15:SampleGyroDPSToString	56	static
H0BR4.c:998:15:SampleGyroDPSToBuf	8	static
H0BR4.c:929:15:SampleGyroDPSToPort	32	static
H0BR4.c:1003:15:SampleAccMG	40	static
H0BR4.c:1008:15:SampleAccRaw	24	static
H0BR4.c:1066:15:SampleAccG	40	static
H0BR4.c:1054:15:SampleAccGToString	56	static
H0BR4.c:1286:22:SampleSensorCommand	24	static
H0BR4.c:1081:15:SampleAccGToBuf	8	static
H0BR4.c:1013:15:SampleAccGToPort	32	static
H0BR4.c:1086:15:SampleMagMGauss	8	static
H0BR4.c:1091:15:SampleMagRaw	8	static
H0BR4.c:1166:15:SampleTempFahrenheit	24	static
H0BR4.c:1216:15:StreamGyroDPSToPort	16	static
H0BR4.c:1221:15:StreamGyroDPSToCLI	8	static
H0BR4.c:1226:15:StreamGyroDPSToBuffer	16	static
H0BR4.c:1231:15:StreamAccGToPort	16	static
H0BR4.c:1236:15:StreamAccGToCLI	8	static
H0BR4.c:1241:15:StreamAccGToBuffer	16	static
H0BR4.c:1246:15:StreamMagMGaussToPort	16	static
H0BR4.c:1251:15:StreamMagMGaussToCLI	8	static
H0BR4.c:1256:15:StreamMagMGaussToBuffer	16	static
H0BR4.c:1261:15:StreamTempCToPort	16	static
H0BR4.c:231:15:Module_MessagingTask	32	static
H0BR4.c:1266:15:StreamTempCToCLI	8	static
H0BR4.c:1378:22:StreamSensorCommand	64	static
H0BR4.c:1271:15:StreamTempCToBuffer	16	static
H0BR4.c:1276:6:stopStreamMems	0	static
H0BR4.c:1464:9:SaveToRO	72	static
H0BR4.c:1559:9:ClearROtopology	8	static
