H0BR4_dma.c:89:6:DMA_MSG_RX_CH_Init	8	static
H0BR4_dma.c:107:6:DMA_MSG_TX_CH_Init	8	static
H0BR4_dma.c:44:6:DMA_Init	16	static
H0BR4_dma.c:125:6:DMA_STREAM_CH_Init	8	static
H0BR4_dma.c:143:6:DMA_FRONTEND_CH_Init	8	static
H0BR4_dma.c:277:6:SetupDMAInterrupts	8	static
H0BR4_dma.c:314:6:UnSetupDMAInterrupts	8	static
H0BR4_dma.c:237:6:DMA_MSG_TX_UnSetup	8	static
H0BR4_dma.c:348:6:RemapAndLinkDMAtoUARTRx	16	static
H0BR4_dma.c:195:6:DMA_MSG_RX_Setup	16	static
H0BR4_dma.c:163:6:SetupMessagingRxDMAs	8	static
H0BR4_dma.c:251:6:DMA_STREAM_Setup	24	static
H0BR4_dma.c:463:6:RemapAndLinkDMAtoUARTTx	16	static
H0BR4_dma.c:211:6:DMA_MSG_TX_Setup	8	static
H0BR4_dma.c:578:6:CRC_Init	8	static
H0BR4_dma.c:590:6:HAL_CRC_MspInit	8	static
H0BR4_dma.c:596:6:HAL_CRC_MspDeInit	0	static
H0BR4_dma.c:606:10:CalculateCRC8	16	static
