queue.c:1788:19:prvCopyDataToQueue	16	static
queue.c:1862:13:prvCopyDataFromQueue	8	static
queue.c:1880:13:prvUnlockQueue	16	static
queue.c:260:12:xQueueGenericReset	16	static,ignoring_inline_asm
queue.c:313:15:xQueueGenericCreate	24	static,ignoring_inline_asm
queue.c:586:16:xQueueCreateCountingSemaphore	8	static,ignoring_inline_asm
queue.c:613:12:xQueueGenericSend	40	static,ignoring_inline_asm
queue.c:394:16:xQueueCreateMutex	16	static,ignoring_inline_asm
queue.c:489:13:xQueueGiveMutexRecursive	16	static,ignoring_inline_asm
queue.c:1058:12:xQueueGenericSendFromISR	32	static,ignoring_inline_asm
queue.c:1207:12:xQueueGiveFromISR	24	static,ignoring_inline_asm
queue.c:1368:12:xQueueGenericReceive	40	static,ignoring_inline_asm
queue.c:544:13:xQueueTakeMutexRecursive	16	static,ignoring_inline_asm
queue.c:1555:12:xQueueReceiveFromISR	32	static,ignoring_inline_asm
queue.c:1642:12:xQueuePeekFromISR	24	static,ignoring_inline_asm
queue.c:1696:13:uxQueueMessagesWaiting	8	static,ignoring_inline_asm
queue.c:1712:13:uxQueueSpacesAvailable	16	static,ignoring_inline_asm
queue.c:1730:13:uxQueueMessagesWaitingFromISR	0	static,ignoring_inline_asm
queue.c:1760:14:uxQueueGetQueueNumber	0	static
queue.c:1770:7:vQueueSetQueueNumber	0	static
queue.c:1780:10:ucQueueGetQueueType	0	static
queue.c:2016:12:xQueueIsQueueEmptyFromISR	0	static,ignoring_inline_asm
queue.c:2055:12:xQueueIsQueueFullFromISR	0	static,ignoring_inline_asm
queue.c:2350:7:vQueueAddToRegistry	8	static
queue.c:2379:7:vQueueUnregisterQueue	0	static
queue.c:1742:6:vQueueDelete	8	static,ignoring_inline_asm
queue.c:2406:7:vQueueWaitForMessageRestricted	16	static
