timers.c:544:19:prvInsertTimerInActiveList	8	static
timers.c:770:13:prvCheckForValidListAndQueue	16	static,ignoring_inline_asm
timers.c:240:12:xTimerCreateTimerTask	24	static,ignoring_inline_asm
timers.c:275:15:xTimerCreate	24	static,ignoring_inline_asm
timers.c:316:12:xTimerGenericCommand	32	static
timers.c:521:19:prvSampleTimeNow	48	static,ignoring_inline_asm
timers.c:418:13:prvTimerTask	72	static,ignoring_inline_asm
timers.c:370:14:pcTimerGetTimerName	0	static
timers.c:808:12:xTimerIsTimerActive	8	static
timers.c:827:7:pvTimerGetTimerID	8	static,ignoring_inline_asm
timers.c:844:6:vTimerSetTimerID	16	static,ignoring_inline_asm
timers.c:860:13:xTimerPendFunctionCallFromISR	24	static
timers.c:884:13:xTimerPendFunctionCall	32	static,ignoring_inline_asm
