LSM6DS3.c:17:10:LSM6DS3_ACC_GYRO_WriteReg	8	static
LSM6DS3.c:30:10:LSM6DS3_ACC_GYRO_ReadReg	8	static
LSM6DS3.c:52:10:LSM6DS3_ACC_GYRO_R_WHO_AM_I	8	static
LSM6DS3.c:70:11:LSM6DS3_ACC_GYRO_W_BDU	24	static
LSM6DS3.c:93:10:LSM6DS3_ACC_GYRO_R_BDU	8	static
LSM6DS3.c:110:11:LSM6DS3_ACC_GYRO_W_FS_XL	24	static
LSM6DS3.c:133:10:LSM6DS3_ACC_GYRO_R_FS_XL	8	static
LSM6DS3.c:150:10:LSM6DS3_ACC_GYRO_GetRawAccData	16	static
LSM6DS3.c:245:11:LSM6DS3_ACC_GYRO_W_ODR_XL	24	static
LSM6DS3.c:268:10:LSM6DS3_ACC_GYRO_R_ODR_XL	8	static
LSM6DS3.c:285:10:LSM6DS3_ACC_GYRO_translate_ODR_XL	0	static
LSM6DS3.c:339:11:LSM6DS3_ACC_GYRO_W_FS_G	24	static
LSM6DS3.c:362:10:LSM6DS3_ACC_GYRO_R_FS_G	8	static
LSM6DS3.c:379:11:LSM6DS3_ACC_GYRO_W_ODR_G	24	static
LSM6DS3.c:402:10:LSM6DS3_ACC_GYRO_R_ODR_G	8	static
LSM6DS3.c:419:10:LSM6DS3_ACC_GYRO_translate_ODR_G	0	static
LSM6DS3.c:473:10:LSM6DS3_ACC_GYRO_GetRawGyroData	16	static
LSM6DS3.c:578:11:LSM6DS3_ACC_GYRO_W_BW_XL	24	static
LSM6DS3.c:601:10:LSM6DS3_ACC_GYRO_R_BW_XL	8	static
LSM6DS3.c:618:11:LSM6DS3_ACC_GYRO_W_FS_125	24	static
LSM6DS3.c:641:10:LSM6DS3_ACC_GYRO_R_FS_125	8	static
LSM6DS3.c:660:11:LSM6DS3_ACC_GYRO_W_EmbeddedAccess	24	static
LSM6DS3.c:683:10:LSM6DS3_ACC_GYRO_R_EmbeddedAccess	8	static
LSM6DS3.c:700:11:LSM6DS3_ACC_GYRO_W_Stamping_Time_Frame	24	static
LSM6DS3.c:726:10:LSM6DS3_ACC_GYRO_R_Stamping_Time_Frame	8	static
LSM6DS3.c:744:11:LSM6DS3_ACC_GYRO_W_FIFO_Watermark	24	static
LSM6DS3.c:788:10:LSM6DS3_ACC_GYRO_R_FIFO_Watermark	24	static
LSM6DS3.c:818:11:LSM6DS3_ACC_GYRO_W_TIM_PEDO_FIFO_Write_En	24	static
LSM6DS3.c:841:10:LSM6DS3_ACC_GYRO_R_TIM_PEDO_FIFO_Write_En	8	static
LSM6DS3.c:857:11:LSM6DS3_ACC_GYRO_W_TIM_PEDO_FIFO_En	24	static
LSM6DS3.c:880:10:LSM6DS3_ACC_GYRO_R_TIM_PEDO_FIFO_En	8	static
LSM6DS3.c:896:11:LSM6DS3_ACC_GYRO_W_DEC_FIFO_XL	24	static
LSM6DS3.c:919:11:LSM6DS3_ACC_GYRO_W_DEC_FIFO_XL_val	8	static
LSM6DS3.c:969:10:LSM6DS3_ACC_GYRO_R_DEC_FIFO_XL	8	static
LSM6DS3.c:986:11:LSM6DS3_ACC_GYRO_W_DEC_FIFO_G	24	static
LSM6DS3.c:1009:11:LSM6DS3_ACC_GYRO_W_DEC_FIFO_G_val	8	static
LSM6DS3.c:1059:10:LSM6DS3_ACC_GYRO_R_DEC_FIFO_G	8	static
LSM6DS3.c:1076:11:LSM6DS3_ACC_GYRO_W_DEC_FIFO_SLV0	24	static
LSM6DS3.c:1099:10:LSM6DS3_ACC_GYRO_R_DEC_FIFO_SLV0	8	static
LSM6DS3.c:1116:11:LSM6DS3_ACC_GYRO_W_DEC_FIFO_SLV1	24	static
LSM6DS3.c:1139:10:LSM6DS3_ACC_GYRO_R_DEC_FIFO_SLV1	8	static
LSM6DS3.c:1156:11:LSM6DS3_ACC_GYRO_W_HI_DATA_ONLY	24	static
LSM6DS3.c:1179:10:LSM6DS3_ACC_GYRO_R_HI_DATA_ONLY	8	static
LSM6DS3.c:1196:11:LSM6DS3_ACC_GYRO_W_FIFO_MODE	24	static
LSM6DS3.c:1219:10:LSM6DS3_ACC_GYRO_R_FIFO_MODE	8	static
LSM6DS3.c:1236:11:LSM6DS3_ACC_GYRO_W_ODR_FIFO	24	static
LSM6DS3.c:1259:10:LSM6DS3_ACC_GYRO_R_ODR_FIFO	8	static
LSM6DS3.c:1276:11:LSM6DS3_ACC_GYRO_W_Orientation	24	static
LSM6DS3.c:1299:10:LSM6DS3_ACC_GYRO_R_Orientation	8	static
LSM6DS3.c:1316:11:LSM6DS3_ACC_GYRO_W_SignZ_G	24	static
LSM6DS3.c:1339:10:LSM6DS3_ACC_GYRO_R_SignZ_G	8	static
LSM6DS3.c:1356:11:LSM6DS3_ACC_GYRO_W_SignY_G	24	static
LSM6DS3.c:1379:10:LSM6DS3_ACC_GYRO_R_SignY_G	8	static
LSM6DS3.c:1396:11:LSM6DS3_ACC_GYRO_W_SignX_G	24	static
LSM6DS3.c:1419:10:LSM6DS3_ACC_GYRO_R_SignX_G	8	static
LSM6DS3.c:1436:11:LSM6DS3_ACC_GYRO_W_DRDY_XL_on_INT1	24	static
LSM6DS3.c:1459:10:LSM6DS3_ACC_GYRO_R_DRDY_XL_on_INT1	8	static
LSM6DS3.c:1476:11:LSM6DS3_ACC_GYRO_W_DRDY_G_on_INT1	24	static
LSM6DS3.c:1499:10:LSM6DS3_ACC_GYRO_R_DRDY_G_on_INT1	8	static
LSM6DS3.c:1516:11:LSM6DS3_ACC_GYRO_W_BOOT_on_INT1	24	static
LSM6DS3.c:1539:10:LSM6DS3_ACC_GYRO_R_BOOT_on_INT1	8	static
LSM6DS3.c:1556:11:LSM6DS3_ACC_GYRO_W_FIFO_TSHLD_on_INT1	24	static
LSM6DS3.c:1579:10:LSM6DS3_ACC_GYRO_R_FIFO_TSHLD_on_INT1	8	static
LSM6DS3.c:1596:11:LSM6DS3_ACC_GYRO_W_OVERRUN_on_INT1	24	static
LSM6DS3.c:1619:10:LSM6DS3_ACC_GYRO_R_OVERRUN_on_INT1	8	static
LSM6DS3.c:1636:11:LSM6DS3_ACC_GYRO_W_FSS5_on_INT1	24	static
LSM6DS3.c:1659:10:LSM6DS3_ACC_GYRO_R_FSS5_on_INT1	8	static
LSM6DS3.c:1676:11:LSM6DS3_ACC_GYRO_W_SIGN_MOT_on_INT1	24	static
LSM6DS3.c:1699:10:LSM6DS3_ACC_GYRO_R_SIGN_MOT_on_INT1	8	static
LSM6DS3.c:1716:11:LSM6DS3_ACC_GYRO_W_PEDO_STEP_on_INT1	24	static
LSM6DS3.c:1739:10:LSM6DS3_ACC_GYRO_R_PEDO_STEP_on_INT1	8	static
LSM6DS3.c:1756:11:LSM6DS3_ACC_GYRO_W_DRDY_XL_on_INT2	24	static
LSM6DS3.c:1779:10:LSM6DS3_ACC_GYRO_R_DRDY_XL_on_INT2	8	static
LSM6DS3.c:1796:11:LSM6DS3_ACC_GYRO_W_DRDY_G_on_INT2	24	static
LSM6DS3.c:1819:10:LSM6DS3_ACC_GYRO_R_DRDY_G_on_INT2	8	static
LSM6DS3.c:1836:11:LSM6DS3_ACC_GYRO_W_DRDY_TEMP_on_INT2	24	static
LSM6DS3.c:1859:10:LSM6DS3_ACC_GYRO_R_DRDY_TEMP_on_INT2	8	static
LSM6DS3.c:1876:11:LSM6DS3_ACC_GYRO_W_FIFO_TSHLD_on_INT2	24	static
LSM6DS3.c:1899:10:LSM6DS3_ACC_GYRO_R_FIFO_TSHLD_on_INT2	8	static
LSM6DS3.c:1916:11:LSM6DS3_ACC_GYRO_W_OVERRUN_on_INT2	24	static
LSM6DS3.c:1939:10:LSM6DS3_ACC_GYRO_R_OVERRUN_on_INT2	8	static
LSM6DS3.c:1956:11:LSM6DS3_ACC_GYRO_W_FSS5_on_INT2	24	static
LSM6DS3.c:1979:10:LSM6DS3_ACC_GYRO_R_FSS5_on_INT2	8	static
LSM6DS3.c:1996:11:LSM6DS3_ACC_GYRO_W_SIGN_MOT_on_INT2	24	static
LSM6DS3.c:2019:10:LSM6DS3_ACC_GYRO_R_SIGN_MOT_on_INT2	8	static
LSM6DS3.c:2036:11:LSM6DS3_ACC_GYRO_W_PEDO_STEP_on_INT2	24	static
LSM6DS3.c:2059:10:LSM6DS3_ACC_GYRO_R_PEDO_STEP_on_INT2	8	static
LSM6DS3.c:2076:11:LSM6DS3_ACC_GYRO_W_SW_RESET	24	static
LSM6DS3.c:2099:10:LSM6DS3_ACC_GYRO_R_SW_RESET	8	static
LSM6DS3.c:2116:11:LSM6DS3_ACC_GYRO_W_BLE	24	static
LSM6DS3.c:2139:10:LSM6DS3_ACC_GYRO_R_BLE	8	static
LSM6DS3.c:2156:11:LSM6DS3_ACC_GYRO_W_IF_Addr_Incr	24	static
LSM6DS3.c:2179:10:LSM6DS3_ACC_GYRO_R_IF_Addr_Incr	8	static
LSM6DS3.c:2196:11:LSM6DS3_ACC_GYRO_W_SPI_Mode	24	static
LSM6DS3.c:2219:10:LSM6DS3_ACC_GYRO_R_SPI_Mode	8	static
LSM6DS3.c:2236:11:LSM6DS3_ACC_GYRO_W_PadSel	24	static
LSM6DS3.c:2259:10:LSM6DS3_ACC_GYRO_R_PadSel	8	static
LSM6DS3.c:2276:11:LSM6DS3_ACC_GYRO_W_INT_ACT_LEVEL	24	static
LSM6DS3.c:2299:10:LSM6DS3_ACC_GYRO_R_INT_ACT_LEVEL	8	static
LSM6DS3.c:2316:11:LSM6DS3_ACC_GYRO_W_BOOT	24	static
LSM6DS3.c:2339:10:LSM6DS3_ACC_GYRO_R_BOOT	8	static
LSM6DS3.c:2356:11:LSM6DS3_ACC_GYRO_W_STOP_ON_FTH	24	static
LSM6DS3.c:2379:10:LSM6DS3_ACC_GYRO_R_STOP_ON_FTH	8	static
LSM6DS3.c:2396:11:LSM6DS3_ACC_GYRO_W_MODE3_Enable	24	static
LSM6DS3.c:2419:10:LSM6DS3_ACC_GYRO_R_MODE3_Enable	8	static
LSM6DS3.c:2436:11:LSM6DS3_ACC_GYRO_W_I2C_DISABLE	24	static
LSM6DS3.c:2459:10:LSM6DS3_ACC_GYRO_R_I2C_DISABLE	8	static
LSM6DS3.c:2476:11:LSM6DS3_ACC_GYRO_W_DRDY_MSK	24	static
LSM6DS3.c:2499:10:LSM6DS3_ACC_GYRO_R_DRDY_MSK	8	static
LSM6DS3.c:2516:11:LSM6DS3_ACC_GYRO_W_FIFO_TEMP_EN	24	static
LSM6DS3.c:2539:10:LSM6DS3_ACC_GYRO_R_FIFO_TEMP_EN	8	static
LSM6DS3.c:2556:11:LSM6DS3_ACC_GYRO_W_INT2_ON_INT1	24	static
LSM6DS3.c:2579:10:LSM6DS3_ACC_GYRO_R_INT2_ON_INT1	8	static
LSM6DS3.c:2596:11:LSM6DS3_ACC_GYRO_W_SleepMode_G	24	static
LSM6DS3.c:2619:10:LSM6DS3_ACC_GYRO_R_SleepMode_G	8	static
LSM6DS3.c:2636:11:LSM6DS3_ACC_GYRO_W_BW_Fixed_By_ODR	24	static
LSM6DS3.c:2659:10:LSM6DS3_ACC_GYRO_R_BW_Fixed_By_ODR	8	static
LSM6DS3.c:2676:11:LSM6DS3_ACC_GYRO_W_SelfTest_XL	24	static
LSM6DS3.c:2699:10:LSM6DS3_ACC_GYRO_R_SelfTest_XL	8	static
LSM6DS3.c:2716:11:LSM6DS3_ACC_GYRO_W_SelfTest_G	24	static
LSM6DS3.c:2739:10:LSM6DS3_ACC_GYRO_R_SelfTest_G	8	static
LSM6DS3.c:2756:11:LSM6DS3_ACC_GYRO_W_CircularBurstMode	24	static
LSM6DS3.c:2780:10:LSM6DS3_ACC_GYRO_R_CircularBurstMode	8	static
LSM6DS3.c:2797:11:LSM6DS3_ACC_GYRO_W_LowPower_XL	24	static
LSM6DS3.c:2820:10:LSM6DS3_ACC_GYRO_R_LowPower_XL	8	static
LSM6DS3.c:2837:11:LSM6DS3_ACC_GYRO_W_DEN_LVL2_EN	24	static
LSM6DS3.c:2860:10:LSM6DS3_ACC_GYRO_R_DEN_LVL2_EN	8	static
LSM6DS3.c:2877:11:LSM6DS3_ACC_GYRO_W_DEN_LVL_EN	24	static
LSM6DS3.c:2900:10:LSM6DS3_ACC_GYRO_R_DEN_LVL_EN	8	static
LSM6DS3.c:2917:11:LSM6DS3_ACC_GYRO_W_DEN_EDGE_EN	24	static
LSM6DS3.c:2940:10:LSM6DS3_ACC_GYRO_R_DEN_EDGE_EN	8	static
LSM6DS3.c:2957:11:LSM6DS3_ACC_GYRO_W_HPCF_G	24	static
LSM6DS3.c:2980:10:LSM6DS3_ACC_GYRO_R_HPCF_G	8	static
LSM6DS3.c:2997:11:LSM6DS3_ACC_GYRO_W_HPFilter_En	24	static
LSM6DS3.c:3020:10:LSM6DS3_ACC_GYRO_R_HPFilter_En	8	static
LSM6DS3.c:3037:11:LSM6DS3_ACC_GYRO_W_LP_Mode	24	static
LSM6DS3.c:3060:10:LSM6DS3_ACC_GYRO_R_LP_Mode	8	static
LSM6DS3.c:3077:11:LSM6DS3_ACC_GYRO_W_ROUNDING_STATUS	24	static
LSM6DS3.c:3100:10:LSM6DS3_ACC_GYRO_R_ROUNDING_STATUS	8	static
LSM6DS3.c:3117:11:LSM6DS3_ACC_GYRO_W_HP_G_RST	24	static
LSM6DS3.c:3140:10:LSM6DS3_ACC_GYRO_R_HP_G_RST	8	static
LSM6DS3.c:3157:11:LSM6DS3_ACC_GYRO_W_LPF2_XL	24	static
LSM6DS3.c:3180:10:LSM6DS3_ACC_GYRO_R_LPF2_XL	8	static
LSM6DS3.c:3197:11:LSM6DS3_ACC_GYRO_W_HPCF_XL	24	static
LSM6DS3.c:3220:10:LSM6DS3_ACC_GYRO_R_HPCF_XL	8	static
LSM6DS3.c:3237:11:LSM6DS3_ACC_GYRO_W_LOW_PASS_ON_6D	24	static
LSM6DS3.c:3260:10:LSM6DS3_ACC_GYRO_R_LOW_PASS_ON_6D	8	static
LSM6DS3.c:3277:11:LSM6DS3_ACC_GYRO_W_HP_SLOPE_XL	24	static
LSM6DS3.c:3300:10:LSM6DS3_ACC_GYRO_R_HP_SLOPE_XL	8	static
LSM6DS3.c:3317:11:LSM6DS3_ACC_GYRO_W_XEN_XL	24	static
LSM6DS3.c:3340:10:LSM6DS3_ACC_GYRO_R_XEN_XL	8	static
LSM6DS3.c:3356:11:LSM6DS3_ACC_GYRO_W_YEN_XL	24	static
LSM6DS3.c:3379:10:LSM6DS3_ACC_GYRO_R_YEN_XL	8	static
LSM6DS3.c:3396:11:LSM6DS3_ACC_GYRO_W_ZEN_XL	24	static
LSM6DS3.c:3419:10:LSM6DS3_ACC_GYRO_R_ZEN_XL	8	static
LSM6DS3.c:3436:11:LSM6DS3_ACC_GYRO_W_SOFT	24	static
LSM6DS3.c:3459:10:LSM6DS3_ACC_GYRO_R_SOFT	8	static
LSM6DS3.c:3476:11:LSM6DS3_ACC_GYRO_W_SignifcantMotion	24	static
LSM6DS3.c:3499:10:LSM6DS3_ACC_GYRO_R_SignifcantMotion	8	static
LSM6DS3.c:3516:11:LSM6DS3_ACC_GYRO_W_PedoStepReset	24	static
LSM6DS3.c:3539:10:LSM6DS3_ACC_GYRO_R_PedoStepReset	8	static
LSM6DS3.c:3556:11:LSM6DS3_ACC_GYRO_W_XEN_G	24	static
LSM6DS3.c:3579:10:LSM6DS3_ACC_GYRO_R_XEN_G	8	static
LSM6DS3.c:3596:11:LSM6DS3_ACC_GYRO_W_YEN_G	24	static
LSM6DS3.c:3619:10:LSM6DS3_ACC_GYRO_R_YEN_G	8	static
LSM6DS3.c:3636:11:LSM6DS3_ACC_GYRO_W_ZEN_G	24	static
LSM6DS3.c:3659:10:LSM6DS3_ACC_GYRO_R_ZEN_G	8	static
LSM6DS3.c:3676:11:LSM6DS3_ACC_GYRO_W_FUNC_EN	24	static
LSM6DS3.c:3699:10:LSM6DS3_ACC_GYRO_R_FUNC_EN	8	static
LSM6DS3.c:3716:11:LSM6DS3_ACC_GYRO_W_I2C_MASTER_Enable	24	static
LSM6DS3.c:3739:10:LSM6DS3_ACC_GYRO_R_I2C_MASTER_Enable	8	static
LSM6DS3.c:3756:11:LSM6DS3_ACC_GYRO_W_IronCorrection_EN	24	static
LSM6DS3.c:3779:10:LSM6DS3_ACC_GYRO_R_IronCorrection_EN	8	static
LSM6DS3.c:3796:11:LSM6DS3_ACC_GYRO_W_PASS_THRU_MODE	24	static
LSM6DS3.c:3819:10:LSM6DS3_ACC_GYRO_R_PASS_THRU_MODE	8	static
LSM6DS3.c:3836:11:LSM6DS3_ACC_GYRO_W_PULL_UP_EN	24	static
LSM6DS3.c:3859:10:LSM6DS3_ACC_GYRO_R_PULL_UP_EN	8	static
LSM6DS3.c:3876:11:LSM6DS3_ACC_GYRO_W_SensorHUB_Trigger_Sel	24	static
LSM6DS3.c:3899:10:LSM6DS3_ACC_GYRO_R_SensorHUB_Trigger_Sel	8	static
LSM6DS3.c:3916:11:LSM6DS3_ACC_GYRO_W_DATA_VAL_SEL_FIFO	24	static
LSM6DS3.c:3939:10:LSM6DS3_ACC_GYRO_R_DATA_VAL_SEL_FIFO	8	static
LSM6DS3.c:3956:11:LSM6DS3_ACC_GYRO_W_DRDY_ON_INT1	24	static
LSM6DS3.c:3979:10:LSM6DS3_ACC_GYRO_R_DRDY_ON_INT1	8	static
LSM6DS3.c:3996:10:LSM6DS3_ACC_GYRO_R_Z_WU	8	static
LSM6DS3.c:4013:10:LSM6DS3_ACC_GYRO_R_Y_WU	8	static
LSM6DS3.c:4030:10:LSM6DS3_ACC_GYRO_R_X_WU	8	static
LSM6DS3.c:4047:10:LSM6DS3_ACC_GYRO_R_WU_EV_STATUS	8	static
LSM6DS3.c:4064:10:LSM6DS3_ACC_GYRO_R_SLEEP_EV_STATUS	8	static
LSM6DS3.c:4081:10:LSM6DS3_ACC_GYRO_R_FF_EV_STATUS	8	static
LSM6DS3.c:4098:10:LSM6DS3_ACC_GYRO_R_Z_TAP	8	static
LSM6DS3.c:4115:10:LSM6DS3_ACC_GYRO_R_Y_TAP	8	static
LSM6DS3.c:4132:10:LSM6DS3_ACC_GYRO_R_X_TAP	8	static
LSM6DS3.c:4149:10:LSM6DS3_ACC_GYRO_R_TAP_SIGN	8	static
LSM6DS3.c:4166:10:LSM6DS3_ACC_GYRO_R_DOUBLE_TAP_EV_STATUS	8	static
LSM6DS3.c:4183:10:LSM6DS3_ACC_GYRO_R_SINGLE_TAP_EV_STATUS	8	static
LSM6DS3.c:4200:10:LSM6DS3_ACC_GYRO_R_TAP_EV_STATUS	8	static
LSM6DS3.c:4217:10:LSM6DS3_ACC_GYRO_R_DSD_XL	8	static
LSM6DS3.c:4234:10:LSM6DS3_ACC_GYRO_R_DSD_XH	8	static
LSM6DS3.c:4251:10:LSM6DS3_ACC_GYRO_R_DSD_YL	8	static
LSM6DS3.c:4268:10:LSM6DS3_ACC_GYRO_R_DSD_YH	8	static
LSM6DS3.c:4285:10:LSM6DS3_ACC_GYRO_R_DSD_ZL	8	static
LSM6DS3.c:4302:10:LSM6DS3_ACC_GYRO_R_DSD_ZH	8	static
LSM6DS3.c:4319:10:LSM6DS3_ACC_GYRO_R_D6D_EV_STATUS	8	static
LSM6DS3.c:4336:10:LSM6DS3_ACC_GYRO_R_XLDA	8	static
LSM6DS3.c:4353:10:LSM6DS3_ACC_GYRO_R_GDA	8	static
LSM6DS3.c:4370:10:LSM6DS3_ACC_GYRO_R_TDA	8	static
LSM6DS3.c:4387:10:LSM6DS3_ACC_GYRO_R_EV_BOOT	8	static
LSM6DS3.c:4404:10:LSM6DS3_ACC_GYRO_R_FIFONumOfEntries	24	static
LSM6DS3.c:4434:10:LSM6DS3_ACC_GYRO_R_FIFOEmpty	8	static
LSM6DS3.c:4451:10:LSM6DS3_ACC_GYRO_R_FIFOFull	8	static
LSM6DS3.c:4468:10:LSM6DS3_ACC_GYRO_R_OVERRUN	8	static
LSM6DS3.c:4485:10:LSM6DS3_ACC_GYRO_R_WaterMark	8	static
LSM6DS3.c:4502:10:LSM6DS3_ACC_GYRO_R_FIFOPattern	24	static
LSM6DS3.c:4532:10:LSM6DS3_ACC_GYRO_R_SENS_HUB_END	8	static
LSM6DS3.c:4549:10:LSM6DS3_ACC_GYRO_R_SOFT_IRON_END	8	static
LSM6DS3.c:4566:10:LSM6DS3_ACC_GYRO_R_STEP_OVERFLOW	8	static
LSM6DS3.c:4583:10:LSM6DS3_ACC_GYRO_R_STEP_COUNT_DELTA	8	static
LSM6DS3.c:4600:10:LSM6DS3_ACC_GYRO_R_PEDO_EV_STATUS	8	static
LSM6DS3.c:4617:10:LSM6DS3_ACC_GYRO_R_TILT_EV_STATUS	8	static
LSM6DS3.c:4634:10:LSM6DS3_ACC_GYRO_R_SIGN_MOT_EV_STATUS	8	static
LSM6DS3.c:4651:11:LSM6DS3_ACC_GYRO_W_LIR	24	static
LSM6DS3.c:4674:10:LSM6DS3_ACC_GYRO_R_LIR	8	static
LSM6DS3.c:4691:11:LSM6DS3_ACC_GYRO_W_TAP_Z_EN	24	static
LSM6DS3.c:4714:10:LSM6DS3_ACC_GYRO_R_TAP_Z_EN	8	static
LSM6DS3.c:4731:11:LSM6DS3_ACC_GYRO_W_TAP_Y_EN	24	static
LSM6DS3.c:4754:10:LSM6DS3_ACC_GYRO_R_TAP_Y_EN	8	static
LSM6DS3.c:4771:11:LSM6DS3_ACC_GYRO_W_TAP_X_EN	24	static
LSM6DS3.c:4794:10:LSM6DS3_ACC_GYRO_R_TAP_X_EN	8	static
LSM6DS3.c:4811:11:LSM6DS3_ACC_GYRO_W_TILT_EN	24	static
LSM6DS3.c:4834:10:LSM6DS3_ACC_GYRO_R_TILT_EN	8	static
LSM6DS3.c:4851:11:LSM6DS3_ACC_GYRO_W_SLOPE_FDS	24	static
LSM6DS3.c:4874:10:LSM6DS3_ACC_GYRO_R_SLOPE_FDS	8	static
LSM6DS3.c:4891:11:LSM6DS3_ACC_GYRO_W_PEDO_EN	24	static
LSM6DS3.c:4914:10:LSM6DS3_ACC_GYRO_R_PEDO_EN	8	static
LSM6DS3.c:4931:11:LSM6DS3_ACC_GYRO_W_TIMER_EN	24	static
LSM6DS3.c:4954:10:LSM6DS3_ACC_GYRO_R_TIMER_EN	8	static
LSM6DS3.c:4971:11:LSM6DS3_ACC_GYRO_W_TAP_THS	24	static
LSM6DS3.c:4997:10:LSM6DS3_ACC_GYRO_R_TAP_THS	8	static
LSM6DS3.c:5015:11:LSM6DS3_ACC_GYRO_W_SIXD_THS	24	static
LSM6DS3.c:5038:10:LSM6DS3_ACC_GYRO_R_SIXD_THS	8	static
LSM6DS3.c:5055:11:LSM6DS3_ACC_GYRO_W_D4D	24	static
LSM6DS3.c:5078:10:LSM6DS3_ACC_GYRO_R_D4D	8	static
LSM6DS3.c:5095:11:LSM6DS3_ACC_GYRO_W_SHOCK_Duration	24	static
LSM6DS3.c:5121:10:LSM6DS3_ACC_GYRO_R_SHOCK_Duration	8	static
LSM6DS3.c:5139:11:LSM6DS3_ACC_GYRO_W_QUIET_Duration	24	static
LSM6DS3.c:5165:10:LSM6DS3_ACC_GYRO_R_QUIET_Duration	8	static
LSM6DS3.c:5183:11:LSM6DS3_ACC_GYRO_W_DUR	24	static
LSM6DS3.c:5209:10:LSM6DS3_ACC_GYRO_R_DUR	8	static
LSM6DS3.c:5227:11:LSM6DS3_ACC_GYRO_W_WK_THS	24	static
LSM6DS3.c:5253:10:LSM6DS3_ACC_GYRO_R_WK_THS	8	static
LSM6DS3.c:5271:11:LSM6DS3_ACC_GYRO_W_INACTIVITY_ON	24	static
LSM6DS3.c:5294:10:LSM6DS3_ACC_GYRO_R_INACTIVITY_ON	8	static
LSM6DS3.c:5311:11:LSM6DS3_ACC_GYRO_W_SINGLE_DOUBLE_TAP_EV	24	static
LSM6DS3.c:5334:10:LSM6DS3_ACC_GYRO_R_SINGLE_DOUBLE_TAP_EV	8	static
LSM6DS3.c:5351:11:LSM6DS3_ACC_GYRO_W_SLEEP_DUR	24	static
LSM6DS3.c:5377:10:LSM6DS3_ACC_GYRO_R_SLEEP_DUR	8	static
LSM6DS3.c:5395:11:LSM6DS3_ACC_GYRO_W_TIMER_HR	24	static
LSM6DS3.c:5418:10:LSM6DS3_ACC_GYRO_R_TIMER_HR	8	static
LSM6DS3.c:5435:11:LSM6DS3_ACC_GYRO_W_WAKE_DUR	24	static
LSM6DS3.c:5461:10:LSM6DS3_ACC_GYRO_R_WAKE_DUR	8	static
LSM6DS3.c:5479:11:LSM6DS3_ACC_GYRO_W_FF_THS	24	static
LSM6DS3.c:5502:10:LSM6DS3_ACC_GYRO_R_FF_THS	8	static
LSM6DS3.c:5519:11:LSM6DS3_ACC_GYRO_W_FF_Duration	24	static
LSM6DS3.c:5563:10:LSM6DS3_ACC_GYRO_R_FF_Duration	24	static
LSM6DS3.c:5593:11:LSM6DS3_ACC_GYRO_W_TimerEvRouteInt1	24	static
LSM6DS3.c:5616:10:LSM6DS3_ACC_GYRO_R_TimerEvRouteInt1	8	static
LSM6DS3.c:5633:11:LSM6DS3_ACC_GYRO_W_TiltEvOnInt1	24	static
LSM6DS3.c:5656:10:LSM6DS3_ACC_GYRO_R_TiltEvOnInt1	8	static
LSM6DS3.c:5673:11:LSM6DS3_ACC_GYRO_W_6DEvOnInt1	24	static
LSM6DS3.c:5696:10:LSM6DS3_ACC_GYRO_R_6DEvOnInt1	8	static
LSM6DS3.c:5713:11:LSM6DS3_ACC_GYRO_W_TapEvOnInt1	24	static
LSM6DS3.c:5736:10:LSM6DS3_ACC_GYRO_R_TapEvOnInt1	8	static
LSM6DS3.c:5753:11:LSM6DS3_ACC_GYRO_W_FFEvOnInt1	24	static
LSM6DS3.c:5776:10:LSM6DS3_ACC_GYRO_R_FFEvOnInt1	8	static
LSM6DS3.c:5793:11:LSM6DS3_ACC_GYRO_W_WUEvOnInt1	24	static
LSM6DS3.c:5816:10:LSM6DS3_ACC_GYRO_R_WUEvOnInt1	8	static
LSM6DS3.c:5833:11:LSM6DS3_ACC_GYRO_W_SingleTapOnInt1	24	static
LSM6DS3.c:5856:10:LSM6DS3_ACC_GYRO_R_SingleTapOnInt1	8	static
LSM6DS3.c:5873:11:LSM6DS3_ACC_GYRO_W_SleepEvOnInt1	24	static
LSM6DS3.c:5896:10:LSM6DS3_ACC_GYRO_R_SleepEvOnInt1	8	static
LSM6DS3.c:5913:11:LSM6DS3_ACC_GYRO_W_TimerEvRouteInt2	24	static
LSM6DS3.c:5936:10:LSM6DS3_ACC_GYRO_R_TimerEvRouteInt2	8	static
LSM6DS3.c:5953:11:LSM6DS3_ACC_GYRO_W_TiltEvOnInt2	24	static
LSM6DS3.c:5976:10:LSM6DS3_ACC_GYRO_R_TiltEvOnInt2	8	static
LSM6DS3.c:5993:11:LSM6DS3_ACC_GYRO_W_6DEvOnInt2	24	static
LSM6DS3.c:6016:10:LSM6DS3_ACC_GYRO_R_6DEvOnInt2	8	static
LSM6DS3.c:6032:11:LSM6DS3_ACC_GYRO_W_TapEvOnInt2	24	static
LSM6DS3.c:6055:10:LSM6DS3_ACC_GYRO_R_TapEvOnInt2	8	static
LSM6DS3.c:6072:11:LSM6DS3_ACC_GYRO_W_FFEvOnInt2	24	static
LSM6DS3.c:6095:10:LSM6DS3_ACC_GYRO_R_FFEvOnInt2	8	static
LSM6DS3.c:6112:11:LSM6DS3_ACC_GYRO_W_WUEvOnInt2	24	static
LSM6DS3.c:6135:10:LSM6DS3_ACC_GYRO_R_WUEvOnInt2	8	static
LSM6DS3.c:6152:11:LSM6DS3_ACC_GYRO_W_SingleTapOnInt2	24	static
LSM6DS3.c:6175:10:LSM6DS3_ACC_GYRO_R_SingleTapOnInt2	8	static
LSM6DS3.c:6192:11:LSM6DS3_ACC_GYRO_W_SleepEvOnInt2	24	static
LSM6DS3.c:6215:10:LSM6DS3_ACC_GYRO_R_SleepEvOnInt2	8	static
LSM6DS3.c:6232:10:LSM6DS3_ACC_GYRO_Get_GetFIFOData	16	static
LSM6DS3.c:189:10:LSM6DS3_ACC_Get_Acceleration	40	static
LSM6DS3.c:513:10:LSM6DS3_ACC_Get_AngularRate	40	static
LSM6DS3.c:6260:10:LSM6DS3_ACC_GYRO_Get_GetTimestamp	16	static
LSM6DS3.c:6288:10:LSM6DS3_ACC_GYRO_Get_GetStepCounter	16	static
LSM6DS3.c:6316:11:LSM6DS3_ACC_GYRO_W_PedoThreshold	24	static
LSM6DS3.c:6346:10:LSM6DS3_ACC_GYRO_SH_init_SI_Matrix	16	static
LSM6DS3.c:6361:10:LSM6DS3_ACC_GYRO_SH0_Program	32	static
LSM6DS3.c:6390:10:LSM6DS3_ACC_GYRO_SH0_ReadMem	40	static
LSM6DS3.c:6417:10:LSM6DS3_ACC_GYRO_SH0_WriteByte	32	static
